Archive member included because of file (symbol)

/usr/local/bin/../lib/gcc/arm-none-eabi/4.4.1/thumb2/libgcc.a(_arm_addsubdf3.o)
                              build//Users/marcus/Dropbox/Studienarbeit/Sourcecode/StudienarbeitX/Library/libmaple/wirish/Print.o (__aeabi_dsub)
/usr/local/bin/../lib/gcc/arm-none-eabi/4.4.1/thumb2/libgcc.a(_arm_muldivdf3.o)
                              build//Users/marcus/Dropbox/Studienarbeit/Sourcecode/StudienarbeitX/Library/libmaple/wirish/Print.o (__aeabi_dmul)
/usr/local/bin/../lib/gcc/arm-none-eabi/4.4.1/thumb2/libgcc.a(_arm_cmpdf2.o)
                              build//Users/marcus/Dropbox/Studienarbeit/Sourcecode/StudienarbeitX/Library/libmaple/wirish/Print.o (__aeabi_dcmplt)
/usr/local/bin/../lib/gcc/arm-none-eabi/4.4.1/thumb2/libgcc.a(_arm_fixdfsi.o)
                              build//Users/marcus/Dropbox/Studienarbeit/Sourcecode/StudienarbeitX/Library/libmaple/wirish/Print.o (__aeabi_d2iz)
/usr/local/bin/../lib/gcc/arm-none-eabi/4.4.1/thumb2/libgcc.a(_arm_muldivsf3.o)
                              build//Users/marcus/Dropbox/Studienarbeit/Sourcecode/StudienarbeitX/Library/WiFlySerial/WiFlySerial.o (__aeabi_fmul)
/usr/local/bin/../lib/gcc/arm-none-eabi/4.4.1/thumb2/libgcc.a(_arm_fixsfsi.o)
                              build//Users/marcus/Dropbox/Studienarbeit/Sourcecode/StudienarbeitX/Library/WiFlySerial/WiFlySerial.o (__aeabi_f2iz)
/usr/local/bin/../lib/gcc/arm-none-eabi/4.4.1/thumb2/libgcc.a(_aeabi_uldivmod.o)
                              build//Users/marcus/Dropbox/Studienarbeit/Sourcecode/StudienarbeitX/Library/libmaple/wirish/Print.o (__aeabi_uldivmod)
/usr/local/bin/../lib/gcc/arm-none-eabi/4.4.1/thumb2/libgcc.a(_fixdfdi.o)
                              build//Users/marcus/Dropbox/Studienarbeit/Sourcecode/StudienarbeitX/Library/libmaple/wirish/Print.o (__aeabi_d2lz)
/usr/local/bin/../lib/gcc/arm-none-eabi/4.4.1/thumb2/libgcc.a(_fixunsdfdi.o)
                              /usr/local/bin/../lib/gcc/arm-none-eabi/4.4.1/thumb2/libgcc.a(_fixdfdi.o) (__aeabi_d2ulz)
/usr/local/bin/../lib/gcc/arm-none-eabi/4.4.1/thumb2/libgcc.a(bpabi.o)
                              /usr/local/bin/../lib/gcc/arm-none-eabi/4.4.1/thumb2/libgcc.a(_aeabi_uldivmod.o) (__gnu_uldivmod_helper)
/usr/local/bin/../lib/gcc/arm-none-eabi/4.4.1/thumb2/libgcc.a(_dvmd_tls.o)
                              /usr/local/bin/../lib/gcc/arm-none-eabi/4.4.1/thumb2/libgcc.a(_aeabi_uldivmod.o) (__aeabi_ldiv0)
/usr/local/bin/../lib/gcc/arm-none-eabi/4.4.1/thumb2/libgcc.a(_arm_fixunsdfsi.o)
                              /usr/local/bin/../lib/gcc/arm-none-eabi/4.4.1/thumb2/libgcc.a(_fixunsdfdi.o) (__aeabi_d2uiz)
/usr/local/bin/../lib/gcc/arm-none-eabi/4.4.1/thumb2/libgcc.a(_divdi3.o)
                              /usr/local/bin/../lib/gcc/arm-none-eabi/4.4.1/thumb2/libgcc.a(bpabi.o) (__divdi3)
/usr/local/bin/../lib/gcc/arm-none-eabi/4.4.1/thumb2/libgcc.a(_udivdi3.o)
                              /usr/local/bin/../lib/gcc/arm-none-eabi/4.4.1/thumb2/libgcc.a(bpabi.o) (__udivdi3)
/usr/local/bin/../lib/gcc/arm-none-eabi/4.4.1/thumb2/libgcc.a(_udivsi3.o)
                              /usr/local/bin/../lib/gcc/arm-none-eabi/4.4.1/thumb2/libgcc.a(_divdi3.o) (__aeabi_uidiv)
/usr/local/bin/../lib/gcc/arm-none-eabi/4.4.1/../../../../arm-none-eabi/lib/thumb2/libc.a(lib_a-atol.o)
                              build//Users/marcus/Dropbox/Studienarbeit/Sourcecode/StudienarbeitX/Library/TinyWebServer/TinyWebServer.o (atol)
/usr/local/bin/../lib/gcc/arm-none-eabi/4.4.1/../../../../arm-none-eabi/lib/thumb2/libc.a(lib_a-errno.o)
                              build//Users/marcus/Dropbox/Studienarbeit/Sourcecode/StudienarbeitX/Library/libmaple/wirish/syscalls.o (__errno)
/usr/local/bin/../lib/gcc/arm-none-eabi/4.4.1/../../../../arm-none-eabi/lib/thumb2/libc.a(lib_a-impure.o)
                              /usr/local/bin/../lib/gcc/arm-none-eabi/4.4.1/../../../../arm-none-eabi/lib/thumb2/libc.a(lib_a-errno.o) (_impure_ptr)
/usr/local/bin/../lib/gcc/arm-none-eabi/4.4.1/../../../../arm-none-eabi/lib/thumb2/libc.a(lib_a-init.o)
                              build//Users/marcus/Dropbox/Studienarbeit/Sourcecode/StudienarbeitX/Library/libmaple/wirish/start_c.o (__libc_init_array)
/usr/local/bin/../lib/gcc/arm-none-eabi/4.4.1/../../../../arm-none-eabi/lib/thumb2/libc.a(lib_a-isalnum.o)
                              build//Users/marcus/Dropbox/Studienarbeit/Sourcecode/StudienarbeitX/Library/TinyWebServer/TinyWebServer.o (isalnum)
/usr/local/bin/../lib/gcc/arm-none-eabi/4.4.1/../../../../arm-none-eabi/lib/thumb2/libc.a(lib_a-isspace.o)
                              build//Users/marcus/Dropbox/Studienarbeit/Sourcecode/StudienarbeitX/Library/TinyWebServer/TinyWebServer.o (isspace)
/usr/local/bin/../lib/gcc/arm-none-eabi/4.4.1/../../../../arm-none-eabi/lib/thumb2/libc.a(lib_a-malloc.o)
                              build//Users/marcus/Dropbox/Studienarbeit/Sourcecode/StudienarbeitX/Library/TinyWebServer/TinyWebServer.o (free)
[...]
Memory Configuration

Name             Origin             Length             Attributes
ram              0x20000c00         0x00004400         xrw
rom              0x08005000         0x0001b000         xr
*default*        0x00000000         0xffffffff

Linker script and memory map

LOAD /usr/local/bin/../lib/gcc/arm-none-eabi/4.4.1/thumb2/crti.o
LOAD /usr/local/bin/../lib/gcc/arm-none-eabi/4.4.1/thumb2/crtbegin.o
START GROUP
LOAD /usr/local/bin/../lib/gcc/arm-none-eabi/4.4.1/thumb2/libgcc.a
LOAD /usr/local/bin/../lib/gcc/arm-none-eabi/4.4.1/../../../../arm-none-eabi/lib/thumb2/libc.a
LOAD /usr/local/bin/../lib/gcc/arm-none-eabi/4.4.1/../../../../arm-none-eabi/lib/thumb2/libm.a
END GROUP
                0x20005000                PROVIDE (__msp_init, 0x20005000)
                0x08007484                PROVIDE (__exc_reset, _start)

.text           0x08005000     0x43b0
                0x08005000                _text = .
 *(.stm32.interrupt_vector)
 .stm32.interrupt_vector
                0x08005000       0xec build//Users/marcus/Dropbox/Studienarbeit/Sourcecode/StudienarbeitX/Library/libmaple/libmaple/stm32f1/performance/vector_table.o
                0x08005000                __stm32_vector_table
 *(.text .text.* .gnu.linkonce.t.*)
 .text          0x080050ec       0x30 /usr/local/bin/../lib/gcc/arm-none-eabi/4.4.1/thumb2/crtbegin.o
 .text.adc_set_extsel
                0x0800511c       0x10 build//Users/marcus/Dropbox/Studienarbeit/Sourcecode/StudienarbeitX/Library/libmaple/libmaple/adc.o
                0x0800511c                adc_set_extsel
 .text.adc_set_sample_rate
                0x0800512c       0x2e build//Users/marcus/Dropbox/Studienarbeit/Sourcecode/StudienarbeitX/Library/libmaple/libmaple/adc.o
                0x0800512c                adc_set_sample_rate
 .text.adc_init
                0x0800515a       0x14 build//Users/marcus/Dropbox/Studienarbeit/Sourcecode/StudienarbeitX/Library/libmaple/libmaple/adc.o
                0x0800515a                adc_init
 *fill*         0x0800516e        0x2 00
 .text.__irq_exti0
                0x08005170       0x20 build//Users/marcus/Dropbox/Studienarbeit/Sourcecode/StudienarbeitX/Library/libmaple/libmaple/exti.o
                0x08005170                __irq_exti0
 .text.__irq_exti1
                0x08005190       0x20 build//Users/marcus/Dropbox/Studienarbeit/Sourcecode/StudienarbeitX/Library/libmaple/libmaple/exti.o
                0x08005190                __irq_exti1
 .text.__irq_exti2
                0x080051b0       0x20 build//Users/marcus/Dropbox/Studienarbeit/Sourcecode/StudienarbeitX/Library/libmaple/libmaple/exti.o
                0x080051b0                __irq_exti2
 .text.__irq_exti3
                0x080051d0       0x20 build//Users/marcus/Dropbox/Studienarbeit/Sourcecode/StudienarbeitX/Library/libmaple/libmaple/exti.o
                0x080051d0                __irq_exti3
 .text.__irq_exti4
                0x080051f0       0x20 build//Users/marcus/Dropbox/Studienarbeit/Sourcecode/StudienarbeitX/Library/libmaple/libmaple/exti.o
                0x080051f0                __irq_exti4
 .text.__irq_exti9_5
                0x08005210       0x38 build//Users/marcus/Dropbox/Studienarbeit/Sourcecode/StudienarbeitX/Library/libmaple/libmaple/exti.o
                0x08005210                __irq_exti9_5
 .text.__irq_exti15_10
                0x08005248       0x38 build//Users/marcus/Dropbox/Studienarbeit/Sourcecode/StudienarbeitX/Library/libmaple/libmaple/exti.o
                0x08005248                __irq_exti15_10
 .text.flash_set_latency
                0x08005280       0x14 build//Users/marcus/Dropbox/Studienarbeit/Sourcecode/StudienarbeitX/Library/libmaple/libmaple/flash.o
                0x08005280                flash_set_latency
 .text.gpio_init
                0x08005294       0x14 build//Users/marcus/Dropbox/Studienarbeit/Sourcecode/StudienarbeitX/Library/libmaple/libmaple/gpio.o
                0x08005294                gpio_init
 .text.nvic_irq_set_priority
                0x080052a8       0x2c build//Users/marcus/Dropbox/Studienarbeit/Sourcecode/StudienarbeitX/Library/libmaple/libmaple/nvic.o
                0x080052a8                nvic_irq_set_priority
 .text.nvic_set_vector_table
                0x080052d4       0x14 build//Users/marcus/Dropbox/Studienarbeit/Sourcecode/StudienarbeitX/Library/libmaple/libmaple/nvic.o
                0x080052d4                nvic_set_vector_table
 .text.nvic_init
                0x080052e8       0x24 build//Users/marcus/Dropbox/Studienarbeit/Sourcecode/StudienarbeitX/Library/libmaple/libmaple/nvic.o
                0x080052e8                nvic_init
 .text.nvic_sys_reset
                0x0800530c       0x20 build//Users/marcus/Dropbox/Studienarbeit/Sourcecode/StudienarbeitX/Library/libmaple/libmaple/nvic.o
                0x0800530c                nvic_sys_reset
 .text.rcc_dev_clk
                0x0800532c        0xc build//Users/marcus/Dropbox/Studienarbeit/Sourcecode/StudienarbeitX/Library/libmaple/libmaple/rcc.o
                0x0800532c                rcc_dev_clk
 .text.rcc_switch_sysclk
                0x08005338       0x24 build//Users/marcus/Dropbox/Studienarbeit/Sourcecode/StudienarbeitX/Library/libmaple/libmaple/rcc.o
                0x08005338                rcc_switch_sysclk
 .text.rcc_clk_reg
                0x0800535c        0xc build//Users/marcus/Dropbox/Studienarbeit/Sourcecode/StudienarbeitX/Library/libmaple/libmaple/rcc.o
 .text.rcc_clk_on_mask
                0x08005368        0xa build//Users/marcus/Dropbox/Studienarbeit/Sourcecode/StudienarbeitX/Library/libmaple/libmaple/rcc.o
 .text.rcc_turn_on_clk
                0x08005372       0x1a build//Users/marcus/Dropbox/Studienarbeit/Sourcecode/StudienarbeitX/Library/libmaple/libmaple/rcc.o
                0x08005372                rcc_turn_on_clk
 .text.rcc_turn_off_clk
                0x0800538c       0x1a build//Users/marcus/Dropbox/Studienarbeit/Sourcecode/StudienarbeitX/Library/libmaple/libmaple/rcc.o
                0x0800538c                rcc_turn_off_clk
 .text.rcc_is_clk_on
                0x080053a6       0x1a build//Users/marcus/Dropbox/Studienarbeit/Sourcecode/StudienarbeitX/Library/libmaple/libmaple/rcc.o
                0x080053a6                rcc_is_clk_on
 .text.rcc_is_clk_ready
                0x080053c0       0x16 build//Users/marcus/Dropbox/Studienarbeit/Sourcecode/StudienarbeitX/Library/libmaple/libmaple/rcc.o
                0x080053c0                rcc_is_clk_ready
 .text.spi_tx   0x080053d6       0x38 build//Users/marcus/Dropbox/Studienarbeit/Sourcecode/StudienarbeitX/Library/libmaple/libmaple/spi.o
                0x080053d6                spi_tx
 .text.spi_init
                0x0800540e       0x14 build//Users/marcus/Dropbox/Studienarbeit/Sourcecode/StudienarbeitX/Library/libmaple/libmaple/spi.o
                0x0800540e                spi_init
 .text.bb_peri_set_bit
                0x08005422        0xe build//Users/marcus/Dropbox/Studienarbeit/Sourcecode/StudienarbeitX/Library/libmaple/libmaple/spi.o
 .text.spi_peripheral_enable
                0x08005430        0xa build//Users/marcus/Dropbox/Studienarbeit/Sourcecode/StudienarbeitX/Library/libmaple/libmaple/spi.o
                0x08005430                spi_peripheral_enable
 .text.spi_peripheral_disable
                0x0800543a        0xa build//Users/marcus/Dropbox/Studienarbeit/Sourcecode/StudienarbeitX/Library/libmaple/libmaple/spi.o
                0x0800543a                spi_peripheral_disable
 .text.spi_reconfigure
                0x08005444       0x22 build//Users/marcus/Dropbox/Studienarbeit/Sourcecode/StudienarbeitX/Library/libmaple/libmaple/spi.o
 .text.spi_slave_enable
                0x08005466        0x8 build//Users/marcus/Dropbox/Studienarbeit/Sourcecode/StudienarbeitX/Library/libmaple/libmaple/spi.o
                0x08005466                spi_slave_enable
 .text.spi_master_enable
                0x0800546e        0xc build//Users/marcus/Dropbox/Studienarbeit/Sourcecode/StudienarbeitX/Library/libmaple/libmaple/spi.o
                0x0800546e                spi_master_enable
 *fill*         0x0800547a        0x2 00
 .text.systick_enable
                0x0800547c        0xc build//Users/marcus/Dropbox/Studienarbeit/Sourcecode/StudienarbeitX/Library/libmaple/libmaple/systick.o
                0x0800547c                systick_enable
 .text.systick_init
                0x08005488        0xc build//Users/marcus/Dropbox/Studienarbeit/Sourcecode/StudienarbeitX/Library/libmaple/libmaple/systick.o
                0x08005488                systick_init
 .text.__exc_systick
                0x08005494       0x1c build//Users/marcus/Dropbox/Studienarbeit/Sourcecode/StudienarbeitX/Library/libmaple/libmaple/systick.o
                0x08005494                __exc_systick
 .text.timer_oc_set_mode
                0x080054b0       0x38 build//Users/marcus/Dropbox/Studienarbeit/Sourcecode/StudienarbeitX/Library/libmaple/libmaple/timer.o
 .text.timer_foreach
                0x080054e8       0x30 build//Users/marcus/Dropbox/Studienarbeit/Sourcecode/StudienarbeitX/Library/libmaple/libmaple/timer.o
                0x080054e8                timer_foreach
 .text.timer_disable
                0x08005518       0x12 build//Users/marcus/Dropbox/Studienarbeit/Sourcecode/StudienarbeitX/Library/libmaple/libmaple/timer.o
                0x08005518                timer_disable
 *fill*         0x0800552a        0x2 00
 .text.timer_has_cc_channel
                0x0800552c       0x50 build//Users/marcus/Dropbox/Studienarbeit/Sourcecode/StudienarbeitX/Library/libmaple/libmaple/timer.o
                0x0800552c                timer_has_cc_channel
 .text.timer_init
                0x0800557c       0x14 build//Users/marcus/Dropbox/Studienarbeit/Sourcecode/StudienarbeitX/Library/libmaple/libmaple/timer.o
                0x0800557c                timer_init
 .text.bb_perip
                0x08005590        0xc build//Users/marcus/Dropbox/Studienarbeit/Sourcecode/StudienarbeitX/Library/libmaple/libmaple/timer.o
 .text.timer_disable_irq
                0x0800559c       0x10 build//Users/marcus/Dropbox/Studienarbeit/Sourcecode/StudienarbeitX/Library/libmaple/libmaple/timer.o
 .text.timer_detach_interrupt
                0x080055ac       0x14 build//Users/marcus/Dropbox/Studienarbeit/Sourcecode/StudienarbeitX/Library/libmaple/libmaple/timer.o
                0x080055ac                timer_detach_interrupt
 .text.timer_cc_enable
                0x080055c0       0x14 build//Users/marcus/Dropbox/Studienarbeit/Sourcecode/StudienarbeitX/Library/libmaple/libmaple/timer.o
 .text.timer_set_mode
                0x080055d4       0x90 build//Users/marcus/Dropbox/Studienarbeit/Sourcecode/StudienarbeitX/Library/libmaple/libmaple/timer.o
                0x080055d4                timer_set_mode
 .text.usart_disable
                0x08005664       0x22 build//Users/marcus/Dropbox/Studienarbeit/Sourcecode/StudienarbeitX/Library/libmaple/libmaple/usart.o
                0x08005664                usart_disable
 .text.usart_tx
                0x08005686       0x1c build//Users/marcus/Dropbox/Studienarbeit/Sourcecode/StudienarbeitX/Library/libmaple/libmaple/usart.o
                0x08005686                usart_tx
 .text.usart_putudec
                0x080056a2       0x44 build//Users/marcus/Dropbox/Studienarbeit/Sourcecode/StudienarbeitX/Library/libmaple/libmaple/usart.o
                0x080056a2                usart_putudec
 *fill*         0x080056e6        0x2 00
 .text.usart_init
                0x080056e8       0x44 build//Users/marcus/Dropbox/Studienarbeit/Sourcecode/StudienarbeitX/Library/libmaple/libmaple/usart.o
                0x080056e8                usart_init
 .text._usart_clock_freq
                0x0800572c       0x24 build//Users/marcus/Dropbox/Studienarbeit/Sourcecode/StudienarbeitX/Library/libmaple/libmaple/usart_private.o
                0x0800572c                _usart_clock_freq
 .text.usart_putc
                0x08005750       0x1a build//Users/marcus/Dropbox/Studienarbeit/Sourcecode/StudienarbeitX/Library/libmaple/libmaple/util.o
 .text.usart_putstr
                0x0800576a       0x1a build//Users/marcus/Dropbox/Studienarbeit/Sourcecode/StudienarbeitX/Library/libmaple/libmaple/util.o
 .text.T.10     0x08005784       0x16 build//Users/marcus/Dropbox/Studienarbeit/Sourcecode/StudienarbeitX/Library/libmaple/libmaple/util.o
 *fill*         0x0800579a        0x2 00
 .text.throb    0x0800579c       0x4c build//Users/marcus/Dropbox/Studienarbeit/Sourcecode/StudienarbeitX/Library/libmaple/libmaple/util.o
                0x0800579c                throb
 .text.__error  0x080057e8       0x14 build//Users/marcus/Dropbox/Studienarbeit/Sourcecode/StudienarbeitX/Library/libmaple/libmaple/util.o
                0x080057e8                __error
 .text._fail    0x080057fc       0x64 build//Users/marcus/Dropbox/Studienarbeit/Sourcecode/StudienarbeitX/Library/libmaple/libmaple/util.o
                0x080057fc                _fail
 .text.i2c_start_condition
                0x08005860       0x14 build//Users/marcus/Dropbox/Studienarbeit/Sourcecode/StudienarbeitX/Library/libmaple/libmaple/i2c.o
 .text.i2c_stop_condition
                0x08005874       0x1c build//Users/marcus/Dropbox/Studienarbeit/Sourcecode/StudienarbeitX/Library/libmaple/libmaple/i2c.o
 .text.i2c_disable_irq
                0x08005890        0xc build//Users/marcus/Dropbox/Studienarbeit/Sourcecode/StudienarbeitX/Library/libmaple/libmaple/i2c.o
 .text.i2c_disable_ack
                0x0800589c        0xc build//Users/marcus/Dropbox/Studienarbeit/Sourcecode/StudienarbeitX/Library/libmaple/libmaple/i2c.o
 .text.i2c_write
                0x080058a8        0x6 build//Users/marcus/Dropbox/Studienarbeit/Sourcecode/StudienarbeitX/Library/libmaple/libmaple/i2c.o
 .text._i2c_irq_error_handler
                0x080058ae       0x2c build//Users/marcus/Dropbox/Studienarbeit/Sourcecode/StudienarbeitX/Library/libmaple/libmaple/i2c.o
                0x080058ae                _i2c_irq_error_handler
 .text.i2c_enable_irq
                0x080058da       0x14 build//Users/marcus/Dropbox/Studienarbeit/Sourcecode/StudienarbeitX/Library/libmaple/libmaple/i2c.o
 *fill*         0x080058ee        0x2 00
 .text._i2c_irq_handler
                0x080058f0      0x170 build//Users/marcus/Dropbox/Studienarbeit/Sourcecode/StudienarbeitX/Library/libmaple/libmaple/i2c.o
                0x080058f0                _i2c_irq_handler
 .text          0x08005a60       0x60 build//Users/marcus/Dropbox/Studienarbeit/Sourcecode/StudienarbeitX/Library/libmaple/libmaple/exc.o
                0x08005a60                __exc_nmi
                0x08005a64                __exc_hardfault
                0x08005a68                __exc_memmanage
                0x08005a6c                __exc_busfault
                0x08005a70                __exc_usagefault
 .text.usb_clear_ctr_rx
                0x08005ac0       0x18 build//Users/marcus/Dropbox/Studienarbeit/Sourcecode/StudienarbeitX/Library/libmaple/libmaple/usb/stm32f1/usb.o
 .text.usb_clear_ctr_tx
                0x08005ad8       0x18 build//Users/marcus/Dropbox/Studienarbeit/Sourcecode/StudienarbeitX/Library/libmaple/libmaple/usb/stm32f1/usb.o
 .text.usb_resume_init
                0x08005af0       0x1c build//Users/marcus/Dropbox/Studienarbeit/Sourcecode/StudienarbeitX/Library/libmaple/libmaple/usb/stm32f1/usb.o
 .text.usb_resume
                0x08005b0c       0x90 build//Users/marcus/Dropbox/Studienarbeit/Sourcecode/StudienarbeitX/Library/libmaple/libmaple/usb/stm32f1/usb.o
 .text.handle_in0
                0x08005b9c        0x4 build//Users/marcus/Dropbox/Studienarbeit/Sourcecode/StudienarbeitX/Library/libmaple/libmaple/usb/stm32f1/usb.o
 .text.usb_init_usblib
                0x08005ba0       0x48 build//Users/marcus/Dropbox/Studienarbeit/Sourcecode/StudienarbeitX/Library/libmaple/libmaple/usb/stm32f1/usb.o
                0x08005ba0                usb_init_usblib
 .text.set_rx_tx_status0
                0x08005be8       0x38 build//Users/marcus/Dropbox/Studienarbeit/Sourcecode/StudienarbeitX/Library/libmaple/libmaple/usb/stm32f1/usb.o
 .text.__irq_usb_lp_can_rx0
                0x08005c20      0x198 build//Users/marcus/Dropbox/Studienarbeit/Sourcecode/StudienarbeitX/Library/libmaple/libmaple/usb/stm32f1/usb.o
                0x08005c20                __irq_usb_lp_can_rx0
 .text.usb_pma_ptr
                0x08005db8        0xc build//Users/marcus/Dropbox/Studienarbeit/Sourcecode/StudienarbeitX/Library/libmaple/libmaple/usb/stm32f1/usb_reg_map.o
 .text.usb_copy_to_pma
                0x08005dc4       0x44 build//Users/marcus/Dropbox/Studienarbeit/Sourcecode/StudienarbeitX/Library/libmaple/libmaple/usb/stm32f1/usb_reg_map.o
                0x08005dc4                usb_copy_to_pma
 .text.usb_copy_from_pma
                0x08005e08       0x30 build//Users/marcus/Dropbox/Studienarbeit/Sourcecode/StudienarbeitX/Library/libmaple/libmaple/usb/stm32f1/usb_reg_map.o
                0x08005e08                usb_copy_from_pma
 .text.usb_set_ep_rx_count
                0x08005e38       0x40 build//Users/marcus/Dropbox/Studienarbeit/Sourcecode/StudienarbeitX/Library/libmaple/libmaple/usb/stm32f1/usb_reg_map.o
                0x08005e38                usb_set_ep_rx_count
 .text.gpio_write_bit
                0x08005e78       0x18 build//Users/marcus/Dropbox/Studienarbeit/Sourcecode/StudienarbeitX/Library/libmaple/libmaple/usb/stm32f1/usb_cdcacm.o
 .text.usb_set_ep_rx_stat
                0x08005e90       0x24 build//Users/marcus/Dropbox/Studienarbeit/Sourcecode/StudienarbeitX/Library/libmaple/libmaple/usb/stm32f1/usb_cdcacm.o
 .text.usb_set_ep_tx_stat
                0x08005eb4       0x24 build//Users/marcus/Dropbox/Studienarbeit/Sourcecode/StudienarbeitX/Library/libmaple/libmaple/usb/stm32f1/usb_cdcacm.o
 .text.usb_set_ep_type
                0x08005ed8       0x1c build//Users/marcus/Dropbox/Studienarbeit/Sourcecode/StudienarbeitX/Library/libmaple/libmaple/usb/stm32f1/usb_cdcacm.o
 .text.usb_btable_ptr
                0x08005ef4       0x18 build//Users/marcus/Dropbox/Studienarbeit/Sourcecode/StudienarbeitX/Library/libmaple/libmaple/usb/stm32f1/usb_cdcacm.o
 .text.usb_set_ep_tx_addr
                0x08005f0c       0x12 build//Users/marcus/Dropbox/Studienarbeit/Sourcecode/StudienarbeitX/Library/libmaple/libmaple/usb/stm32f1/usb_cdcacm.o
 .text.usb_set_ep_rx_addr
                0x08005f1e       0x14 build//Users/marcus/Dropbox/Studienarbeit/Sourcecode/StudienarbeitX/Library/libmaple/libmaple/usb/stm32f1/usb_cdcacm.o
 *fill*         0x08005f32        0x2 00
 .text.usb_cdcacm_data_available
                0x08005f34        0xc build//Users/marcus/Dropbox/Studienarbeit/Sourcecode/StudienarbeitX/Library/libmaple/libmaple/usb/stm32f1/usb_cdcacm.o
                0x08005f34                usb_cdcacm_data_available
 .text.vcomDataTxCb
                0x08005f40        0xc build//Users/marcus/Dropbox/Studienarbeit/Sourcecode/StudienarbeitX/Library/libmaple/libmaple/usb/stm32f1/usb_cdcacm.o
 .text.vcomGetSetLineCoding
                0x08005f4c       0x18 build//Users/marcus/Dropbox/Studienarbeit/Sourcecode/StudienarbeitX/Library/libmaple/libmaple/usb/stm32f1/usb_cdcacm.o
 .text.usbDataSetup
                0x08005f64       0x40 build//Users/marcus/Dropbox/Studienarbeit/Sourcecode/StudienarbeitX/Library/libmaple/libmaple/usb/stm32f1/usb_cdcacm.o
 .text.usbNoDataSetup
                0x08005fa4       0x64 build//Users/marcus/Dropbox/Studienarbeit/Sourcecode/StudienarbeitX/Library/libmaple/libmaple/usb/stm32f1/usb_cdcacm.o
 .text.usbGetInterfaceSetting
                0x08006008        0xe build//Users/marcus/Dropbox/Studienarbeit/Sourcecode/StudienarbeitX/Library/libmaple/libmaple/usb/stm32f1/usb_cdcacm.o
 *fill*         0x08006016        0x2 00
 .text.usbSetConfiguration
                0x08006018       0x1c build//Users/marcus/Dropbox/Studienarbeit/Sourcecode/StudienarbeitX/Library/libmaple/libmaple/usb/stm32f1/usb_cdcacm.o
 .text.usbSetDeviceAddress
                0x08006034       0x10 build//Users/marcus/Dropbox/Studienarbeit/Sourcecode/StudienarbeitX/Library/libmaple/libmaple/usb/stm32f1/usb_cdcacm.o
 .text.usbGetStringDescriptor
                0x08006044       0x20 build//Users/marcus/Dropbox/Studienarbeit/Sourcecode/StudienarbeitX/Library/libmaple/libmaple/usb/stm32f1/usb_cdcacm.o
 .text.usbGetConfigDescriptor
                0x08006064        0xc build//Users/marcus/Dropbox/Studienarbeit/Sourcecode/StudienarbeitX/Library/libmaple/libmaple/usb/stm32f1/usb_cdcacm.o
 .text.usbGetDeviceDescriptor
                0x08006070        0xc build//Users/marcus/Dropbox/Studienarbeit/Sourcecode/StudienarbeitX/Library/libmaple/libmaple/usb/stm32f1/usb_cdcacm.o
 .text.usb_cdcacm_rx
                0x0800607c       0x60 build//Users/marcus/Dropbox/Studienarbeit/Sourcecode/StudienarbeitX/Library/libmaple/libmaple/usb/stm32f1/usb_cdcacm.o
                0x0800607c                usb_cdcacm_rx
 .text.usb_cdcacm_enable
                0x080060dc       0x34 build//Users/marcus/Dropbox/Studienarbeit/Sourcecode/StudienarbeitX/Library/libmaple/libmaple/usb/stm32f1/usb_cdcacm.o
                0x080060dc                usb_cdcacm_enable
 .text.usbInit  0x08006110       0x44 build//Users/marcus/Dropbox/Studienarbeit/Sourcecode/StudienarbeitX/Library/libmaple/libmaple/usb/stm32f1/usb_cdcacm.o
 .text.wait_reset
                0x08006154       0x10 build//Users/marcus/Dropbox/Studienarbeit/Sourcecode/StudienarbeitX/Library/libmaple/libmaple/usb/stm32f1/usb_cdcacm.o
 .text.usbReset
                0x08006164      0x104 build//Users/marcus/Dropbox/Studienarbeit/Sourcecode/StudienarbeitX/Library/libmaple/libmaple/usb/stm32f1/usb_cdcacm.o
 .text.vcomDataRxCb
                0x08006268       0xbc build//Users/marcus/Dropbox/Studienarbeit/Sourcecode/StudienarbeitX/Library/libmaple/libmaple/usb/stm32f1/usb_cdcacm.o
 .text.usb_cdcacm_tx
                0x08006324       0x44 build//Users/marcus/Dropbox/Studienarbeit/Sourcecode/StudienarbeitX/Library/libmaple/libmaple/usb/stm32f1/usb_cdcacm.o
                0x08006324                usb_cdcacm_tx
 .text.Standard_GetConfiguration
                0x08006368       0x28 build//Users/marcus/Dropbox/Studienarbeit/Sourcecode/StudienarbeitX/Library/libmaple/libmaple/usb/usb_lib/usb_core.o
                0x08006368                Standard_GetConfiguration
 .text.Standard_SetConfiguration
                0x08006390       0x38 build//Users/marcus/Dropbox/Studienarbeit/Sourcecode/StudienarbeitX/Library/libmaple/libmaple/usb/usb_lib/usb_core.o
                0x08006390                Standard_SetConfiguration
 .text.Standard_GetInterface
                0x080063c8       0x28 build//Users/marcus/Dropbox/Studienarbeit/Sourcecode/StudienarbeitX/Library/libmaple/libmaple/usb/usb_lib/usb_core.o
                0x080063c8                Standard_GetInterface
 .text.Standard_SetInterface
                0x080063f0       0x48 build//Users/marcus/Dropbox/Studienarbeit/Sourcecode/StudienarbeitX/Library/libmaple/libmaple/usb/usb_lib/usb_core.o
                0x080063f0                Standard_SetInterface
 .text.Standard_GetStatus
                0x08006438       0xa4 build//Users/marcus/Dropbox/Studienarbeit/Sourcecode/StudienarbeitX/Library/libmaple/libmaple/usb/usb_lib/usb_core.o
                0x08006438                Standard_GetStatus
 .text.Standard_SetEndPointFeature
                0x080064dc       0x84 build//Users/marcus/Dropbox/Studienarbeit/Sourcecode/StudienarbeitX/Library/libmaple/libmaple/usb/usb_lib/usb_core.o
                0x080064dc                Standard_SetEndPointFeature
 .text.Standard_SetDeviceFeature
                0x08006560       0x24 build//Users/marcus/Dropbox/Studienarbeit/Sourcecode/StudienarbeitX/Library/libmaple/libmaple/usb/usb_lib/usb_core.o
                0x08006560                Standard_SetDeviceFeature
 .text.Standard_GetDescriptorData
                0x08006584       0x1c build//Users/marcus/Dropbox/Studienarbeit/Sourcecode/StudienarbeitX/Library/libmaple/libmaple/usb/usb_lib/usb_core.o
                0x08006584                Standard_GetDescriptorData
 .text.SetDeviceAddress
                0x080065a0       0x44 build//Users/marcus/Dropbox/Studienarbeit/Sourcecode/StudienarbeitX/Library/libmaple/libmaple/usb/usb_lib/usb_core.o
                0x080065a0                SetDeviceAddress
 .text.NOP_Process
                0x080065e4        0x2 build//Users/marcus/Dropbox/Studienarbeit/Sourcecode/StudienarbeitX/Library/libmaple/libmaple/usb/usb_lib/usb_core.o
                0x080065e4                NOP_Process
 *fill*         0x080065e6        0x2 00
 .text.Post0_Process
                0x080065e8       0x44 build//Users/marcus/Dropbox/Studienarbeit/Sourcecode/StudienarbeitX/Library/libmaple/libmaple/usb/usb_lib/usb_core.o
                0x080065e8                Post0_Process
 .text.Out0_Process
                0x0800662c       0xd4 build//Users/marcus/Dropbox/Studienarbeit/Sourcecode/StudienarbeitX/Library/libmaple/libmaple/usb/usb_lib/usb_core.o
                0x0800662c                Out0_Process
 .text.DataStageIn
                0x08006700       0xac build//Users/marcus/Dropbox/Studienarbeit/Sourcecode/StudienarbeitX/Library/libmaple/libmaple/usb/usb_lib/usb_core.o
 .text.In0_Process
                0x080067ac       0x60 build//Users/marcus/Dropbox/Studienarbeit/Sourcecode/StudienarbeitX/Library/libmaple/libmaple/usb/usb_lib/usb_core.o
                0x080067ac                In0_Process
 .text.Standard_ClearFeature
                0x0800680c       0xd4 build//Users/marcus/Dropbox/Studienarbeit/Sourcecode/StudienarbeitX/Library/libmaple/libmaple/usb/usb_lib/usb_core.o
                0x0800680c                Standard_ClearFeature
 .text.Setup0_Process
                0x080068e0      0x304 build//Users/marcus/Dropbox/Studienarbeit/Sourcecode/StudienarbeitX/Library/libmaple/libmaple/usb/usb_lib/usb_core.o
                0x080068e0                Setup0_Process
 .text.UserToPMABufferCopy
                0x08006be4       0x2e build//Users/marcus/Dropbox/Studienarbeit/Sourcecode/StudienarbeitX/Library/libmaple/libmaple/usb/usb_lib/usb_mem.o
                0x08006be4                UserToPMABufferCopy
 .text.PMAToUserBufferCopy
                0x08006c12       0x24 build//Users/marcus/Dropbox/Studienarbeit/Sourcecode/StudienarbeitX/Library/libmaple/libmaple/usb/usb_lib/usb_mem.o
                0x08006c12                PMAToUserBufferCopy
 .text.SetEPTxStatus
                0x08006c36       0x2c build//Users/marcus/Dropbox/Studienarbeit/Sourcecode/StudienarbeitX/Library/libmaple/libmaple/usb/usb_lib/usb_regs.o
                0x08006c36                SetEPTxStatus
 .text.ClearDTOG_RX
                0x08006c62       0x24 build//Users/marcus/Dropbox/Studienarbeit/Sourcecode/StudienarbeitX/Library/libmaple/libmaple/usb/usb_lib/usb_regs.o
                0x08006c62                ClearDTOG_RX
 .text.ClearDTOG_TX
                0x08006c86       0x24 build//Users/marcus/Dropbox/Studienarbeit/Sourcecode/StudienarbeitX/Library/libmaple/libmaple/usb/usb_lib/usb_regs.o
                0x08006c86                ClearDTOG_TX
 *fill*         0x08006caa        0x2 00
 .text.GetEPTxAddr
                0x08006cac       0x1c build//Users/marcus/Dropbox/Studienarbeit/Sourcecode/StudienarbeitX/Library/libmaple/libmaple/usb/usb_lib/usb_regs.o
                0x08006cac                GetEPTxAddr
 .text.GetEPRxAddr
                0x08006cc8       0x1c build//Users/marcus/Dropbox/Studienarbeit/Sourcecode/StudienarbeitX/Library/libmaple/libmaple/usb/usb_lib/usb_regs.o
                0x08006cc8                GetEPRxAddr
 .text.SetEPTxCount
                0x08006ce4       0x1c build//Users/marcus/Dropbox/Studienarbeit/Sourcecode/StudienarbeitX/Library/libmaple/libmaple/usb/usb_lib/usb_regs.o
                0x08006ce4                SetEPTxCount
 .text.SetEPRxCount
                0x08006d00       0x40 build//Users/marcus/Dropbox/Studienarbeit/Sourcecode/StudienarbeitX/Library/libmaple/libmaple/usb/usb_lib/usb_regs.o
                0x08006d00                SetEPRxCount
 .text.ByteSwap
                0x08006d40        0xa build//Users/marcus/Dropbox/Studienarbeit/Sourcecode/StudienarbeitX/Library/libmaple/libmaple/usb/usb_lib/usb_regs.o
                0x08006d40                ByteSwap
 .text          0x08006d4a        0x2 build//Users/marcus/Dropbox/Studienarbeit/Sourcecode/StudienarbeitX/Library/libmaple/libmaple/stm32f1/performance/isrs.o
                0x08006d4a                __irq_rcc
                0x08006d4a                __exc_debug_monitor
                0x08006d4a                __exc_svc
                0x08006d4a                __irq_adc
                0x08006d4a                __irq_can_rx1
                0x08006d4a                __irq_spi2
                0x08006d4a                __irq_can_sce
                0x08006d4a                __irq_pvd
                0x08006d4a                __irq_tamper
                0x08006d4a                __default_handler
                0x08006d4a                __irq_wwdg
                0x08006d4a                __stm32reservedexception10
                0x08006d4a                __irq_flash
                0x08006d4a                __stm32reservedexception13
                0x08006d4a                __irq_rtc
                0x08006d4a                __irq_spi1
                0x08006d4a                __stm32reservedexception7
                0x08006d4a                __irq_usb_hp_can_tx
                0x08006d4a                __irq_rtcalarm
                0x08006d4a                __stm32reservedexception8
                0x08006d4a                __exc_pendsv
                0x08006d4a                __irq_usbwakeup
                0x08006d4a                __stm32reservedexception9
 .text.adc_foreach
                0x08006d4c       0x1c build//Users/marcus/Dropbox/Studienarbeit/Sourcecode/StudienarbeitX/Library/libmaple/libmaple/stm32f1/adc.o
                0x08006d4c                adc_foreach
 .text.adc_set_prescaler
                0x08006d68        0x8 build//Users/marcus/Dropbox/Studienarbeit/Sourcecode/StudienarbeitX/Library/libmaple/libmaple/stm32f1/adc.o
                0x08006d68                adc_set_prescaler
 .text.bb_perip
                0x08006d70        0xc build//Users/marcus/Dropbox/Studienarbeit/Sourcecode/StudienarbeitX/Library/libmaple/libmaple/stm32f1/adc.o
 .text.adc_calibrate
                0x08006d7c       0x2e build//Users/marcus/Dropbox/Studienarbeit/Sourcecode/StudienarbeitX/Library/libmaple/libmaple/stm32f1/adc.o
                0x08006d7c                adc_calibrate
 .text.adc_enable_single_swstart
                0x08006daa       0x36 build//Users/marcus/Dropbox/Studienarbeit/Sourcecode/StudienarbeitX/Library/libmaple/libmaple/stm32f1/adc.o
                0x08006daa                adc_enable_single_swstart
 .text.dma_clear_isr_bits
                0x08006de0       0x10 build//Users/marcus/Dropbox/Studienarbeit/Sourcecode/StudienarbeitX/Library/libmaple/libmaple/stm32f1/dma.o
 .text.__irq_dma1_channel1
                0x08006df0       0x20 build//Users/marcus/Dropbox/Studienarbeit/Sourcecode/StudienarbeitX/Library/libmaple/libmaple/stm32f1/dma.o
                0x08006df0                __irq_dma1_channel1
 .text.__irq_dma1_channel2
                0x08006e10       0x20 build//Users/marcus/Dropbox/Studienarbeit/Sourcecode/StudienarbeitX/Library/libmaple/libmaple/stm32f1/dma.o
                0x08006e10                __irq_dma1_channel2
 .text.__irq_dma1_channel3
                0x08006e30       0x20 build//Users/marcus/Dropbox/Studienarbeit/Sourcecode/StudienarbeitX/Library/libmaple/libmaple/stm32f1/dma.o
                0x08006e30                __irq_dma1_channel3
 .text.__irq_dma1_channel4
                0x08006e50       0x20 build//Users/marcus/Dropbox/Studienarbeit/Sourcecode/StudienarbeitX/Library/libmaple/libmaple/stm32f1/dma.o
                0x08006e50                __irq_dma1_channel4
 .text.__irq_dma1_channel5
                0x08006e70       0x20 build//Users/marcus/Dropbox/Studienarbeit/Sourcecode/StudienarbeitX/Library/libmaple/libmaple/stm32f1/dma.o
                0x08006e70                __irq_dma1_channel5
 .text.__irq_dma1_channel6
                0x08006e90       0x20 build//Users/marcus/Dropbox/Studienarbeit/Sourcecode/StudienarbeitX/Library/libmaple/libmaple/stm32f1/dma.o
                0x08006e90                __irq_dma1_channel6
 .text.__irq_dma1_channel7
                0x08006eb0       0x20 build//Users/marcus/Dropbox/Studienarbeit/Sourcecode/StudienarbeitX/Library/libmaple/libmaple/stm32f1/dma.o
                0x08006eb0                __irq_dma1_channel7
 .text.gpio_set_mode
                0x08006ed0       0x56 build//Users/marcus/Dropbox/Studienarbeit/Sourcecode/StudienarbeitX/Library/libmaple/libmaple/stm32f1/gpio.o
                0x08006ed0                gpio_set_mode
 .text.afio_init
                0x08006f26       0x12 build//Users/marcus/Dropbox/Studienarbeit/Sourcecode/StudienarbeitX/Library/libmaple/libmaple/stm32f1/gpio.o
                0x08006f26                afio_init
 .text.gpio_init_all
                0x08006f38       0x30 build//Users/marcus/Dropbox/Studienarbeit/Sourcecode/StudienarbeitX/Library/libmaple/libmaple/stm32f1/gpio.o
                0x08006f38                gpio_init_all
 .text._i2c_irq_priority_fixup
                0x08006f68       0x1c build//Users/marcus/Dropbox/Studienarbeit/Sourcecode/StudienarbeitX/Library/libmaple/libmaple/stm32f1/i2c.o
                0x08006f68                _i2c_irq_priority_fixup
 .text.__irq_i2c2_er
                0x08006f84        0xc build//Users/marcus/Dropbox/Studienarbeit/Sourcecode/StudienarbeitX/Library/libmaple/libmaple/stm32f1/i2c.o
                0x08006f84                __irq_i2c2_er
 .text.__irq_i2c1_er
                0x08006f90        0xc build//Users/marcus/Dropbox/Studienarbeit/Sourcecode/StudienarbeitX/Library/libmaple/libmaple/stm32f1/i2c.o
                0x08006f90                __irq_i2c1_er
 .text.__irq_i2c2_ev
                0x08006f9c        0xc build//Users/marcus/Dropbox/Studienarbeit/Sourcecode/StudienarbeitX/Library/libmaple/libmaple/stm32f1/i2c.o
                0x08006f9c                __irq_i2c2_ev
 .text.__irq_i2c1_ev
                0x08006fa8        0xc build//Users/marcus/Dropbox/Studienarbeit/Sourcecode/StudienarbeitX/Library/libmaple/libmaple/stm32f1/i2c.o
                0x08006fa8                __irq_i2c1_ev
 .text.rcc_configure_pll
                0x08006fb4       0x38 build//Users/marcus/Dropbox/Studienarbeit/Sourcecode/StudienarbeitX/Library/libmaple/libmaple/stm32f1/rcc.o
                0x08006fb4                rcc_configure_pll
 .text.rcc_set_prescaler
                0x08006fec       0x20 build//Users/marcus/Dropbox/Studienarbeit/Sourcecode/StudienarbeitX/Library/libmaple/libmaple/stm32f1/rcc.o
                0x08006fec                rcc_set_prescaler
 .text.bb_peri_set_bit
                0x0800700c        0xe build//Users/marcus/Dropbox/Studienarbeit/Sourcecode/StudienarbeitX/Library/libmaple/libmaple/stm32f1/rcc.o
 *fill*         0x0800701a        0x2 00
 .text.rcc_clk_enable
                0x0800701c       0x28 build//Users/marcus/Dropbox/Studienarbeit/Sourcecode/StudienarbeitX/Library/libmaple/libmaple/stm32f1/rcc.o
                0x0800701c                rcc_clk_enable
 .text.rcc_reset_dev
                0x08007044       0x38 build//Users/marcus/Dropbox/Studienarbeit/Sourcecode/StudienarbeitX/Library/libmaple/libmaple/stm32f1/rcc.o
                0x08007044                rcc_reset_dev
 .text.spi_config_gpios
                0x0800707c       0x64 build//Users/marcus/Dropbox/Studienarbeit/Sourcecode/StudienarbeitX/Library/libmaple/libmaple/stm32f1/spi.o
                0x0800707c                spi_config_gpios
 .text.__irq_tim1_brk
                0x080070e0       0x2c build//Users/marcus/Dropbox/Studienarbeit/Sourcecode/StudienarbeitX/Library/libmaple/libmaple/stm32f1/timer.o
                0x080070e0                __irq_tim1_brk
 .text.__irq_tim1_up
                0x0800710c       0x2c build//Users/marcus/Dropbox/Studienarbeit/Sourcecode/StudienarbeitX/Library/libmaple/libmaple/stm32f1/timer.o
                0x0800710c                __irq_tim1_up
 .text.__irq_tim1_trg_com
                0x08007138       0x40 build//Users/marcus/Dropbox/Studienarbeit/Sourcecode/StudienarbeitX/Library/libmaple/libmaple/stm32f1/timer.o
                0x08007138                __irq_tim1_trg_com
 .text.__irq_tim1_cc
                0x08007178       0x60 build//Users/marcus/Dropbox/Studienarbeit/Sourcecode/StudienarbeitX/Library/libmaple/libmaple/stm32f1/timer.o
                0x08007178                __irq_tim1_cc
 .text.__irq_tim2
                0x080071d8       0x8c build//Users/marcus/Dropbox/Studienarbeit/Sourcecode/StudienarbeitX/Library/libmaple/libmaple/stm32f1/timer.o
                0x080071d8                __irq_tim2
 .text.__irq_tim3
                0x08007264       0x8c build//Users/marcus/Dropbox/Studienarbeit/Sourcecode/StudienarbeitX/Library/libmaple/libmaple/stm32f1/timer.o
                0x08007264                __irq_tim3
 .text.__irq_tim4
                0x080072f0       0x8c build//Users/marcus/Dropbox/Studienarbeit/Sourcecode/StudienarbeitX/Library/libmaple/libmaple/stm32f1/timer.o
                0x080072f0                __irq_tim4
 .text.rb_push_insert
                0x0800737c       0x52 build//Users/marcus/Dropbox/Studienarbeit/Sourcecode/StudienarbeitX/Library/libmaple/libmaple/stm32f1/usart.o
 *fill*         0x080073ce        0x2 00
 .text.usart_foreach
                0x080073d0       0x24 build//Users/marcus/Dropbox/Studienarbeit/Sourcecode/StudienarbeitX/Library/libmaple/libmaple/stm32f1/usart.o
                0x080073d0                usart_foreach
 .text.__irq_usart1
                0x080073f4       0x14 build//Users/marcus/Dropbox/Studienarbeit/Sourcecode/StudienarbeitX/Library/libmaple/libmaple/stm32f1/usart.o
                0x080073f4                __irq_usart1
 .text.__irq_usart2
                0x08007408       0x14 build//Users/marcus/Dropbox/Studienarbeit/Sourcecode/StudienarbeitX/Library/libmaple/libmaple/stm32f1/usart.o
                0x08007408                __irq_usart2
 .text.__irq_usart3
                0x0800741c       0x14 build//Users/marcus/Dropbox/Studienarbeit/Sourcecode/StudienarbeitX/Library/libmaple/libmaple/stm32f1/usart.o
                0x0800741c                __irq_usart3
 .text.usart_set_baud_rate
                0x08007430       0x54 build//Users/marcus/Dropbox/Studienarbeit/Sourcecode/StudienarbeitX/Library/libmaple/libmaple/stm32f1/usart.o
                0x08007430                usart_set_baud_rate
 .text          0x08007484       0x10 build//Users/marcus/Dropbox/Studienarbeit/Sourcecode/StudienarbeitX/Library/libmaple/wirish/start.o
                0x08007484                _start
 .text.start_c  0x08007494       0x64 build//Users/marcus/Dropbox/Studienarbeit/Sourcecode/StudienarbeitX/Library/libmaple/wirish/start_c.o
                0x08007494                start_c
 .text.nvic_irq_enable
                0x080074f8       0x1c build//Users/marcus/Dropbox/Studienarbeit/Sourcecode/StudienarbeitX/Library/libmaple/wirish/stm32f1/util_hooks.o
 .text.__lm_enable_error_usart
                0x08007514       0x30 build//Users/marcus/Dropbox/Studienarbeit/Sourcecode/StudienarbeitX/Library/libmaple/wirish/stm32f1/util_hooks.o
                0x08007514                __lm_enable_error_usart
 .text.__lm_error
                0x08007544       0x44 build//Users/marcus/Dropbox/Studienarbeit/Sourcecode/StudienarbeitX/Library/libmaple/wirish/stm32f1/util_hooks.o
                0x08007544                __lm_error
 .text.adc_disable
                0x08007588       0x12 build//Users/marcus/Dropbox/Studienarbeit/Sourcecode/StudienarbeitX/Library/libmaple/wirish/stm32f1/util_hooks.o
 .text._Z9boardInitv
                0x0800759a        0x2 build//Users/marcus/Dropbox/Studienarbeit/Sourcecode/StudienarbeitX/Library/libmaple/wirish/boards.o
                0x0800759a                _Z9boardInitv
 .text._ZL18adc_default_configPK7adc_dev
                0x0800759c       0x1c build//Users/marcus/Dropbox/Studienarbeit/Sourcecode/StudienarbeitX/Library/libmaple/wirish/boards.o
 .text._Z4initv
                0x080075b8       0xc0 build//Users/marcus/Dropbox/Studienarbeit/Sourcecode/StudienarbeitX/Library/libmaple/wirish/boards.o
                0x080075b8                _Z4initv
 .text.T.10     0x08007678        0x8 build//Users/marcus/Dropbox/Studienarbeit/Sourcecode/StudienarbeitX/Library/libmaple/wirish/boards.o
 .text._ZL20timer_default_configP9timer_dev
                0x08007680       0xa2 build//Users/marcus/Dropbox/Studienarbeit/Sourcecode/StudienarbeitX/Library/libmaple/wirish/boards.o
 .text.__cxa_pure_virtual
                0x08007722        0x2 build//Users/marcus/Dropbox/Studienarbeit/Sourcecode/StudienarbeitX/Library/libmaple/wirish/cxxabi-compat.o
                0x08007722                __cxa_pure_virtual
 .text._ZN5PrintC2Ev
                0x08007724        0xc build//Users/marcus/Dropbox/Studienarbeit/Sourcecode/StudienarbeitX/Library/libmaple/wirish/HardwareSerial.o
                0x08007724                _ZN5PrintC2Ev
 .text._ZN14HardwareSerialC1EP9usart_devhh
                0x08007730       0x20 build//Users/marcus/Dropbox/Studienarbeit/Sourcecode/StudienarbeitX/Library/libmaple/wirish/HardwareSerial.o
                0x08007730                _ZN14HardwareSerialC1EP9usart_devhh
 .text._ZN14HardwareSerial5writeEh
                0x08007750       0x1a build//Users/marcus/Dropbox/Studienarbeit/Sourcecode/StudienarbeitX/Library/libmaple/wirish/HardwareSerial.o
                0x08007750                _ZN14HardwareSerial5writeEh
 *fill*         0x0800776a        0x2 00
 .text._GLOBAL__I_Serial1
                0x0800776c       0x48 build//Users/marcus/Dropbox/Studienarbeit/Sourcecode/StudienarbeitX/Library/libmaple/wirish/HardwareSerial.o
 .text._ZL10interruptsv
                0x080077b4        0x4 build//Users/marcus/Dropbox/Studienarbeit/Sourcecode/StudienarbeitX/Library/libmaple/wirish/HardwareTimer.o
 .text._ZL12noInterruptsv
                0x080077b8        0x4 build//Users/marcus/Dropbox/Studienarbeit/Sourcecode/StudienarbeitX/Library/libmaple/wirish/HardwareTimer.o
 .text.set_this_dev
                0x080077bc       0x1c build//Users/marcus/Dropbox/Studienarbeit/Sourcecode/StudienarbeitX/Library/libmaple/wirish/HardwareTimer.o
 .text._ZN13HardwareTimerC1Eh
                0x080077d8       0x48 build//Users/marcus/Dropbox/Studienarbeit/Sourcecode/StudienarbeitX/Library/libmaple/wirish/HardwareTimer.o
                0x080077d8                _ZN13HardwareTimerC1Eh
 .text._GLOBAL__I__ZN13HardwareTimerC2Eh
                0x08007820       0x38 build//Users/marcus/Dropbox/Studienarbeit/Sourcecode/StudienarbeitX/Library/libmaple/wirish/HardwareTimer.o
 .text._ZN5Print5writeEPKc
                0x08007858       0x1c build//Users/marcus/Dropbox/Studienarbeit/Sourcecode/StudienarbeitX/Library/libmaple/wirish/Print.o
                0x08007858                _ZN5Print5writeEPKc
 .text._ZN5Print5writeEPKvj
                0x08007874       0x20 build//Users/marcus/Dropbox/Studienarbeit/Sourcecode/StudienarbeitX/Library/libmaple/wirish/Print.o
                0x08007874                _ZN5Print5writeEPKvj
 .text._ZN5Print5printEc
                0x08007894        0xa build//Users/marcus/Dropbox/Studienarbeit/Sourcecode/StudienarbeitX/Library/libmaple/wirish/Print.o
                0x08007894                _ZN5Print5printEc
 .text._ZN5Print5printEPKc
                0x0800789e        0xa build//Users/marcus/Dropbox/Studienarbeit/Sourcecode/StudienarbeitX/Library/libmaple/wirish/Print.o
                0x0800789e                _ZN5Print5printEPKc
 .text._ZN5Print7printlnEv
                0x080078a8       0x16 build//Users/marcus/Dropbox/Studienarbeit/Sourcecode/StudienarbeitX/Library/libmaple/wirish/Print.o
                0x080078a8                _ZN5Print7printlnEv
 .text._ZN5Print7printlnEc
                0x080078be       0x12 build//Users/marcus/Dropbox/Studienarbeit/Sourcecode/StudienarbeitX/Library/libmaple/wirish/Print.o
                0x080078be                _ZN5Print7printlnEc
 .text._ZN5Print7printlnEPKc
                0x080078d0       0x12 build//Users/marcus/Dropbox/Studienarbeit/Sourcecode/StudienarbeitX/Library/libmaple/wirish/Print.o
                0x080078d0                _ZN5Print7printlnEPKc
 .text._ZN5Print11printNumberEyh
                0x080078e2       0x7c build//Users/marcus/Dropbox/Studienarbeit/Sourcecode/StudienarbeitX/Library/libmaple/wirish/Print.o
                0x080078e2                _ZN5Print11printNumberEyh
 .text._ZN5Print5printEyi
                0x0800795e       0x1e build//Users/marcus/Dropbox/Studienarbeit/Sourcecode/StudienarbeitX/Library/libmaple/wirish/Print.o
                0x0800795e                _ZN5Print5printEyi
 .text._ZN5Print5printEhi
                0x0800797c       0x12 build//Users/marcus/Dropbox/Studienarbeit/Sourcecode/StudienarbeitX/Library/libmaple/wirish/Print.o
                0x0800797c                _ZN5Print5printEhi
 .text._ZN5Print5printExi
                0x0800798e       0x40 build//Users/marcus/Dropbox/Studienarbeit/Sourcecode/StudienarbeitX/Library/libmaple/wirish/Print.o
                0x0800798e                _ZN5Print5printExi
 .text._ZN5Print5printEii
                0x080079ce       0x10 build//Users/marcus/Dropbox/Studienarbeit/Sourcecode/StudienarbeitX/Library/libmaple/wirish/Print.o
                0x080079ce                _ZN5Print5printEii
 .text._ZN5Print7printlnEii
                0x080079de       0x12 build//Users/marcus/Dropbox/Studienarbeit/Sourcecode/StudienarbeitX/Library/libmaple/wirish/Print.o
                0x080079de                _ZN5Print7printlnEii
 .text._ZN9USBSerialC1Ev
                0x080079f0       0x14 build//Users/marcus/Dropbox/Studienarbeit/Sourcecode/StudienarbeitX/Library/libmaple/wirish/usb_serial.o
                0x080079f0                _ZN9USBSerialC1Ev
 .text._ZN9USBSerial5writeEh
                0x08007a04       0x14 build//Users/marcus/Dropbox/Studienarbeit/Sourcecode/StudienarbeitX/Library/libmaple/wirish/usb_serial.o
                0x08007a04                _ZN9USBSerial5writeEh
 .text._ZN9USBSerial11isConnectedEv
                0x08007a18       0x18 build//Users/marcus/Dropbox/Studienarbeit/Sourcecode/StudienarbeitX/Library/libmaple/wirish/usb_serial.o
                0x08007a18                _ZN9USBSerial11isConnectedEv
 .text._ZN9USBSerial4readEPvj
                0x08007a30       0x22 build//Users/marcus/Dropbox/Studienarbeit/Sourcecode/StudienarbeitX/Library/libmaple/wirish/usb_serial.o
                0x08007a30                _ZN9USBSerial4readEPvj
 .text._ZN9USBSerial4readEv
                0x08007a52       0x12 build//Users/marcus/Dropbox/Studienarbeit/Sourcecode/StudienarbeitX/Library/libmaple/wirish/usb_serial.o
                0x08007a52                _ZN9USBSerial4readEv
 .text._ZN9USBSerial9availableEv
                0x08007a64        0x4 build//Users/marcus/Dropbox/Studienarbeit/Sourcecode/StudienarbeitX/Library/libmaple/wirish/usb_serial.o
                0x08007a64                _ZN9USBSerial9availableEv
 .text._ZN9USBSerial5writeEPKvj
                0x08007a68       0x50 build//Users/marcus/Dropbox/Studienarbeit/Sourcecode/StudienarbeitX/Library/libmaple/wirish/usb_serial.o
                0x08007a68                _ZN9USBSerial5writeEPKvj
 .text._ZN9USBSerial5writeEPKc
                0x08007ab8       0x1a build//Users/marcus/Dropbox/Studienarbeit/Sourcecode/StudienarbeitX/Library/libmaple/wirish/usb_serial.o
                0x08007ab8                _ZN9USBSerial5writeEPKc
 *fill*         0x08007ad2        0x2 00
 .text._ZN9USBSerial5beginEv
                0x08007ad4       0x10 build//Users/marcus/Dropbox/Studienarbeit/Sourcecode/StudienarbeitX/Library/libmaple/wirish/usb_serial.o
                0x08007ad4                _ZN9USBSerial5beginEv
 .text._GLOBAL__I__ZN9USBSerialC2Ev
                0x08007ae4        0xc build//Users/marcus/Dropbox/Studienarbeit/Sourcecode/StudienarbeitX/Library/libmaple/wirish/usb_serial.o
 .text.spi_is_rx_nonempty
                0x08007af0        0xa build//Users/marcus/Dropbox/Studienarbeit/Sourcecode/StudienarbeitX/Library/libmaple/wirish/HardwareSPI.o
 .text.spi_is_busy
                0x08007afa        0xa build//Users/marcus/Dropbox/Studienarbeit/Sourcecode/StudienarbeitX/Library/libmaple/wirish/HardwareSPI.o
 .text._ZN11HardwareSPI4readEPhj
                0x08007b04       0x32 build//Users/marcus/Dropbox/Studienarbeit/Sourcecode/StudienarbeitX/Library/libmaple/wirish/HardwareSPI.o
                0x08007b04                _ZN11HardwareSPI4readEPhj
 .text._ZN11HardwareSPI4readEv
                0x08007b36       0x10 build//Users/marcus/Dropbox/Studienarbeit/Sourcecode/StudienarbeitX/Library/libmaple/wirish/HardwareSPI.o
                0x08007b36                _ZN11HardwareSPI4readEv
 *fill*         0x08007b46        0x2 00
 .text._ZL15dev_to_spi_pinsP7spi_dev
                0x08007b48       0x1c build//Users/marcus/Dropbox/Studienarbeit/Sourcecode/StudienarbeitX/Library/libmaple/wirish/HardwareSPI.o
 .text._ZN11HardwareSPI6nssPinEv
                0x08007b64        0xc build//Users/marcus/Dropbox/Studienarbeit/Sourcecode/StudienarbeitX/Library/libmaple/wirish/HardwareSPI.o
                0x08007b64                _ZN11HardwareSPI6nssPinEv
 .text._ZN11HardwareSPI5writeEPKvj
                0x08007b70       0x12 build//Users/marcus/Dropbox/Studienarbeit/Sourcecode/StudienarbeitX/Library/libmaple/wirish/HardwareSPI.o
                0x08007b70                _ZN11HardwareSPI5writeEPKvj
 .text._ZN11HardwareSPI8transferEh
                0x08007b82       0x1a build//Users/marcus/Dropbox/Studienarbeit/Sourcecode/StudienarbeitX/Library/libmaple/wirish/HardwareSPI.o
                0x08007b82                _ZN11HardwareSPI8transferEh
 .text._ZN11HardwareSPI5writeEh
                0x08007b9c       0x12 build//Users/marcus/Dropbox/Studienarbeit/Sourcecode/StudienarbeitX/Library/libmaple/wirish/HardwareSPI.o
                0x08007b9c                _ZN11HardwareSPI5writeEh
 *fill*         0x08007bae        0x2 00
 .text._ZN11HardwareSPIC1Ej
                0x08007bb0       0x38 build//Users/marcus/Dropbox/Studienarbeit/Sourcecode/StudienarbeitX/Library/libmaple/wirish/HardwareSPI.o
                0x08007bb0                _ZN11HardwareSPIC1Ej
 .text._ZL11disable_pwmPK14stm32_pin_info
                0x08007be8       0x10 build//Users/marcus/Dropbox/Studienarbeit/Sourcecode/StudienarbeitX/Library/libmaple/wirish/HardwareSPI.o
 .text._ZL13enable_deviceP7spi_devb12SPIFrequency12spi_cfg_flag8spi_mode
                0x08007bf8      0x114 build//Users/marcus/Dropbox/Studienarbeit/Sourcecode/StudienarbeitX/Library/libmaple/wirish/HardwareSPI.o
 .text._ZN11HardwareSPI5beginE12SPIFrequencyjj
                0x08007d0c       0x3c build//Users/marcus/Dropbox/Studienarbeit/Sourcecode/StudienarbeitX/Library/libmaple/wirish/HardwareSPI.o
                0x08007d0c                _ZN11HardwareSPI5beginE12SPIFrequencyjj
 .text._Z12digitalWritehh
                0x08007d48       0x30 build//Users/marcus/Dropbox/Studienarbeit/Sourcecode/StudienarbeitX/Library/libmaple/wirish/wirish_digital.o
                0x08007d48                _Z12digitalWritehh
 .text._Z17delayMicrosecondsj
                0x08007d78        0xe build//Users/marcus/Dropbox/Studienarbeit/Sourcecode/StudienarbeitX/Library/libmaple/wirish/wirish_time.o
                0x08007d78                _Z17delayMicrosecondsj
 .text._Z5delaym
                0x08007d86       0x18 build//Users/marcus/Dropbox/Studienarbeit/Sourcecode/StudienarbeitX/Library/libmaple/wirish/wirish_time.o
                0x08007d86                _Z5delaym
 .text._ZN6wirish4priv15board_reset_pllEv
                0x08007d9e        0x2 build//Users/marcus/Dropbox/Studienarbeit/Sourcecode/StudienarbeitX/Library/libmaple/wirish/stm32f1/boards_setup.o
                0x08007d9e                _ZN6wirish4priv15board_reset_pllEv
 .text._ZN6wirish4priv11series_initEv
                0x08007da0        0x4 build//Users/marcus/Dropbox/Studienarbeit/Sourcecode/StudienarbeitX/Library/libmaple/wirish/stm32f1/boards_setup.o
                0x08007da0                _ZN6wirish4priv11series_initEv
 .text._ZN6wirish4priv15board_setup_usbEv
                0x08007da4        0xc build//Users/marcus/Dropbox/Studienarbeit/Sourcecode/StudienarbeitX/Library/libmaple/wirish/stm32f1/boards_setup.o
                0x08007da4                _ZN6wirish4priv15board_setup_usbEv
 .text._ZN6wirish4priv16board_setup_gpioEv
                0x08007db0        0x4 build//Users/marcus/Dropbox/Studienarbeit/Sourcecode/StudienarbeitX/Library/libmaple/wirish/stm32f1/boards_setup.o
                0x08007db0                _ZN6wirish4priv16board_setup_gpioEv
 .text._ZN6wirish4priv28board_setup_clock_prescalersEv
                0x08007db4       0x20 build//Users/marcus/Dropbox/Studienarbeit/Sourcecode/StudienarbeitX/Library/libmaple/wirish/stm32f1/boards_setup.o
                0x08007db4                _ZN6wirish4priv28board_setup_clock_prescalersEv
 .text._Z7pinModeh13WiringPinMode
                0x08007dd4       0x88 build//Users/marcus/Dropbox/Studienarbeit/Sourcecode/StudienarbeitX/Library/libmaple/wirish/stm32f1/wirish_digital.o
                0x08007dd4                _Z7pinModeh13WiringPinMode
 .text._GLOBAL__I_PIN_MAP
                0x08007e5c      0x158 build//Users/marcus/Dropbox/Studienarbeit/Sourcecode/StudienarbeitX/Library/libmaple/wirish/boards/maple/board.o
 .text._ZN13SpiUartDevice6selectEv
                0x08007fb4       0x18 build//Users/marcus/Dropbox/Studienarbeit/Sourcecode/StudienarbeitX/Library/WiFlySerial/SpiUart.o
                0x08007fb4                _ZN13SpiUartDevice6selectEv
 .text._ZN13SpiUartDevice8deselectEv
                0x08007fcc       0x18 build//Users/marcus/Dropbox/Studienarbeit/Sourcecode/StudienarbeitX/Library/WiFlySerial/SpiUart.o
                0x08007fcc                _ZN13SpiUartDevice8deselectEv
 .text._ZN13SpiUartDevice12readRegisterEh
                0x08007fe4       0x30 build//Users/marcus/Dropbox/Studienarbeit/Sourcecode/StudienarbeitX/Library/WiFlySerial/SpiUart.o
                0x08007fe4                _ZN13SpiUartDevice12readRegisterEh
 .text._ZN13SpiUartDevice5writeEPKc
                0x08008014       0x34 build//Users/marcus/Dropbox/Studienarbeit/Sourcecode/StudienarbeitX/Library/WiFlySerial/SpiUart.o
                0x08008014                _ZN13SpiUartDevice5writeEPKc
 .text._ZN13SpiUartDevice9availableEv
                0x08008048        0x6 build//Users/marcus/Dropbox/Studienarbeit/Sourcecode/StudienarbeitX/Library/WiFlySerial/SpiUart.o
                0x08008048                _ZN13SpiUartDevice9availableEv
 .text._ZN13SpiUartDevice4readEv
                0x0800804e       0x1a build//Users/marcus/Dropbox/Studienarbeit/Sourcecode/StudienarbeitX/Library/WiFlySerial/SpiUart.o
                0x0800804e                _ZN13SpiUartDevice4readEv
 .text._ZN13SpiUartDevice5flushEv
                0x08008068       0x18 build//Users/marcus/Dropbox/Studienarbeit/Sourcecode/StudienarbeitX/Library/WiFlySerial/SpiUart.o
                0x08008068                _ZN13SpiUartDevice5flushEv
 .text._ZN13SpiUartDevice13writeRegisterEhh
                0x08008080       0x30 build//Users/marcus/Dropbox/Studienarbeit/Sourcecode/StudienarbeitX/Library/WiFlySerial/SpiUart.o
                0x08008080                _ZN13SpiUartDevice13writeRegisterEhh
 .text._ZN13SpiUartDevice5writeEh
                0x080080b0       0x20 build//Users/marcus/Dropbox/Studienarbeit/Sourcecode/StudienarbeitX/Library/WiFlySerial/SpiUart.o
                0x080080b0                _ZN13SpiUartDevice5writeEh
 .text._ZN13SpiUartDevice13uartConnectedEv
                0x080080d0       0x1e build//Users/marcus/Dropbox/Studienarbeit/Sourcecode/StudienarbeitX/Library/WiFlySerial/SpiUart.o
                0x080080d0                _ZN13SpiUartDevice13uartConnectedEv
 .text._ZN13SpiUartDevice11setBaudRateEm
                0x080080ee       0x30 build//Users/marcus/Dropbox/Studienarbeit/Sourcecode/StudienarbeitX/Library/WiFlySerial/SpiUart.o
                0x080080ee                _ZN13SpiUartDevice11setBaudRateEm
 *fill*         0x0800811e        0x2 00
 .text._ZN13SpiUartDevice13configureUartEm
                0x08008120       0x44 build//Users/marcus/Dropbox/Studienarbeit/Sourcecode/StudienarbeitX/Library/WiFlySerial/SpiUart.o
                0x08008120                _ZN13SpiUartDevice13configureUartEm
 .text._ZN13SpiUartDevice8initUartEm
                0x08008164       0x12 build//Users/marcus/Dropbox/Studienarbeit/Sourcecode/StudienarbeitX/Library/WiFlySerial/SpiUart.o
                0x08008164                _ZN13SpiUartDevice8initUartEm
 *fill*         0x08008176        0x2 00
 .text._ZN13SpiUartDevice5beginEP11HardwareSPIm
                0x08008178       0x40 build//Users/marcus/Dropbox/Studienarbeit/Sourcecode/StudienarbeitX/Library/WiFlySerial/SpiUart.o
                0x08008178                _ZN13SpiUartDevice5beginEP11HardwareSPIm
 .text._ZN11WiFlySerial5writeEh
                0x080081b8        0xc build//Users/marcus/Dropbox/Studienarbeit/Sourcecode/StudienarbeitX/Library/WiFlySerial/WiFlySerial.o
                0x080081b8                _ZN11WiFlySerial5writeEh
 .text._ZN11WiFlySerial4peekEv
                0x080081c4        0x4 build//Users/marcus/Dropbox/Studienarbeit/Sourcecode/StudienarbeitX/Library/WiFlySerial/WiFlySerial.o
                0x080081c4                _ZN11WiFlySerial4peekEv
 .text._ZN11WiFlySerial9availableEv
                0x080081c8        0xa build//Users/marcus/Dropbox/Studienarbeit/Sourcecode/StudienarbeitX/Library/WiFlySerial/WiFlySerial.o
                0x080081c8                _ZN11WiFlySerial9availableEv
 .text._ZN11WiFlySerial4readEv
                0x080081d2        0x6 build//Users/marcus/Dropbox/Studienarbeit/Sourcecode/StudienarbeitX/Library/WiFlySerial/WiFlySerial.o
                0x080081d2                _ZN11WiFlySerial4readEv
 .text._ZN11WiFlySerial5flushEv
                0x080081d8        0x6 build//Users/marcus/Dropbox/Studienarbeit/Sourcecode/StudienarbeitX/Library/WiFlySerial/WiFlySerial.o
                0x080081d8                _ZN11WiFlySerial5flushEv
 *fill*         0x080081de        0x2 00
 .text._ZN11WiFlySerialC1Ev
                0x080081e0       0x60 build//Users/marcus/Dropbox/Studienarbeit/Sourcecode/StudienarbeitX/Library/WiFlySerial/WiFlySerial.o
                0x080081e0                _ZN11WiFlySerialC1Ev
 .text._ZN11WiFlySerial14ScanForPatternEPciPKcbmb
                0x08008240      0x188 build//Users/marcus/Dropbox/Studienarbeit/Sourcecode/StudienarbeitX/Library/WiFlySerial/WiFlySerial.o
                0x08008240                _ZN11WiFlySerial14ScanForPatternEPciPKcbmb
 .text._ZN11WiFlySerial16StartCommandModeEPci
                0x080083c8      0x184 build//Users/marcus/Dropbox/Studienarbeit/Sourcecode/StudienarbeitX/Library/WiFlySerial/WiFlySerial.o
                0x080083c8                _ZN11WiFlySerial16StartCommandModeEPci
 .text._ZN11WiFlySerial11SendCommandEPKcS1_Pcibmbb
                0x0800854c      0x110 build//Users/marcus/Dropbox/Studienarbeit/Sourcecode/StudienarbeitX/Library/WiFlySerial/WiFlySerial.o
                0x0800854c                _ZN11WiFlySerial11SendCommandEPKcS1_Pcibmbb
 .text._ZN11WiFlySerial12issueSettingEiPKc
                0x0800865c       0x54 build//Users/marcus/Dropbox/Studienarbeit/Sourcecode/StudienarbeitX/Library/WiFlySerial/WiFlySerial.o
                0x0800865c                _ZN11WiFlySerial12issueSettingEiPKc
 .text._ZN11WiFlySerial11setBaudrateEPKc
                0x080086b0        0x8 build//Users/marcus/Dropbox/Studienarbeit/Sourcecode/StudienarbeitX/Library/WiFlySerial/WiFlySerial.o
                0x080086b0                _ZN11WiFlySerial11setBaudrateEPKc
 .text._ZN11WiFlySerial12GetCmdPromptEv
                0x080086b8       0xb0 build//Users/marcus/Dropbox/Studienarbeit/Sourcecode/StudienarbeitX/Library/WiFlySerial/WiFlySerial.o
                0x080086b8                _ZN11WiFlySerial12GetCmdPromptEv
 .text._ZN11WiFlySerial5beginEP13SpiUartDevice
                0x08008768       0x44 build//Users/marcus/Dropbox/Studienarbeit/Sourcecode/StudienarbeitX/Library/WiFlySerial/WiFlySerial.o
                0x08008768                _ZN11WiFlySerial5beginEP13SpiUartDevice
 .text._Z7premainv
                0x080087ac        0x4 build//Users/marcus/Dropbox/Studienarbeit/Sourcecode/StudienarbeitX/Improving_WiFly_Speed.o
                0x080087ac                _Z7premainv
 .text._Z4loopv
                0x080087b0       0x68 build//Users/marcus/Dropbox/Studienarbeit/Sourcecode/StudienarbeitX/Improving_WiFly_Speed.o
                0x080087b0                _Z4loopv
 .text._Z5setupv
                0x08008818       0xa4 build//Users/marcus/Dropbox/Studienarbeit/Sourcecode/StudienarbeitX/Improving_WiFly_Speed.o
                0x08008818                _Z5setupv
 .text.main     0x080088bc        0xc build//Users/marcus/Dropbox/Studienarbeit/Sourcecode/StudienarbeitX/Improving_WiFly_Speed.o
                0x080088bc                main
 .text._GLOBAL__I_spi
                0x080088c8       0x30 build//Users/marcus/Dropbox/Studienarbeit/Sourcecode/StudienarbeitX/Improving_WiFly_Speed.o
 .text          0x080088f8       0x2c /usr/local/bin/../lib/gcc/arm-none-eabi/4.4.1/thumb2/libgcc.a(_aeabi_uldivmod.o)
                0x080088f8                __aeabi_uldivmod
 .text          0x08008924       0x58 /usr/local/bin/../lib/gcc/arm-none-eabi/4.4.1/thumb2/libgcc.a(bpabi.o)
                0x08008924                __gnu_uldivmod_helper
                0x08008950                __gnu_ldivmod_helper
 .text          0x0800897c        0x4 /usr/local/bin/../lib/gcc/arm-none-eabi/4.4.1/thumb2/libgcc.a(_dvmd_tls.o)
                0x0800897c                __aeabi_ldiv0
                0x0800897c                __aeabi_idiv0
 .text          0x08008980      0x364 /usr/local/bin/../lib/gcc/arm-none-eabi/4.4.1/thumb2/libgcc.a(_divdi3.o)
                0x08008980                __divdi3
 .text          0x08008ce4      0x300 /usr/local/bin/../lib/gcc/arm-none-eabi/4.4.1/thumb2/libgcc.a(_udivdi3.o)
                0x08008ce4                __udivdi3
 *fill*         0x08008fe4        0x4 00
 .text          0x08008fe8      0x278 /usr/local/bin/../lib/gcc/arm-none-eabi/4.4.1/thumb2/libgcc.a(_udivsi3.o)
                0x08008fe8                __udivsi3
                0x08008fe8                __aeabi_uidiv
                0x08009244                __aeabi_uidivmod
 .text.__libc_init_array
                0x08009260       0x4c /usr/local/bin/../lib/gcc/arm-none-eabi/4.4.1/../../../../arm-none-eabi/lib/thumb2/libc.a(lib_a-init.o)
                0x08009260                __libc_init_array
 .text.memset   0x080092ac       0x12 /usr/local/bin/../lib/gcc/arm-none-eabi/4.4.1/../../../../arm-none-eabi/lib/thumb2/libc.a(lib_a-memset.o)
                0x080092ac                memset
 .text.strchr   0x080092be       0x18 /usr/local/bin/../lib/gcc/arm-none-eabi/4.4.1/../../../../arm-none-eabi/lib/thumb2/libc.a(lib_a-strchr.o)
                0x080092be                strchr
 .text.strcpy   0x080092d6       0x10 /usr/local/bin/../lib/gcc/arm-none-eabi/4.4.1/../../../../arm-none-eabi/lib/thumb2/libc.a(lib_a-strcpy.o)
                0x080092d6                strcpy
 .text.strlen   0x080092e6       0x10 /usr/local/bin/../lib/gcc/arm-none-eabi/4.4.1/../../../../arm-none-eabi/lib/thumb2/libc.a(lib_a-strlen.o)
                0x080092e6                strlen
 .text.strncat  0x080092f6       0x26 /usr/local/bin/../lib/gcc/arm-none-eabi/4.4.1/../../../../arm-none-eabi/lib/thumb2/libc.a(lib_a-strncat.o)
                0x080092f6                strncat
 .text.strncpy  0x0800931c       0x30 /usr/local/bin/../lib/gcc/arm-none-eabi/4.4.1/../../../../arm-none-eabi/lib/thumb2/libc.a(lib_a-strncpy.o)
                0x0800931c                strncpy
 .text.strrchr  0x0800934c       0x2c /usr/local/bin/../lib/gcc/arm-none-eabi/4.4.1/../../../../arm-none-eabi/lib/thumb2/libc.a(lib_a-strrchr.o)
                0x0800934c                strrchr
 *(.plt)
 *(.gnu.warning)
 *(.glue_7t)
 .glue_7t       0x00000000        0x0 linker stubs
 *(.glue_7)
 .glue_7        0x00000000        0x0 linker stubs
 *(.vfp11_veneer)
 .vfp11_veneer  0x00000000        0x0 linker stubs
 *(.ARM.extab* .gnu.linkonce.armextab.*)
 *(.gcc_except_table)
 *(.eh_frame_hdr)
 *(.eh_frame)
                0x08009378                . = ALIGN (0x4)
 *(.init)
 .init          0x08009378        0x4 /usr/local/bin/../lib/gcc/arm-none-eabi/4.4.1/thumb2/crti.o
                0x08009378                _init
 .init          0x0800937c        0x8 /usr/local/bin/../lib/gcc/arm-none-eabi/4.4.1/thumb2/crtn.o
                0x08009384                . = ALIGN (0x4)
                0x08009384                __preinit_array_start = .
 *(.preinit_array)
                0x08009384                __preinit_array_end = .
                0x08009384                . = ALIGN (0x4)
                0x08009384                __init_array_start = .
 *(SORT(.init_array.*))
 *(.init_array)
 .init_array    0x08009384        0x4 /usr/local/bin/../lib/gcc/arm-none-eabi/4.4.1/thumb2/crtbegin.o
 .init_array    0x08009388        0x4 build//Users/marcus/Dropbox/Studienarbeit/Sourcecode/StudienarbeitX/Library/libmaple/wirish/HardwareSerial.o
 .init_array    0x0800938c        0x4 build//Users/marcus/Dropbox/Studienarbeit/Sourcecode/StudienarbeitX/Library/libmaple/wirish/HardwareTimer.o
 .init_array    0x08009390        0x4 build//Users/marcus/Dropbox/Studienarbeit/Sourcecode/StudienarbeitX/Library/libmaple/wirish/usb_serial.o
 .init_array    0x08009394        0x4 build//Users/marcus/Dropbox/Studienarbeit/Sourcecode/StudienarbeitX/Library/libmaple/wirish/boards/maple/board.o
 .init_array    0x08009398        0x8 build//Users/marcus/Dropbox/Studienarbeit/Sourcecode/StudienarbeitX/Improving_WiFly_Speed.o
                0x080093a0                __init_array_end = .
                0x080093a0                . = ALIGN (0x4)
 *crtbegin.o(.ctors)
 *(EXCLUDE_FILE(*crtend.o) .ctors)
 *(SORT(.ctors.*))
 *crtend.o(.ctors)
                0x080093a0                . = ALIGN (0x4)
 *(.fini)
 .fini          0x080093a0        0x4 /usr/local/bin/../lib/gcc/arm-none-eabi/4.4.1/thumb2/crti.o
                0x080093a0                _fini
 .fini          0x080093a4        0x8 /usr/local/bin/../lib/gcc/arm-none-eabi/4.4.1/thumb2/crtn.o
                0x080093ac                . = ALIGN (0x4)
                0x080093ac                __fini_array_start = .
 *(.fini_array)
 .fini_array    0x080093ac        0x4 /usr/local/bin/../lib/gcc/arm-none-eabi/4.4.1/thumb2/crtbegin.o
 *(SORT(.fini_array.*))
                0x080093b0                __fini_array_end = .
 *crtbegin.o(.dtors)
 *(EXCLUDE_FILE(*crtend.o) .dtors)
 *(SORT(.dtors.*))
 *crtend.o(.dtors)

.v4_bx          0x080093b0        0x0
 .v4_bx         0x00000000        0x0 linker stubs

.text.align     0x080093b0        0x0
                0x080093b0                . = ALIGN (0x8)
                0x080093b0                _etext = .
                0x080093b0                __exidx_start = .

.ARM.exidx      0x080093b0        0x8
 *(.ARM.exidx* .gnu.linkonce.armexidx.*)
 .ARM.exidx     0x080093b0        0x8 build//Users/marcus/Dropbox/Studienarbeit/Sourcecode/StudienarbeitX/Library/libmaple/wirish/start.o
 .ARM.exidx     0x080093b8        0x0 /usr/local/bin/../lib/gcc/arm-none-eabi/4.4.1/thumb2/libgcc.a(_divdi3.o)
                                  0x8 (size before relaxing)
 .ARM.exidx     0x080093b8        0x0 /usr/local/bin/../lib/gcc/arm-none-eabi/4.4.1/thumb2/libgcc.a(_udivdi3.o)
                                  0x8 (size before relaxing)
                0x080093b8                __exidx_end = .

.data           0x20000c00      0x7c8 load address 0x080093b8
                0x20000c00                . = ALIGN (0x8)
                0x20000c00                _data = .
 *(.got.plt)
 *(.got)
 *(.data .data.* .gnu.linkonce.d.*)
 .data.exti_channels
                0x20000c00       0x80 build//Users/marcus/Dropbox/Studienarbeit/Sourcecode/StudienarbeitX/Library/libmaple/libmaple/exti.o
 .data.timer3   0x20000c80       0x24 build//Users/marcus/Dropbox/Studienarbeit/Sourcecode/StudienarbeitX/Library/libmaple/libmaple/timer.o
 .data.timer4   0x20000ca4       0x24 build//Users/marcus/Dropbox/Studienarbeit/Sourcecode/StudienarbeitX/Library/libmaple/libmaple/timer.o
 .data.TIMER1   0x20000cc8        0x4 build//Users/marcus/Dropbox/Studienarbeit/Sourcecode/StudienarbeitX/Library/libmaple/libmaple/timer.o
                0x20000cc8                TIMER1
 .data.TIMER2   0x20000ccc        0x4 build//Users/marcus/Dropbox/Studienarbeit/Sourcecode/StudienarbeitX/Library/libmaple/libmaple/timer.o
                0x20000ccc                TIMER2
 .data.TIMER3   0x20000cd0        0x4 build//Users/marcus/Dropbox/Studienarbeit/Sourcecode/StudienarbeitX/Library/libmaple/libmaple/timer.o
                0x20000cd0                TIMER3
 .data.TIMER4   0x20000cd4        0x4 build//Users/marcus/Dropbox/Studienarbeit/Sourcecode/StudienarbeitX/Library/libmaple/libmaple/timer.o
                0x20000cd4                TIMER4
 .data.timer1   0x20000cd8       0x28 build//Users/marcus/Dropbox/Studienarbeit/Sourcecode/StudienarbeitX/Library/libmaple/libmaple/timer.o
 .data.timer2   0x20000d00       0x24 build//Users/marcus/Dropbox/Studienarbeit/Sourcecode/StudienarbeitX/Library/libmaple/libmaple/timer.o
 .data.USBLIB   0x20000d24        0x4 build//Users/marcus/Dropbox/Studienarbeit/Sourcecode/StudienarbeitX/Library/libmaple/libmaple/usb/stm32f1/usb.o
                0x20000d24                USBLIB
 .data.usblib   0x20000d28       0x10 build//Users/marcus/Dropbox/Studienarbeit/Sourcecode/StudienarbeitX/Library/libmaple/libmaple/usb/stm32f1/usb.o
 .data.Device_Descriptor
                0x20000d38        0x8 build//Users/marcus/Dropbox/Studienarbeit/Sourcecode/StudienarbeitX/Library/libmaple/libmaple/usb/stm32f1/usb_cdcacm.o
                0x20000d38                Device_Descriptor
 .data.Config_Descriptor
                0x20000d40        0x8 build//Users/marcus/Dropbox/Studienarbeit/Sourcecode/StudienarbeitX/Library/libmaple/libmaple/usb/stm32f1/usb_cdcacm.o
                0x20000d40                Config_Descriptor
 .data.User_Standard_Requests
                0x20000d48       0x24 build//Users/marcus/Dropbox/Studienarbeit/Sourcecode/StudienarbeitX/Library/libmaple/libmaple/usb/stm32f1/usb_cdcacm.o
                0x20000d48                User_Standard_Requests
 .data.ep_int_in
                0x20000d6c       0x1c build//Users/marcus/Dropbox/Studienarbeit/Sourcecode/StudienarbeitX/Library/libmaple/libmaple/usb/stm32f1/usb_cdcacm.o
 .data.ep_int_out
                0x20000d88       0x1c build//Users/marcus/Dropbox/Studienarbeit/Sourcecode/StudienarbeitX/Library/libmaple/libmaple/usb/stm32f1/usb_cdcacm.o
 .data.maxNewBytes
                0x20000da4        0x4 build//Users/marcus/Dropbox/Studienarbeit/Sourcecode/StudienarbeitX/Library/libmaple/libmaple/usb/stm32f1/usb_cdcacm.o
                0x20000da4                maxNewBytes
 .data.line_coding
                0x20000da8        0x8 build//Users/marcus/Dropbox/Studienarbeit/Sourcecode/StudienarbeitX/Library/libmaple/libmaple/usb/stm32f1/usb_cdcacm.o
                0x20000da8                line_coding
 .data.String_Descriptor
                0x20000db0       0x18 build//Users/marcus/Dropbox/Studienarbeit/Sourcecode/StudienarbeitX/Library/libmaple/libmaple/usb/stm32f1/usb_cdcacm.o
                0x20000db0                String_Descriptor
 .data.Device_Property
                0x20000dc8       0x30 build//Users/marcus/Dropbox/Studienarbeit/Sourcecode/StudienarbeitX/Library/libmaple/libmaple/usb/stm32f1/usb_cdcacm.o
                0x20000dc8                Device_Property
 .data.Device_Table
                0x20000df8        0x4 build//Users/marcus/Dropbox/Studienarbeit/Sourcecode/StudienarbeitX/Library/libmaple/libmaple/usb/stm32f1/usb_cdcacm.o
                0x20000df8                Device_Table
 .data.adc1     0x20000dfc        0x8 build//Users/marcus/Dropbox/Studienarbeit/Sourcecode/StudienarbeitX/Library/libmaple/libmaple/stm32f1/adc.o
 .data.adc2     0x20000e04        0x8 build//Users/marcus/Dropbox/Studienarbeit/Sourcecode/StudienarbeitX/Library/libmaple/libmaple/stm32f1/adc.o
 .data.ADC1     0x20000e0c        0x4 build//Users/marcus/Dropbox/Studienarbeit/Sourcecode/StudienarbeitX/Library/libmaple/libmaple/stm32f1/adc.o
                0x20000e0c                ADC1
 .data.ADC2     0x20000e10        0x4 build//Users/marcus/Dropbox/Studienarbeit/Sourcecode/StudienarbeitX/Library/libmaple/libmaple/stm32f1/adc.o
                0x20000e10                ADC2
 .data.DMA1     0x20000e14        0x4 build//Users/marcus/Dropbox/Studienarbeit/Sourcecode/StudienarbeitX/Library/libmaple/libmaple/stm32f1/dma.o
                0x20000e14                DMA1
 .data.dma1     0x20000e18       0x40 build//Users/marcus/Dropbox/Studienarbeit/Sourcecode/StudienarbeitX/Library/libmaple/libmaple/stm32f1/dma.o
 .data.gpioa    0x20000e58        0x8 build//Users/marcus/Dropbox/Studienarbeit/Sourcecode/StudienarbeitX/Library/libmaple/libmaple/stm32f1/gpio.o
                0x20000e58                gpioa
 .data.gpiob    0x20000e60        0x8 build//Users/marcus/Dropbox/Studienarbeit/Sourcecode/StudienarbeitX/Library/libmaple/libmaple/stm32f1/gpio.o
                0x20000e60                gpiob
 .data.gpioc    0x20000e68        0x8 build//Users/marcus/Dropbox/Studienarbeit/Sourcecode/StudienarbeitX/Library/libmaple/libmaple/stm32f1/gpio.o
                0x20000e68                gpioc
 .data.gpiod    0x20000e70        0x8 build//Users/marcus/Dropbox/Studienarbeit/Sourcecode/StudienarbeitX/Library/libmaple/libmaple/stm32f1/gpio.o
                0x20000e70                gpiod
 .data.i2c1     0x20000e78       0x24 build//Users/marcus/Dropbox/Studienarbeit/Sourcecode/StudienarbeitX/Library/libmaple/libmaple/stm32f1/i2c.o
 .data.i2c2     0x20000e9c       0x24 build//Users/marcus/Dropbox/Studienarbeit/Sourcecode/StudienarbeitX/Library/libmaple/libmaple/stm32f1/i2c.o
 .data.enable_regs.1593
                0x20000ec0        0xc build//Users/marcus/Dropbox/Studienarbeit/Sourcecode/StudienarbeitX/Library/libmaple/libmaple/stm32f1/rcc.o
 .data.reset_regs.1597
                0x20000ecc        0x8 build//Users/marcus/Dropbox/Studienarbeit/Sourcecode/StudienarbeitX/Library/libmaple/libmaple/stm32f1/rcc.o
 .data.spi1     0x20000ed4        0x8 build//Users/marcus/Dropbox/Studienarbeit/Sourcecode/StudienarbeitX/Library/libmaple/libmaple/stm32f1/spi.o
 .data.spi2     0x20000edc        0x8 build//Users/marcus/Dropbox/Studienarbeit/Sourcecode/StudienarbeitX/Library/libmaple/libmaple/stm32f1/spi.o
 .data.SPI1     0x20000ee4        0x4 build//Users/marcus/Dropbox/Studienarbeit/Sourcecode/StudienarbeitX/Library/libmaple/libmaple/stm32f1/spi.o
                0x20000ee4                SPI1
 .data.SPI2     0x20000ee8        0x4 build//Users/marcus/Dropbox/Studienarbeit/Sourcecode/StudienarbeitX/Library/libmaple/libmaple/stm32f1/spi.o
                0x20000ee8                SPI2
 .data.USART1   0x20000eec        0x4 build//Users/marcus/Dropbox/Studienarbeit/Sourcecode/StudienarbeitX/Library/libmaple/libmaple/stm32f1/usart.o
                0x20000eec                USART1
 .data.USART2   0x20000ef0        0x4 build//Users/marcus/Dropbox/Studienarbeit/Sourcecode/StudienarbeitX/Library/libmaple/libmaple/stm32f1/usart.o
                0x20000ef0                USART2
 .data.USART3   0x20000ef4        0x4 build//Users/marcus/Dropbox/Studienarbeit/Sourcecode/StudienarbeitX/Library/libmaple/libmaple/stm32f1/usart.o
                0x20000ef4                USART3
 .data.usart1   0x20000ef8       0x50 build//Users/marcus/Dropbox/Studienarbeit/Sourcecode/StudienarbeitX/Library/libmaple/libmaple/stm32f1/usart.o
 .data.usart2   0x20000f48       0x50 build//Users/marcus/Dropbox/Studienarbeit/Sourcecode/StudienarbeitX/Library/libmaple/libmaple/stm32f1/usart.o
 .data.usart3   0x20000f98       0x50 build//Users/marcus/Dropbox/Studienarbeit/Sourcecode/StudienarbeitX/Library/libmaple/libmaple/stm32f1/usart.o
 .data._ZN6wirish4privL8pll_dataE
                0x20000fe8        0x4 build//Users/marcus/Dropbox/Studienarbeit/Sourcecode/StudienarbeitX/Library/libmaple/wirish/stm32f1/boards_setup.o
 .data._ZN6wirish4priv9w_adc_smpE
                0x20000fec        0x1 build//Users/marcus/Dropbox/Studienarbeit/Sourcecode/StudienarbeitX/Library/libmaple/wirish/stm32f1/boards_setup.o
                0x20000fec                _ZN6wirish4priv9w_adc_smpE
 *fill*         0x20000fed        0x1 00
 .data._ZN6wirish4priv9w_adc_preE
                0x20000fee        0x2 build//Users/marcus/Dropbox/Studienarbeit/Sourcecode/StudienarbeitX/Library/libmaple/wirish/stm32f1/boards_setup.o
                0x20000fee                _ZN6wirish4priv9w_adc_preE
 .data._ZN6wirish4priv15w_board_pll_cfgE
                0x20000ff0        0x8 build//Users/marcus/Dropbox/Studienarbeit/Sourcecode/StudienarbeitX/Library/libmaple/wirish/stm32f1/boards_setup.o
                0x20000ff0                _ZN6wirish4priv15w_board_pll_cfgE
 .data.PIN_MAP  0x20000ff8      0x2c0 build//Users/marcus/Dropbox/Studienarbeit/Sourcecode/StudienarbeitX/Library/libmaple/wirish/boards/maple/board.o
                0x20000ff8                PIN_MAP
 .data.SPI_Uart_config
                0x200012b8        0x4 build//Users/marcus/Dropbox/Studienarbeit/Sourcecode/StudienarbeitX/Library/WiFlySerial/SpiUart.o
                0x200012b8                SPI_Uart_config
 .data.WiFlyDevice_string_table
                0x200012bc       0xe8 build//Users/marcus/Dropbox/Studienarbeit/Sourcecode/StudienarbeitX/Library/WiFlySerial/WiFlySerial.o
                0x200012bc                WiFlyDevice_string_table
 .data._ZL17WiFlyFixedPrompts
                0x200013a4       0x24 build//Users/marcus/Dropbox/Studienarbeit/Sourcecode/StudienarbeitX/Library/WiFlySerial/WiFlySerial.o
                0x200013c8                . = ALIGN (0x8)
                0x200013c8                _edata = .

.jcr            0x200013c8        0x0 load address 0x08009b80
 .jcr           0x200013c8        0x0 /usr/local/bin/../lib/gcc/arm-none-eabi/4.4.1/thumb2/crtbegin.o

.rodata         0x08009b80      0xbc4
 *(.rodata .rodata.* .gnu.linkonce.r.*)
 .rodata.str1.1
                0x08009b80       0xb6 build//Users/marcus/Dropbox/Studienarbeit/Sourcecode/StudienarbeitX/Library/libmaple/libmaple/timer.o
                                 0xb8 (size before relaxing)
 .rodata.str1.1
                0x08009c36       0x3f build//Users/marcus/Dropbox/Studienarbeit/Sourcecode/StudienarbeitX/Library/libmaple/libmaple/util.o
                                 0x42 (size before relaxing)
 .rodata.str1.1
                0x08009c75       0x9a build//Users/marcus/Dropbox/Studienarbeit/Sourcecode/StudienarbeitX/Library/libmaple/libmaple/i2c.o
                                 0x9c (size before relaxing)
 .rodata.str1.1
                0x08009d0f       0x7e build//Users/marcus/Dropbox/Studienarbeit/Sourcecode/StudienarbeitX/Library/libmaple/libmaple/usb/stm32f1/usb.o
 *fill*         0x08009d8d        0x3 00
 .rodata.usbVcomDescriptor_iProduct
                0x08009d90       0x14 build//Users/marcus/Dropbox/Studienarbeit/Sourcecode/StudienarbeitX/Library/libmaple/libmaple/usb/stm32f1/usb_cdcacm.o
                0x08009d90                usbVcomDescriptor_iProduct
 .rodata.usbVcomDescriptor_iManufacturer
                0x08009da4       0x14 build//Users/marcus/Dropbox/Studienarbeit/Sourcecode/StudienarbeitX/Library/libmaple/libmaple/usb/stm32f1/usb_cdcacm.o
                0x08009da4                usbVcomDescriptor_iManufacturer
 .rodata.usbVcomDescriptor_Device
                0x08009db8       0x14 build//Users/marcus/Dropbox/Studienarbeit/Sourcecode/StudienarbeitX/Library/libmaple/libmaple/usb/stm32f1/usb_cdcacm.o
                0x08009db8                usbVcomDescriptor_Device
 .rodata.usbVcomDescriptor_Config
                0x08009dcc       0x44 build//Users/marcus/Dropbox/Studienarbeit/Sourcecode/StudienarbeitX/Library/libmaple/libmaple/usb/stm32f1/usb_cdcacm.o
                0x08009dcc                usbVcomDescriptor_Config
 .rodata.usbVcomDescriptor_LangID
                0x08009e10        0x4 build//Users/marcus/Dropbox/Studienarbeit/Sourcecode/StudienarbeitX/Library/libmaple/libmaple/usb/stm32f1/usb_cdcacm.o
                0x08009e10                usbVcomDescriptor_LangID
 .rodata.GPIOA  0x08009e14        0x4 build//Users/marcus/Dropbox/Studienarbeit/Sourcecode/StudienarbeitX/Library/libmaple/libmaple/stm32f1/gpio.o
                0x08009e14                GPIOA
 .rodata.GPIOB  0x08009e18        0x4 build//Users/marcus/Dropbox/Studienarbeit/Sourcecode/StudienarbeitX/Library/libmaple/libmaple/stm32f1/gpio.o
                0x08009e18                GPIOB
 .rodata.GPIOC  0x08009e1c        0x4 build//Users/marcus/Dropbox/Studienarbeit/Sourcecode/StudienarbeitX/Library/libmaple/libmaple/stm32f1/gpio.o
                0x08009e1c                GPIOC
 .rodata.GPIOD  0x08009e20        0x4 build//Users/marcus/Dropbox/Studienarbeit/Sourcecode/StudienarbeitX/Library/libmaple/libmaple/stm32f1/gpio.o
                0x08009e20                GPIOD
 .rodata.masks.1602
                0x08009e24       0x14 build//Users/marcus/Dropbox/Studienarbeit/Sourcecode/StudienarbeitX/Library/libmaple/libmaple/stm32f1/rcc.o
 .rodata.str1.1
                0x08009e38       0xbc build//Users/marcus/Dropbox/Studienarbeit/Sourcecode/StudienarbeitX/Library/libmaple/libmaple/stm32f1/rcc.o
 .rodata.rcc_dev_table
                0x08009ef4       0x5c build//Users/marcus/Dropbox/Studienarbeit/Sourcecode/StudienarbeitX/Library/libmaple/libmaple/stm32f1/rcc.o
                0x08009ef4                rcc_dev_table
 .rodata.str1.1
                0x08009f50       0x74 build//Users/marcus/Dropbox/Studienarbeit/Sourcecode/StudienarbeitX/Library/libmaple/libmaple/stm32f1/usart.o
 *fill*         0x08009fc4        0x4 00
 .rodata._ZTV14HardwareSerial
                0x08009fc8       0x18 build//Users/marcus/Dropbox/Studienarbeit/Sourcecode/StudienarbeitX/Library/libmaple/wirish/HardwareSerial.o
                0x08009fc8                _ZTV14HardwareSerial
 .rodata.str1.1
                0x08009fe0       0x7a build//Users/marcus/Dropbox/Studienarbeit/Sourcecode/StudienarbeitX/Library/libmaple/wirish/HardwareTimer.o
 *fill*         0x0800a05a        0x6 00
 .rodata._ZTV5Print
                0x0800a060       0x18 build//Users/marcus/Dropbox/Studienarbeit/Sourcecode/StudienarbeitX/Library/libmaple/wirish/Print.o
                0x0800a060                _ZTV5Print
 .rodata._ZTV9USBSerial
                0x0800a078       0x18 build//Users/marcus/Dropbox/Studienarbeit/Sourcecode/StudienarbeitX/Library/libmaple/wirish/usb_serial.o
                0x0800a078                _ZTV9USBSerial
 .rodata.str1.1
                0x0800a090       0x66 build//Users/marcus/Dropbox/Studienarbeit/Sourcecode/StudienarbeitX/Library/libmaple/wirish/HardwareSPI.o
                                 0x68 (size before relaxing)
 *fill*         0x0800a0f6        0x2 00
 .rodata.CSWTCH.32
                0x0800a0f8        0x8 build//Users/marcus/Dropbox/Studienarbeit/Sourcecode/StudienarbeitX/Library/libmaple/wirish/HardwareSPI.o
 .rodata.str1.1
                0x0800a100       0x71 build//Users/marcus/Dropbox/Studienarbeit/Sourcecode/StudienarbeitX/Library/libmaple/wirish/stm32f1/wirish_digital.o
                                 0x73 (size before relaxing)
 *fill*         0x0800a171        0x7 00
 .rodata._ZTV13SpiUartDevice
                0x0800a178       0x18 build//Users/marcus/Dropbox/Studienarbeit/Sourcecode/StudienarbeitX/Library/WiFlySerial/SpiUart.o
                0x0800a178                _ZTV13SpiUartDevice
 .rodata._ZTV11WiFlySerial
                0x0800a190       0x28 build//Users/marcus/Dropbox/Studienarbeit/Sourcecode/StudienarbeitX/Library/WiFlySerial/WiFlySerial.o
                0x0800a190                _ZTV11WiFlySerial
 .rodata._ZL15WiFlyFixedFlags
                0x0800a1b8        0xc build//Users/marcus/Dropbox/Studienarbeit/Sourcecode/StudienarbeitX/Library/WiFlySerial/WiFlySerial.o
 .rodata.str1.1
                0x0800a1c4      0x2e0 build//Users/marcus/Dropbox/Studienarbeit/Sourcecode/StudienarbeitX/Library/WiFlySerial/WiFlySerial.o
                                0x2e5 (size before relaxing)
 .rodata.str1.1
                0x0800a4a4       0x14 build//Users/marcus/Dropbox/Studienarbeit/Sourcecode/StudienarbeitX/Improving_WiFly_Speed.o
                                 0x18 (size before relaxing)
 *(.USER_FLASH)
 .USER_FLASH    0x0800a4b8       0x10 build//Users/marcus/Dropbox/Studienarbeit/Sourcecode/StudienarbeitX/Library/libmaple/wirish/HardwareSPI.o
 .USER_FLASH    0x0800a4c8      0x278 build//Users/marcus/Dropbox/Studienarbeit/Sourcecode/StudienarbeitX/Library/WiFlySerial/WiFlySerial.o
                0x0800a740                . = ALIGN (0x4)
                0x0800a740                _lm_rom_img_cfgp = .
                0x0800a740        0x4 LONG 0x80093b8 LOADADDR (.data)
                [0x20001598]                _lm_heap_start = DEFINED (_lm_heap_start)?_lm_heap_start:_end
                [0x20005000]                _lm_heap_end = DEFINED (_lm_heap_end)?_lm_heap_end:__msp_init

.bss            0x200013c8      0x1d0
                0x200013c8                . = ALIGN (0x8)
                0x200013c8                _bss = .
 *(.bss .bss.* .gnu.linkonce.b.*)
 .bss           0x200013c8        0x1 /usr/local/bin/../lib/gcc/arm-none-eabi/4.4.1/thumb2/crtbegin.o
 *fill*         0x200013c9        0x3 00
 .bss.systick_user_callback
                0x200013cc        0x4 build//Users/marcus/Dropbox/Studienarbeit/Sourcecode/StudienarbeitX/Library/libmaple/libmaple/systick.o
 .bss.line_dtr_rts
                0x200013d0        0x1 build//Users/marcus/Dropbox/Studienarbeit/Sourcecode/StudienarbeitX/Library/libmaple/libmaple/usb/stm32f1/usb_cdcacm.o
                0x200013d0                line_dtr_rts
 *fill*         0x200013d1        0x3 00
 .bss.offset.2487
                0x200013d4        0x4 build//Users/marcus/Dropbox/Studienarbeit/Sourcecode/StudienarbeitX/Library/libmaple/libmaple/usb/stm32f1/usb_cdcacm.o
 .bss.recvBufOut
                0x200013d8        0x4 build//Users/marcus/Dropbox/Studienarbeit/Sourcecode/StudienarbeitX/Library/libmaple/libmaple/usb/stm32f1/usb_cdcacm.o
                0x200013d8                recvBufOut
 .bss.reset_state
                0x200013dc        0x1 build//Users/marcus/Dropbox/Studienarbeit/Sourcecode/StudienarbeitX/Library/libmaple/libmaple/usb/stm32f1/usb_cdcacm.o
                0x200013dc                reset_state
 *fill*         0x200013dd        0x3 00
 .bss.newBytes  0x200013e0        0x4 build//Users/marcus/Dropbox/Studienarbeit/Sourcecode/StudienarbeitX/Library/libmaple/libmaple/usb/stm32f1/usb_cdcacm.o
                0x200013e0                newBytes
 .bss.countTx   0x200013e4        0x4 build//Users/marcus/Dropbox/Studienarbeit/Sourcecode/StudienarbeitX/Library/libmaple/libmaple/usb/stm32f1/usb_cdcacm.o
                0x200013e4                countTx
 .bss.last_request
                0x200013e8        0x1 build//Users/marcus/Dropbox/Studienarbeit/Sourcecode/StudienarbeitX/Library/libmaple/libmaple/usb/stm32f1/usb_cdcacm.o
                0x200013e8                last_request
 *fill*         0x200013e9        0x3 00
 .bss.recvBufIn
                0x200013ec        0x4 build//Users/marcus/Dropbox/Studienarbeit/Sourcecode/StudienarbeitX/Library/libmaple/libmaple/usb/stm32f1/usb_cdcacm.o
                0x200013ec                recvBufIn
 .bss.Data_Mul_MaxPacketSize
                0x200013f0        0x1 build//Users/marcus/Dropbox/Studienarbeit/Sourcecode/StudienarbeitX/Library/libmaple/libmaple/usb/usb_lib/usb_core.o
                0x200013f0                Data_Mul_MaxPacketSize
 *fill*         0x200013f1        0x3 00
 .bss.usart1_rb
                0x200013f4        0xc build//Users/marcus/Dropbox/Studienarbeit/Sourcecode/StudienarbeitX/Library/libmaple/libmaple/stm32f1/usart.o
 .bss.usart2_rb
                0x20001400        0xc build//Users/marcus/Dropbox/Studienarbeit/Sourcecode/StudienarbeitX/Library/libmaple/libmaple/stm32f1/usart.o
 .bss.usart3_rb
                0x2000140c        0xc build//Users/marcus/Dropbox/Studienarbeit/Sourcecode/StudienarbeitX/Library/libmaple/libmaple/stm32f1/usart.o
 .bss.Serial1   0x20001418        0xc build//Users/marcus/Dropbox/Studienarbeit/Sourcecode/StudienarbeitX/Library/libmaple/wirish/HardwareSerial.o
                0x20001418                Serial1
 .bss.Serial2   0x20001424        0xc build//Users/marcus/Dropbox/Studienarbeit/Sourcecode/StudienarbeitX/Library/libmaple/wirish/HardwareSerial.o
                0x20001424                Serial2
 .bss.Serial3   0x20001430        0xc build//Users/marcus/Dropbox/Studienarbeit/Sourcecode/StudienarbeitX/Library/libmaple/wirish/HardwareSerial.o
                0x20001430                Serial3
 .bss.Timer1    0x2000143c        0x4 build//Users/marcus/Dropbox/Studienarbeit/Sourcecode/StudienarbeitX/Library/libmaple/wirish/HardwareTimer.o
                0x2000143c                Timer1
 .bss.Timer2    0x20001440        0x4 build//Users/marcus/Dropbox/Studienarbeit/Sourcecode/StudienarbeitX/Library/libmaple/wirish/HardwareTimer.o
                0x20001440                Timer2
 .bss.Timer3    0x20001444        0x4 build//Users/marcus/Dropbox/Studienarbeit/Sourcecode/StudienarbeitX/Library/libmaple/wirish/HardwareTimer.o
                0x20001444                Timer3
 .bss.Timer4    0x20001448        0x4 build//Users/marcus/Dropbox/Studienarbeit/Sourcecode/StudienarbeitX/Library/libmaple/wirish/HardwareTimer.o
                0x20001448                Timer4
 .bss._ZL7this_id
                0x2000144c        0x1 build//Users/marcus/Dropbox/Studienarbeit/Sourcecode/StudienarbeitX/Library/libmaple/wirish/HardwareTimer.o
 *fill*         0x2000144d        0x3 00
 .bss._ZL9this_devp
                0x20001450        0x4 build//Users/marcus/Dropbox/Studienarbeit/Sourcecode/StudienarbeitX/Library/libmaple/wirish/HardwareTimer.o
 .bss.SerialUSB
                0x20001454        0x4 build//Users/marcus/Dropbox/Studienarbeit/Sourcecode/StudienarbeitX/Library/libmaple/wirish/usb_serial.o
                0x20001454                SerialUSB
 .bss.SPIfoo    0x20001458        0x4 build//Users/marcus/Dropbox/Studienarbeit/Sourcecode/StudienarbeitX/Library/WiFlySerial/SpiUart.o
                0x20001458                SPIfoo
 .bss.SpiSerial
                0x2000145c        0x4 build//Users/marcus/Dropbox/Studienarbeit/Sourcecode/StudienarbeitX/Improving_WiFly_Speed.o
                0x2000145c                SpiSerial
 .bss.spi       0x20001460        0x4 build//Users/marcus/Dropbox/Studienarbeit/Sourcecode/StudienarbeitX/Improving_WiFly_Speed.o
                0x20001460                spi
 .bss.wifly     0x20001464       0x30 build//Users/marcus/Dropbox/Studienarbeit/Sourcecode/StudienarbeitX/Improving_WiFly_Speed.o
                0x20001464                wifly
 *(COMMON)
 COMMON         0x20001494        0x4 build//Users/marcus/Dropbox/Studienarbeit/Sourcecode/StudienarbeitX/Library/libmaple/libmaple/systick.o
                0x20001494                systick_uptime_millis
 COMMON         0x20001498        0x6 build//Users/marcus/Dropbox/Studienarbeit/Sourcecode/StudienarbeitX/Library/libmaple/libmaple/usb/stm32f1/usb.o
                0x20001498                SaveRState
                0x2000149a                SaveTState
                0x2000149c                ResumeS
 *fill*         0x2000149e        0x2 00
 COMMON         0x200014a0       0xc0 build//Users/marcus/Dropbox/Studienarbeit/Sourcecode/StudienarbeitX/Library/libmaple/libmaple/usb/stm32f1/usb_cdcacm.o
                0x200014a0                vcomBufferRx
 COMMON         0x20001560        0x2 build//Users/marcus/Dropbox/Studienarbeit/Sourcecode/StudienarbeitX/Library/libmaple/libmaple/usb/usb_lib/usb_core.o
                0x20001560                StatusInfo
 *fill*         0x20001562        0x2 00
 COMMON         0x20001564       0x32 build//Users/marcus/Dropbox/Studienarbeit/Sourcecode/StudienarbeitX/Library/libmaple/libmaple/usb/usb_lib/usb_init.o
                0x20001564                SaveState
                0x20001568                pProperty
                0x2000156c                EPindex
                0x20001570                Device_Info
                0x2000158c                pUser_Standard_Requests
                0x20001590                pInformation
                0x20001594                wInterrupt_Mask
                0x20001598                . = ALIGN (0x8)
 *fill*         0x20001596        0x2 00
                0x20001598                _ebss = .
                0x20001598                _end = _ebss

.stab
 *(.stab)

.stabstr
 *(.stabstr)

.debug
 *(.debug)

.line
 *(.line)

.debug_srcinfo
 *(.debug_srcinfo)

.debug_sfnames
 *(.debug_sfnames)

.comment        0x00000000      0x798
 .comment       0x00000000       0x12 /usr/local/bin/../lib/gcc/arm-none-eabi/4.4.1/thumb2/crtbegin.o
 .comment       0x00000012       0x12 build//Users/marcus/Dropbox/Studienarbeit/Sourcecode/StudienarbeitX/Library/libmaple/libmaple/adc.o
 .comment       0x00000024       0x12 build//Users/marcus/Dropbox/Studienarbeit/Sourcecode/StudienarbeitX/Library/libmaple/libmaple/dac.o
 .comment       0x00000036       0x12 build//Users/marcus/Dropbox/Studienarbeit/Sourcecode/StudienarbeitX/Library/libmaple/libmaple/dma.o
 .comment       0x00000048       0x12 build//Users/marcus/Dropbox/Studienarbeit/Sourcecode/StudienarbeitX/Library/libmaple/libmaple/exti.o
 .comment       0x0000005a       0x12 build//Users/marcus/Dropbox/Studienarbeit/Sourcecode/StudienarbeitX/Library/libmaple/libmaple/flash.o
 .comment       0x0000006c       0x12 build//Users/marcus/Dropbox/Studienarbeit/Sourcecode/StudienarbeitX/Library/libmaple/libmaple/gpio.o
 .comment       0x0000007e       0x12 build//Users/marcus/Dropbox/Studienarbeit/Sourcecode/StudienarbeitX/Library/libmaple/libmaple/iwdg.o
 .comment       0x00000090       0x12 build//Users/marcus/Dropbox/Studienarbeit/Sourcecode/StudienarbeitX/Library/libmaple/libmaple/nvic.o