Archive member included because of file (symbol)

/usr/local/bin/../lib/gcc/arm-none-eabi/4.4.1/thumb2/libgcc.a(_arm_addsubdf3.o)
                              build//Users/marcus/Dropbox/Studienarbeit/Sourcecode/StudienarbeitX/Library/libmaple/wirish/Print.o (__aeabi_dsub)
/usr/local/bin/../lib/gcc/arm-none-eabi/4.4.1/thumb2/libgcc.a(_arm_muldivdf3.o)
                              build//Users/marcus/Dropbox/Studienarbeit/Sourcecode/StudienarbeitX/Library/libmaple/wirish/Print.o (__aeabi_dmul)
/usr/local/bin/../lib/gcc/arm-none-eabi/4.4.1/thumb2/libgcc.a(_arm_cmpdf2.o)
                              build//Users/marcus/Dropbox/Studienarbeit/Sourcecode/StudienarbeitX/Library/libmaple/wirish/Print.o (__aeabi_dcmplt)
/usr/local/bin/../lib/gcc/arm-none-eabi/4.4.1/thumb2/libgcc.a(_arm_fixdfsi.o)
                              build//Users/marcus/Dropbox/Studienarbeit/Sourcecode/StudienarbeitX/Library/libmaple/wirish/Print.o (__aeabi_d2iz)
/usr/local/bin/../lib/gcc/arm-none-eabi/4.4.1/thumb2/libgcc.a(_arm_muldivsf3.o)
                              build//Users/marcus/Dropbox/Studienarbeit/Sourcecode/StudienarbeitX/Library/WiFlySerial/WiFlySerial.o (__aeabi_fmul)
/usr/local/bin/../lib/gcc/arm-none-eabi/4.4.1/thumb2/libgcc.a(_arm_fixsfsi.o)
                              build//Users/marcus/Dropbox/Studienarbeit/Sourcecode/StudienarbeitX/Library/WiFlySerial/WiFlySerial.o (__aeabi_f2iz)
/usr/local/bin/../lib/gcc/arm-none-eabi/4.4.1/thumb2/libgcc.a(_aeabi_uldivmod.o)
                              build//Users/marcus/Dropbox/Studienarbeit/Sourcecode/StudienarbeitX/Library/libmaple/wirish/Print.o (__aeabi_uldivmod)
/usr/local/bin/../lib/gcc/arm-none-eabi/4.4.1/thumb2/libgcc.a(_fixdfdi.o)
                              build//Users/marcus/Dropbox/Studienarbeit/Sourcecode/StudienarbeitX/Library/libmaple/wirish/Print.o (__aeabi_d2lz)
/usr/local/bin/../lib/gcc/arm-none-eabi/4.4.1/thumb2/libgcc.a(_fixunsdfdi.o)
                              /usr/local/bin/../lib/gcc/arm-none-eabi/4.4.1/thumb2/libgcc.a(_fixdfdi.o) (__aeabi_d2ulz)
/usr/local/bin/../lib/gcc/arm-none-eabi/4.4.1/thumb2/libgcc.a(bpabi.o)
                              /usr/local/bin/../lib/gcc/arm-none-eabi/4.4.1/thumb2/libgcc.a(_aeabi_uldivmod.o) (__gnu_uldivmod_helper)
/usr/local/bin/../lib/gcc/arm-none-eabi/4.4.1/thumb2/libgcc.a(_dvmd_tls.o)
                              /usr/local/bin/../lib/gcc/arm-none-eabi/4.4.1/thumb2/libgcc.a(_aeabi_uldivmod.o) (__aeabi_ldiv0)
/usr/local/bin/../lib/gcc/arm-none-eabi/4.4.1/thumb2/libgcc.a(_arm_fixunsdfsi.o)
                              /usr/local/bin/../lib/gcc/arm-none-eabi/4.4.1/thumb2/libgcc.a(_fixunsdfdi.o) (__aeabi_d2uiz)
/usr/local/bin/../lib/gcc/arm-none-eabi/4.4.1/thumb2/libgcc.a(_divdi3.o)
                              /usr/local/bin/../lib/gcc/arm-none-eabi/4.4.1/thumb2/libgcc.a(bpabi.o) (__divdi3)
/usr/local/bin/../lib/gcc/arm-none-eabi/4.4.1/thumb2/libgcc.a(_udivdi3.o)
                              /usr/local/bin/../lib/gcc/arm-none-eabi/4.4.1/thumb2/libgcc.a(bpabi.o) (__udivdi3)
/usr/local/bin/../lib/gcc/arm-none-eabi/4.4.1/thumb2/libgcc.a(_udivsi3.o)
                              /usr/local/bin/../lib/gcc/arm-none-eabi/4.4.1/thumb2/libgcc.a(_divdi3.o) (__aeabi_uidiv)
/usr/local/bin/../lib/gcc/arm-none-eabi/4.4.1/../../../../arm-none-eabi/lib/thumb2/libc.a(lib_a-atol.o)
                              build//Users/marcus/Dropbox/Studienarbeit/Sourcecode/StudienarbeitX/Library/TinyWebServer/TinyWebServer.o (atol)
/usr/local/bin/../lib/gcc/arm-none-eabi/4.4.1/../../../../arm-none-eabi/lib/thumb2/libc.a(lib_a-errno.o)
                              build//Users/marcus/Dropbox/Studienarbeit/Sourcecode/StudienarbeitX/Library/libmaple/wirish/syscalls.o (__errno)
/usr/local/bin/../lib/gcc/arm-none-eabi/4.4.1/../../../../arm-none-eabi/lib/thumb2/libc.a(lib_a-impure.o)
                              /usr/local/bin/../lib/gcc/arm-none-eabi/4.4.1/../../../../arm-none-eabi/lib/thumb2/libc.a(lib_a-errno.o) (_impure_ptr)
/usr/local/bin/../lib/gcc/arm-none-eabi/4.4.1/../../../../arm-none-eabi/lib/thumb2/libc.a(lib_a-init.o)
                              build//Users/marcus/Dropbox/Studienarbeit/Sourcecode/StudienarbeitX/Library/libmaple/wirish/start_c.o (__libc_init_array)
/usr/local/bin/../lib/gcc/arm-none-eabi/4.4.1/../../../../arm-none-eabi/lib/thumb2/libc.a(lib_a-isalnum.o)
                              build//Users/marcus/Dropbox/Studienarbeit/Sourcecode/StudienarbeitX/Library/TinyWebServer/TinyWebServer.o (isalnum)
/usr/local/bin/../lib/gcc/arm-none-eabi/4.4.1/../../../../arm-none-eabi/lib/thumb2/libc.a(lib_a-isspace.o)
                              build//Users/marcus/Dropbox/Studienarbeit/Sourcecode/StudienarbeitX/Library/TinyWebServer/TinyWebServer.o (isspace)
/usr/local/bin/../lib/gcc/arm-none-eabi/4.4.1/../../../../arm-none-eabi/lib/thumb2/libc.a(lib_a-malloc.o)
                              build//Users/marcus/Dropbox/Studienarbeit/Sourcecode/StudienarbeitX/Library/TinyWebServer/TinyWebServer.o (free)
[...]
Memory Configuration

Name             Origin             Length             Attributes
ram              0x20000c00         0x00004400         xrw
rom              0x08005000         0x0001b000         xr
*default*        0x00000000         0xffffffff

Linker script and memory map

LOAD /usr/local/bin/../lib/gcc/arm-none-eabi/4.4.1/thumb2/crti.o
LOAD /usr/local/bin/../lib/gcc/arm-none-eabi/4.4.1/thumb2/crtbegin.o
START GROUP
LOAD /usr/local/bin/../lib/gcc/arm-none-eabi/4.4.1/thumb2/libgcc.a
LOAD /usr/local/bin/../lib/gcc/arm-none-eabi/4.4.1/../../../../arm-none-eabi/lib/thumb2/libc.a
LOAD /usr/local/bin/../lib/gcc/arm-none-eabi/4.4.1/../../../../arm-none-eabi/lib/thumb2/libm.a
END GROUP
                0x20005000                PROVIDE (__msp_init, 0x20005000)
                0x08007424                PROVIDE (__exc_reset, _start)

.text           0x08005000     0x51d0
                0x08005000                _text = .
 *(.stm32.interrupt_vector)
 .stm32.interrupt_vector
                0x08005000       0xec build//Users/marcus/Dropbox/Studienarbeit/Sourcecode/StudienarbeitX/Library/libmaple/libmaple/stm32f1/performance/vector_table.o
                0x08005000                __stm32_vector_table
 *(.text .text.* .gnu.linkonce.t.*)
 .text          0x080050ec       0x30 /usr/local/bin/../lib/gcc/arm-none-eabi/4.4.1/thumb2/crtbegin.o
 .text.adc_set_extsel
                0x0800511c       0x10 build//Users/marcus/Dropbox/Studienarbeit/Sourcecode/StudienarbeitX/Library/libmaple/libmaple/adc.o
                0x0800511c                adc_set_extsel
 .text.adc_set_sample_rate
                0x0800512c       0x2e build//Users/marcus/Dropbox/Studienarbeit/Sourcecode/StudienarbeitX/Library/libmaple/libmaple/adc.o
                0x0800512c                adc_set_sample_rate
 .text.adc_init
                0x0800515a       0x14 build//Users/marcus/Dropbox/Studienarbeit/Sourcecode/StudienarbeitX/Library/libmaple/libmaple/adc.o
                0x0800515a                adc_init
 *fill*         0x0800516e        0x2 00
 .text.__irq_exti0
                0x08005170       0x20 build//Users/marcus/Dropbox/Studienarbeit/Sourcecode/StudienarbeitX/Library/libmaple/libmaple/exti.o
                0x08005170                __irq_exti0
 .text.__irq_exti1
                0x08005190       0x20 build//Users/marcus/Dropbox/Studienarbeit/Sourcecode/StudienarbeitX/Library/libmaple/libmaple/exti.o
                0x08005190                __irq_exti1
 .text.__irq_exti2
                0x080051b0       0x20 build//Users/marcus/Dropbox/Studienarbeit/Sourcecode/StudienarbeitX/Library/libmaple/libmaple/exti.o
                0x080051b0                __irq_exti2
 .text.__irq_exti3
                0x080051d0       0x20 build//Users/marcus/Dropbox/Studienarbeit/Sourcecode/StudienarbeitX/Library/libmaple/libmaple/exti.o
                0x080051d0                __irq_exti3
 .text.__irq_exti4
                0x080051f0       0x20 build//Users/marcus/Dropbox/Studienarbeit/Sourcecode/StudienarbeitX/Library/libmaple/libmaple/exti.o
                0x080051f0                __irq_exti4
 .text.__irq_exti9_5
                0x08005210       0x38 build//Users/marcus/Dropbox/Studienarbeit/Sourcecode/StudienarbeitX/Library/libmaple/libmaple/exti.o
                0x08005210                __irq_exti9_5
 .text.__irq_exti15_10
                0x08005248       0x38 build//Users/marcus/Dropbox/Studienarbeit/Sourcecode/StudienarbeitX/Library/libmaple/libmaple/exti.o
                0x08005248                __irq_exti15_10
 .text.flash_set_latency
                0x08005280       0x14 build//Users/marcus/Dropbox/Studienarbeit/Sourcecode/StudienarbeitX/Library/libmaple/libmaple/flash.o
                0x08005280                flash_set_latency
 .text.gpio_init
                0x08005294       0x14 build//Users/marcus/Dropbox/Studienarbeit/Sourcecode/StudienarbeitX/Library/libmaple/libmaple/gpio.o
                0x08005294                gpio_init
 .text.nvic_irq_set_priority
                0x080052a8       0x2c build//Users/marcus/Dropbox/Studienarbeit/Sourcecode/StudienarbeitX/Library/libmaple/libmaple/nvic.o
                0x080052a8                nvic_irq_set_priority
 .text.nvic_set_vector_table
                0x080052d4       0x14 build//Users/marcus/Dropbox/Studienarbeit/Sourcecode/StudienarbeitX/Library/libmaple/libmaple/nvic.o
                0x080052d4                nvic_set_vector_table
 .text.nvic_init
                0x080052e8       0x24 build//Users/marcus/Dropbox/Studienarbeit/Sourcecode/StudienarbeitX/Library/libmaple/libmaple/nvic.o
                0x080052e8                nvic_init
 .text.nvic_sys_reset
                0x0800530c       0x20 build//Users/marcus/Dropbox/Studienarbeit/Sourcecode/StudienarbeitX/Library/libmaple/libmaple/nvic.o
                0x0800530c                nvic_sys_reset
 .text.rcc_dev_clk
                0x0800532c        0xc build//Users/marcus/Dropbox/Studienarbeit/Sourcecode/StudienarbeitX/Library/libmaple/libmaple/rcc.o
                0x0800532c                rcc_dev_clk
 .text.rcc_switch_sysclk
                0x08005338       0x24 build//Users/marcus/Dropbox/Studienarbeit/Sourcecode/StudienarbeitX/Library/libmaple/libmaple/rcc.o
                0x08005338                rcc_switch_sysclk
 .text.rcc_clk_reg
                0x0800535c        0xc build//Users/marcus/Dropbox/Studienarbeit/Sourcecode/StudienarbeitX/Library/libmaple/libmaple/rcc.o
 .text.rcc_clk_on_mask
                0x08005368        0xa build//Users/marcus/Dropbox/Studienarbeit/Sourcecode/StudienarbeitX/Library/libmaple/libmaple/rcc.o
 .text.rcc_turn_on_clk
                0x08005372       0x1a build//Users/marcus/Dropbox/Studienarbeit/Sourcecode/StudienarbeitX/Library/libmaple/libmaple/rcc.o
                0x08005372                rcc_turn_on_clk
 .text.rcc_turn_off_clk
                0x0800538c       0x1a build//Users/marcus/Dropbox/Studienarbeit/Sourcecode/StudienarbeitX/Library/libmaple/libmaple/rcc.o
                0x0800538c                rcc_turn_off_clk
 .text.rcc_is_clk_on
                0x080053a6       0x1a build//Users/marcus/Dropbox/Studienarbeit/Sourcecode/StudienarbeitX/Library/libmaple/libmaple/rcc.o
                0x080053a6                rcc_is_clk_on
 .text.rcc_is_clk_ready
                0x080053c0       0x16 build//Users/marcus/Dropbox/Studienarbeit/Sourcecode/StudienarbeitX/Library/libmaple/libmaple/rcc.o
                0x080053c0                rcc_is_clk_ready
 .text.spi_tx   0x080053d6       0x38 build//Users/marcus/Dropbox/Studienarbeit/Sourcecode/StudienarbeitX/Library/libmaple/libmaple/spi.o
                0x080053d6                spi_tx
 .text.spi_init
                0x0800540e       0x14 build//Users/marcus/Dropbox/Studienarbeit/Sourcecode/StudienarbeitX/Library/libmaple/libmaple/spi.o
                0x0800540e                spi_init
 .text.bb_peri_set_bit
                0x08005422        0xe build//Users/marcus/Dropbox/Studienarbeit/Sourcecode/StudienarbeitX/Library/libmaple/libmaple/spi.o
 .text.spi_peripheral_enable
                0x08005430        0xa build//Users/marcus/Dropbox/Studienarbeit/Sourcecode/StudienarbeitX/Library/libmaple/libmaple/spi.o
                0x08005430                spi_peripheral_enable
 .text.spi_peripheral_disable
                0x0800543a        0xa build//Users/marcus/Dropbox/Studienarbeit/Sourcecode/StudienarbeitX/Library/libmaple/libmaple/spi.o
                0x0800543a                spi_peripheral_disable
 .text.spi_reconfigure
                0x08005444       0x22 build//Users/marcus/Dropbox/Studienarbeit/Sourcecode/StudienarbeitX/Library/libmaple/libmaple/spi.o
 .text.spi_slave_enable
                0x08005466        0x8 build//Users/marcus/Dropbox/Studienarbeit/Sourcecode/StudienarbeitX/Library/libmaple/libmaple/spi.o
                0x08005466                spi_slave_enable
 .text.spi_master_enable
                0x0800546e        0xc build//Users/marcus/Dropbox/Studienarbeit/Sourcecode/StudienarbeitX/Library/libmaple/libmaple/spi.o
                0x0800546e                spi_master_enable
 *fill*         0x0800547a        0x2 00
 .text.systick_enable
                0x0800547c        0xc build//Users/marcus/Dropbox/Studienarbeit/Sourcecode/StudienarbeitX/Library/libmaple/libmaple/systick.o
                0x0800547c                systick_enable
 .text.systick_init
                0x08005488        0xc build//Users/marcus/Dropbox/Studienarbeit/Sourcecode/StudienarbeitX/Library/libmaple/libmaple/systick.o
                0x08005488                systick_init
 .text.__exc_systick
                0x08005494       0x1c build//Users/marcus/Dropbox/Studienarbeit/Sourcecode/StudienarbeitX/Library/libmaple/libmaple/systick.o
                0x08005494                __exc_systick
 .text.timer_oc_set_mode
                0x080054b0       0x38 build//Users/marcus/Dropbox/Studienarbeit/Sourcecode/StudienarbeitX/Library/libmaple/libmaple/timer.o
 .text.timer_foreach
                0x080054e8       0x30 build//Users/marcus/Dropbox/Studienarbeit/Sourcecode/StudienarbeitX/Library/libmaple/libmaple/timer.o
                0x080054e8                timer_foreach
 .text.timer_disable
                0x08005518       0x12 build//Users/marcus/Dropbox/Studienarbeit/Sourcecode/StudienarbeitX/Library/libmaple/libmaple/timer.o
                0x08005518                timer_disable
 *fill*         0x0800552a        0x2 00
 .text.timer_has_cc_channel
                0x0800552c       0x50 build//Users/marcus/Dropbox/Studienarbeit/Sourcecode/StudienarbeitX/Library/libmaple/libmaple/timer.o
                0x0800552c                timer_has_cc_channel
 .text.timer_init
                0x0800557c       0x14 build//Users/marcus/Dropbox/Studienarbeit/Sourcecode/StudienarbeitX/Library/libmaple/libmaple/timer.o
                0x0800557c                timer_init
 .text.bb_perip
                0x08005590        0xc build//Users/marcus/Dropbox/Studienarbeit/Sourcecode/StudienarbeitX/Library/libmaple/libmaple/timer.o
 .text.timer_disable_irq
                0x0800559c       0x10 build//Users/marcus/Dropbox/Studienarbeit/Sourcecode/StudienarbeitX/Library/libmaple/libmaple/timer.o
 .text.timer_detach_interrupt
                0x080055ac       0x14 build//Users/marcus/Dropbox/Studienarbeit/Sourcecode/StudienarbeitX/Library/libmaple/libmaple/timer.o
                0x080055ac                timer_detach_interrupt
 .text.timer_cc_enable
                0x080055c0       0x14 build//Users/marcus/Dropbox/Studienarbeit/Sourcecode/StudienarbeitX/Library/libmaple/libmaple/timer.o
 .text.timer_set_mode
                0x080055d4       0x90 build//Users/marcus/Dropbox/Studienarbeit/Sourcecode/StudienarbeitX/Library/libmaple/libmaple/timer.o
                0x080055d4                timer_set_mode
 .text.usart_disable
                0x08005664       0x22 build//Users/marcus/Dropbox/Studienarbeit/Sourcecode/StudienarbeitX/Library/libmaple/libmaple/usart.o
                0x08005664                usart_disable
 .text.usart_tx
                0x08005686       0x1c build//Users/marcus/Dropbox/Studienarbeit/Sourcecode/StudienarbeitX/Library/libmaple/libmaple/usart.o
                0x08005686                usart_tx
 .text.usart_putudec
                0x080056a2       0x44 build//Users/marcus/Dropbox/Studienarbeit/Sourcecode/StudienarbeitX/Library/libmaple/libmaple/usart.o
                0x080056a2                usart_putudec
 *fill*         0x080056e6        0x2 00
 .text.usart_init
                0x080056e8       0x44 build//Users/marcus/Dropbox/Studienarbeit/Sourcecode/StudienarbeitX/Library/libmaple/libmaple/usart.o
                0x080056e8                usart_init
 .text._usart_clock_freq
                0x0800572c       0x24 build//Users/marcus/Dropbox/Studienarbeit/Sourcecode/StudienarbeitX/Library/libmaple/libmaple/usart_private.o
                0x0800572c                _usart_clock_freq
 .text.usart_putc
                0x08005750       0x1a build//Users/marcus/Dropbox/Studienarbeit/Sourcecode/StudienarbeitX/Library/libmaple/libmaple/util.o
 .text.usart_putstr
                0x0800576a       0x1a build//Users/marcus/Dropbox/Studienarbeit/Sourcecode/StudienarbeitX/Library/libmaple/libmaple/util.o
 .text.T.10     0x08005784       0x16 build//Users/marcus/Dropbox/Studienarbeit/Sourcecode/StudienarbeitX/Library/libmaple/libmaple/util.o
 *fill*         0x0800579a        0x2 00
 .text.throb    0x0800579c       0x4c build//Users/marcus/Dropbox/Studienarbeit/Sourcecode/StudienarbeitX/Library/libmaple/libmaple/util.o
                0x0800579c                throb
 .text.__error  0x080057e8       0x14 build//Users/marcus/Dropbox/Studienarbeit/Sourcecode/StudienarbeitX/Library/libmaple/libmaple/util.o
                0x080057e8                __error
 .text._fail    0x080057fc       0x64 build//Users/marcus/Dropbox/Studienarbeit/Sourcecode/StudienarbeitX/Library/libmaple/libmaple/util.o
                0x080057fc                _fail
 .text.i2c_start_condition
                0x08005860       0x14 build//Users/marcus/Dropbox/Studienarbeit/Sourcecode/StudienarbeitX/Library/libmaple/libmaple/i2c.o
 .text.i2c_stop_condition
                0x08005874       0x1c build//Users/marcus/Dropbox/Studienarbeit/Sourcecode/StudienarbeitX/Library/libmaple/libmaple/i2c.o
 .text.i2c_disable_irq
                0x08005890        0xc build//Users/marcus/Dropbox/Studienarbeit/Sourcecode/StudienarbeitX/Library/libmaple/libmaple/i2c.o
 .text.i2c_disable_ack
                0x0800589c        0xc build//Users/marcus/Dropbox/Studienarbeit/Sourcecode/StudienarbeitX/Library/libmaple/libmaple/i2c.o
 .text.i2c_write
                0x080058a8        0x6 build//Users/marcus/Dropbox/Studienarbeit/Sourcecode/StudienarbeitX/Library/libmaple/libmaple/i2c.o
 .text._i2c_irq_error_handler
                0x080058ae       0x2c build//Users/marcus/Dropbox/Studienarbeit/Sourcecode/StudienarbeitX/Library/libmaple/libmaple/i2c.o
                0x080058ae                _i2c_irq_error_handler
 .text.i2c_enable_irq
                0x080058da       0x14 build//Users/marcus/Dropbox/Studienarbeit/Sourcecode/StudienarbeitX/Library/libmaple/libmaple/i2c.o
 *fill*         0x080058ee        0x2 00
 .text._i2c_irq_handler
                0x080058f0      0x170 build//Users/marcus/Dropbox/Studienarbeit/Sourcecode/StudienarbeitX/Library/libmaple/libmaple/i2c.o
                0x080058f0                _i2c_irq_handler
 .text          0x08005a60       0x60 build//Users/marcus/Dropbox/Studienarbeit/Sourcecode/StudienarbeitX/Library/libmaple/libmaple/exc.o
                0x08005a60                __exc_nmi
                0x08005a64                __exc_hardfault
                0x08005a68                __exc_memmanage
                0x08005a6c                __exc_busfault
                0x08005a70                __exc_usagefault
 .text.usb_clear_ctr_rx
                0x08005ac0       0x18 build//Users/marcus/Dropbox/Studienarbeit/Sourcecode/StudienarbeitX/Library/libmaple/libmaple/usb/stm32f1/usb.o
 .text.usb_clear_ctr_tx
                0x08005ad8       0x18 build//Users/marcus/Dropbox/Studienarbeit/Sourcecode/StudienarbeitX/Library/libmaple/libmaple/usb/stm32f1/usb.o
 .text.usb_resume_init
                0x08005af0       0x1c build//Users/marcus/Dropbox/Studienarbeit/Sourcecode/StudienarbeitX/Library/libmaple/libmaple/usb/stm32f1/usb.o
 .text.usb_resume
                0x08005b0c       0x90 build//Users/marcus/Dropbox/Studienarbeit/Sourcecode/StudienarbeitX/Library/libmaple/libmaple/usb/stm32f1/usb.o
 .text.handle_in0
                0x08005b9c        0x4 build//Users/marcus/Dropbox/Studienarbeit/Sourcecode/StudienarbeitX/Library/libmaple/libmaple/usb/stm32f1/usb.o
 .text.usb_init_usblib
                0x08005ba0       0x48 build//Users/marcus/Dropbox/Studienarbeit/Sourcecode/StudienarbeitX/Library/libmaple/libmaple/usb/stm32f1/usb.o
                0x08005ba0                usb_init_usblib
 .text.set_rx_tx_status0
                0x08005be8       0x38 build//Users/marcus/Dropbox/Studienarbeit/Sourcecode/StudienarbeitX/Library/libmaple/libmaple/usb/stm32f1/usb.o
 .text.__irq_usb_lp_can_rx0
                0x08005c20      0x198 build//Users/marcus/Dropbox/Studienarbeit/Sourcecode/StudienarbeitX/Library/libmaple/libmaple/usb/stm32f1/usb.o
                0x08005c20                __irq_usb_lp_can_rx0
 .text.usb_pma_ptr
                0x08005db8        0xc build//Users/marcus/Dropbox/Studienarbeit/Sourcecode/StudienarbeitX/Library/libmaple/libmaple/usb/stm32f1/usb_reg_map.o
 .text.usb_copy_to_pma
                0x08005dc4       0x44 build//Users/marcus/Dropbox/Studienarbeit/Sourcecode/StudienarbeitX/Library/libmaple/libmaple/usb/stm32f1/usb_reg_map.o
                0x08005dc4                usb_copy_to_pma
 .text.usb_copy_from_pma
                0x08005e08       0x30 build//Users/marcus/Dropbox/Studienarbeit/Sourcecode/StudienarbeitX/Library/libmaple/libmaple/usb/stm32f1/usb_reg_map.o
                0x08005e08                usb_copy_from_pma
 .text.usb_set_ep_rx_count
                0x08005e38       0x40 build//Users/marcus/Dropbox/Studienarbeit/Sourcecode/StudienarbeitX/Library/libmaple/libmaple/usb/stm32f1/usb_reg_map.o
                0x08005e38                usb_set_ep_rx_count
 .text.gpio_write_bit
                0x08005e78       0x18 build//Users/marcus/Dropbox/Studienarbeit/Sourcecode/StudienarbeitX/Library/libmaple/libmaple/usb/stm32f1/usb_cdcacm.o
 .text.usb_set_ep_rx_stat
                0x08005e90       0x24 build//Users/marcus/Dropbox/Studienarbeit/Sourcecode/StudienarbeitX/Library/libmaple/libmaple/usb/stm32f1/usb_cdcacm.o
 .text.usb_set_ep_tx_stat
                0x08005eb4       0x24 build//Users/marcus/Dropbox/Studienarbeit/Sourcecode/StudienarbeitX/Library/libmaple/libmaple/usb/stm32f1/usb_cdcacm.o
 .text.usb_set_ep_type
                0x08005ed8       0x1c build//Users/marcus/Dropbox/Studienarbeit/Sourcecode/StudienarbeitX/Library/libmaple/libmaple/usb/stm32f1/usb_cdcacm.o
 .text.usb_btable_ptr
                0x08005ef4       0x18 build//Users/marcus/Dropbox/Studienarbeit/Sourcecode/StudienarbeitX/Library/libmaple/libmaple/usb/stm32f1/usb_cdcacm.o
 .text.usb_set_ep_tx_addr
                0x08005f0c       0x12 build//Users/marcus/Dropbox/Studienarbeit/Sourcecode/StudienarbeitX/Library/libmaple/libmaple/usb/stm32f1/usb_cdcacm.o
 .text.usb_set_ep_rx_addr
                0x08005f1e       0x14 build//Users/marcus/Dropbox/Studienarbeit/Sourcecode/StudienarbeitX/Library/libmaple/libmaple/usb/stm32f1/usb_cdcacm.o
 *fill*         0x08005f32        0x2 00
 .text.usb_cdcacm_data_available
                0x08005f34        0xc build//Users/marcus/Dropbox/Studienarbeit/Sourcecode/StudienarbeitX/Library/libmaple/libmaple/usb/stm32f1/usb_cdcacm.o
                0x08005f34                usb_cdcacm_data_available
 .text.vcomDataTxCb
                0x08005f40        0xc build//Users/marcus/Dropbox/Studienarbeit/Sourcecode/StudienarbeitX/Library/libmaple/libmaple/usb/stm32f1/usb_cdcacm.o
 .text.vcomGetSetLineCoding
                0x08005f4c       0x18 build//Users/marcus/Dropbox/Studienarbeit/Sourcecode/StudienarbeitX/Library/libmaple/libmaple/usb/stm32f1/usb_cdcacm.o
 .text.usbDataSetup
                0x08005f64       0x40 build//Users/marcus/Dropbox/Studienarbeit/Sourcecode/StudienarbeitX/Library/libmaple/libmaple/usb/stm32f1/usb_cdcacm.o
 .text.usbNoDataSetup
                0x08005fa4       0x64 build//Users/marcus/Dropbox/Studienarbeit/Sourcecode/StudienarbeitX/Library/libmaple/libmaple/usb/stm32f1/usb_cdcacm.o
 .text.usbGetInterfaceSetting
                0x08006008        0xe build//Users/marcus/Dropbox/Studienarbeit/Sourcecode/StudienarbeitX/Library/libmaple/libmaple/usb/stm32f1/usb_cdcacm.o
 *fill*         0x08006016        0x2 00
 .text.usbSetConfiguration
                0x08006018       0x1c build//Users/marcus/Dropbox/Studienarbeit/Sourcecode/StudienarbeitX/Library/libmaple/libmaple/usb/stm32f1/usb_cdcacm.o
 .text.usbSetDeviceAddress
                0x08006034       0x10 build//Users/marcus/Dropbox/Studienarbeit/Sourcecode/StudienarbeitX/Library/libmaple/libmaple/usb/stm32f1/usb_cdcacm.o
 .text.usbGetStringDescriptor
                0x08006044       0x20 build//Users/marcus/Dropbox/Studienarbeit/Sourcecode/StudienarbeitX/Library/libmaple/libmaple/usb/stm32f1/usb_cdcacm.o
 .text.usbGetConfigDescriptor
                0x08006064        0xc build//Users/marcus/Dropbox/Studienarbeit/Sourcecode/StudienarbeitX/Library/libmaple/libmaple/usb/stm32f1/usb_cdcacm.o
 .text.usbGetDeviceDescriptor
                0x08006070        0xc build//Users/marcus/Dropbox/Studienarbeit/Sourcecode/StudienarbeitX/Library/libmaple/libmaple/usb/stm32f1/usb_cdcacm.o
 .text.usb_cdcacm_enable
                0x0800607c       0x34 build//Users/marcus/Dropbox/Studienarbeit/Sourcecode/StudienarbeitX/Library/libmaple/libmaple/usb/stm32f1/usb_cdcacm.o
                0x0800607c                usb_cdcacm_enable
 .text.usbInit  0x080060b0       0x44 build//Users/marcus/Dropbox/Studienarbeit/Sourcecode/StudienarbeitX/Library/libmaple/libmaple/usb/stm32f1/usb_cdcacm.o
 .text.wait_reset
                0x080060f4       0x10 build//Users/marcus/Dropbox/Studienarbeit/Sourcecode/StudienarbeitX/Library/libmaple/libmaple/usb/stm32f1/usb_cdcacm.o
 .text.usbReset
                0x08006104      0x104 build//Users/marcus/Dropbox/Studienarbeit/Sourcecode/StudienarbeitX/Library/libmaple/libmaple/usb/stm32f1/usb_cdcacm.o
 .text.vcomDataRxCb
                0x08006208       0xbc build//Users/marcus/Dropbox/Studienarbeit/Sourcecode/StudienarbeitX/Library/libmaple/libmaple/usb/stm32f1/usb_cdcacm.o
 .text.usb_cdcacm_tx
                0x080062c4       0x44 build//Users/marcus/Dropbox/Studienarbeit/Sourcecode/StudienarbeitX/Library/libmaple/libmaple/usb/stm32f1/usb_cdcacm.o
                0x080062c4                usb_cdcacm_tx
 .text.Standard_GetConfiguration
                0x08006308       0x28 build//Users/marcus/Dropbox/Studienarbeit/Sourcecode/StudienarbeitX/Library/libmaple/libmaple/usb/usb_lib/usb_core.o
                0x08006308                Standard_GetConfiguration
 .text.Standard_SetConfiguration
                0x08006330       0x38 build//Users/marcus/Dropbox/Studienarbeit/Sourcecode/StudienarbeitX/Library/libmaple/libmaple/usb/usb_lib/usb_core.o
                0x08006330                Standard_SetConfiguration
 .text.Standard_GetInterface
                0x08006368       0x28 build//Users/marcus/Dropbox/Studienarbeit/Sourcecode/StudienarbeitX/Library/libmaple/libmaple/usb/usb_lib/usb_core.o
                0x08006368                Standard_GetInterface
 .text.Standard_SetInterface
                0x08006390       0x48 build//Users/marcus/Dropbox/Studienarbeit/Sourcecode/StudienarbeitX/Library/libmaple/libmaple/usb/usb_lib/usb_core.o
                0x08006390                Standard_SetInterface
 .text.Standard_GetStatus
                0x080063d8       0xa4 build//Users/marcus/Dropbox/Studienarbeit/Sourcecode/StudienarbeitX/Library/libmaple/libmaple/usb/usb_lib/usb_core.o
                0x080063d8                Standard_GetStatus
 .text.Standard_SetEndPointFeature
                0x0800647c       0x84 build//Users/marcus/Dropbox/Studienarbeit/Sourcecode/StudienarbeitX/Library/libmaple/libmaple/usb/usb_lib/usb_core.o
                0x0800647c                Standard_SetEndPointFeature
 .text.Standard_SetDeviceFeature
                0x08006500       0x24 build//Users/marcus/Dropbox/Studienarbeit/Sourcecode/StudienarbeitX/Library/libmaple/libmaple/usb/usb_lib/usb_core.o
                0x08006500                Standard_SetDeviceFeature
 .text.Standard_GetDescriptorData
                0x08006524       0x1c build//Users/marcus/Dropbox/Studienarbeit/Sourcecode/StudienarbeitX/Library/libmaple/libmaple/usb/usb_lib/usb_core.o
                0x08006524                Standard_GetDescriptorData
 .text.SetDeviceAddress
                0x08006540       0x44 build//Users/marcus/Dropbox/Studienarbeit/Sourcecode/StudienarbeitX/Library/libmaple/libmaple/usb/usb_lib/usb_core.o
                0x08006540                SetDeviceAddress
 .text.NOP_Process
                0x08006584        0x2 build//Users/marcus/Dropbox/Studienarbeit/Sourcecode/StudienarbeitX/Library/libmaple/libmaple/usb/usb_lib/usb_core.o
                0x08006584                NOP_Process
 *fill*         0x08006586        0x2 00
 .text.Post0_Process
                0x08006588       0x44 build//Users/marcus/Dropbox/Studienarbeit/Sourcecode/StudienarbeitX/Library/libmaple/libmaple/usb/usb_lib/usb_core.o
                0x08006588                Post0_Process
 .text.Out0_Process
                0x080065cc       0xd4 build//Users/marcus/Dropbox/Studienarbeit/Sourcecode/StudienarbeitX/Library/libmaple/libmaple/usb/usb_lib/usb_core.o
                0x080065cc                Out0_Process
 .text.DataStageIn
                0x080066a0       0xac build//Users/marcus/Dropbox/Studienarbeit/Sourcecode/StudienarbeitX/Library/libmaple/libmaple/usb/usb_lib/usb_core.o
 .text.In0_Process
                0x0800674c       0x60 build//Users/marcus/Dropbox/Studienarbeit/Sourcecode/StudienarbeitX/Library/libmaple/libmaple/usb/usb_lib/usb_core.o
                0x0800674c                In0_Process
 .text.Standard_ClearFeature
                0x080067ac       0xd4 build//Users/marcus/Dropbox/Studienarbeit/Sourcecode/StudienarbeitX/Library/libmaple/libmaple/usb/usb_lib/usb_core.o
                0x080067ac                Standard_ClearFeature
 .text.Setup0_Process
                0x08006880      0x304 build//Users/marcus/Dropbox/Studienarbeit/Sourcecode/StudienarbeitX/Library/libmaple/libmaple/usb/usb_lib/usb_core.o
                0x08006880                Setup0_Process
 .text.UserToPMABufferCopy
                0x08006b84       0x2e build//Users/marcus/Dropbox/Studienarbeit/Sourcecode/StudienarbeitX/Library/libmaple/libmaple/usb/usb_lib/usb_mem.o
                0x08006b84                UserToPMABufferCopy
 .text.PMAToUserBufferCopy
                0x08006bb2       0x24 build//Users/marcus/Dropbox/Studienarbeit/Sourcecode/StudienarbeitX/Library/libmaple/libmaple/usb/usb_lib/usb_mem.o
                0x08006bb2                PMAToUserBufferCopy
 .text.SetEPTxStatus
                0x08006bd6       0x2c build//Users/marcus/Dropbox/Studienarbeit/Sourcecode/StudienarbeitX/Library/libmaple/libmaple/usb/usb_lib/usb_regs.o
                0x08006bd6                SetEPTxStatus
 .text.ClearDTOG_RX
                0x08006c02       0x24 build//Users/marcus/Dropbox/Studienarbeit/Sourcecode/StudienarbeitX/Library/libmaple/libmaple/usb/usb_lib/usb_regs.o
                0x08006c02                ClearDTOG_RX
 .text.ClearDTOG_TX
                0x08006c26       0x24 build//Users/marcus/Dropbox/Studienarbeit/Sourcecode/StudienarbeitX/Library/libmaple/libmaple/usb/usb_lib/usb_regs.o
                0x08006c26                ClearDTOG_TX
 *fill*         0x08006c4a        0x2 00
 .text.GetEPTxAddr
                0x08006c4c       0x1c build//Users/marcus/Dropbox/Studienarbeit/Sourcecode/StudienarbeitX/Library/libmaple/libmaple/usb/usb_lib/usb_regs.o
                0x08006c4c                GetEPTxAddr
 .text.GetEPRxAddr
                0x08006c68       0x1c build//Users/marcus/Dropbox/Studienarbeit/Sourcecode/StudienarbeitX/Library/libmaple/libmaple/usb/usb_lib/usb_regs.o
                0x08006c68                GetEPRxAddr
 .text.SetEPTxCount
                0x08006c84       0x1c build//Users/marcus/Dropbox/Studienarbeit/Sourcecode/StudienarbeitX/Library/libmaple/libmaple/usb/usb_lib/usb_regs.o
                0x08006c84                SetEPTxCount
 .text.SetEPRxCount
                0x08006ca0       0x40 build//Users/marcus/Dropbox/Studienarbeit/Sourcecode/StudienarbeitX/Library/libmaple/libmaple/usb/usb_lib/usb_regs.o
                0x08006ca0                SetEPRxCount
 .text.ByteSwap
                0x08006ce0        0xa build//Users/marcus/Dropbox/Studienarbeit/Sourcecode/StudienarbeitX/Library/libmaple/libmaple/usb/usb_lib/usb_regs.o
                0x08006ce0                ByteSwap
 .text          0x08006cea        0x2 build//Users/marcus/Dropbox/Studienarbeit/Sourcecode/StudienarbeitX/Library/libmaple/libmaple/stm32f1/performance/isrs.o
                0x08006cea                __irq_rcc
                0x08006cea                __exc_debug_monitor
                0x08006cea                __exc_svc
                0x08006cea                __irq_adc
                0x08006cea                __irq_can_rx1
                0x08006cea                __irq_spi2
                0x08006cea                __irq_can_sce
                0x08006cea                __irq_pvd
                0x08006cea                __irq_tamper
                0x08006cea                __default_handler
                0x08006cea                __irq_wwdg
                0x08006cea                __stm32reservedexception10
                0x08006cea                __irq_flash
                0x08006cea                __stm32reservedexception13
                0x08006cea                __irq_rtc
                0x08006cea                __irq_spi1
                0x08006cea                __stm32reservedexception7
                0x08006cea                __irq_usb_hp_can_tx
                0x08006cea                __irq_rtcalarm
                0x08006cea                __stm32reservedexception8
                0x08006cea                __exc_pendsv
                0x08006cea                __irq_usbwakeup
                0x08006cea                __stm32reservedexception9
 .text.adc_foreach
                0x08006cec       0x1c build//Users/marcus/Dropbox/Studienarbeit/Sourcecode/StudienarbeitX/Library/libmaple/libmaple/stm32f1/adc.o
                0x08006cec                adc_foreach
 .text.adc_set_prescaler
                0x08006d08        0x8 build//Users/marcus/Dropbox/Studienarbeit/Sourcecode/StudienarbeitX/Library/libmaple/libmaple/stm32f1/adc.o
                0x08006d08                adc_set_prescaler
 .text.bb_perip
                0x08006d10        0xc build//Users/marcus/Dropbox/Studienarbeit/Sourcecode/StudienarbeitX/Library/libmaple/libmaple/stm32f1/adc.o
 .text.adc_calibrate
                0x08006d1c       0x2e build//Users/marcus/Dropbox/Studienarbeit/Sourcecode/StudienarbeitX/Library/libmaple/libmaple/stm32f1/adc.o
                0x08006d1c                adc_calibrate
 .text.adc_enable_single_swstart
                0x08006d4a       0x36 build//Users/marcus/Dropbox/Studienarbeit/Sourcecode/StudienarbeitX/Library/libmaple/libmaple/stm32f1/adc.o
                0x08006d4a                adc_enable_single_swstart
 .text.dma_clear_isr_bits
                0x08006d80       0x10 build//Users/marcus/Dropbox/Studienarbeit/Sourcecode/StudienarbeitX/Library/libmaple/libmaple/stm32f1/dma.o
 .text.__irq_dma1_channel1
                0x08006d90       0x20 build//Users/marcus/Dropbox/Studienarbeit/Sourcecode/StudienarbeitX/Library/libmaple/libmaple/stm32f1/dma.o
                0x08006d90                __irq_dma1_channel1
 .text.__irq_dma1_channel2
                0x08006db0       0x20 build//Users/marcus/Dropbox/Studienarbeit/Sourcecode/StudienarbeitX/Library/libmaple/libmaple/stm32f1/dma.o
                0x08006db0                __irq_dma1_channel2
 .text.__irq_dma1_channel3
                0x08006dd0       0x20 build//Users/marcus/Dropbox/Studienarbeit/Sourcecode/StudienarbeitX/Library/libmaple/libmaple/stm32f1/dma.o
                0x08006dd0                __irq_dma1_channel3
 .text.__irq_dma1_channel4
                0x08006df0       0x20 build//Users/marcus/Dropbox/Studienarbeit/Sourcecode/StudienarbeitX/Library/libmaple/libmaple/stm32f1/dma.o
                0x08006df0                __irq_dma1_channel4
 .text.__irq_dma1_channel5
                0x08006e10       0x20 build//Users/marcus/Dropbox/Studienarbeit/Sourcecode/StudienarbeitX/Library/libmaple/libmaple/stm32f1/dma.o
                0x08006e10                __irq_dma1_channel5
 .text.__irq_dma1_channel6
                0x08006e30       0x20 build//Users/marcus/Dropbox/Studienarbeit/Sourcecode/StudienarbeitX/Library/libmaple/libmaple/stm32f1/dma.o
                0x08006e30                __irq_dma1_channel6
 .text.__irq_dma1_channel7
                0x08006e50       0x20 build//Users/marcus/Dropbox/Studienarbeit/Sourcecode/StudienarbeitX/Library/libmaple/libmaple/stm32f1/dma.o
                0x08006e50                __irq_dma1_channel7
 .text.gpio_set_mode
                0x08006e70       0x56 build//Users/marcus/Dropbox/Studienarbeit/Sourcecode/StudienarbeitX/Library/libmaple/libmaple/stm32f1/gpio.o
                0x08006e70                gpio_set_mode
 .text.afio_init
                0x08006ec6       0x12 build//Users/marcus/Dropbox/Studienarbeit/Sourcecode/StudienarbeitX/Library/libmaple/libmaple/stm32f1/gpio.o
                0x08006ec6                afio_init
 .text.gpio_init_all
                0x08006ed8       0x30 build//Users/marcus/Dropbox/Studienarbeit/Sourcecode/StudienarbeitX/Library/libmaple/libmaple/stm32f1/gpio.o
                0x08006ed8                gpio_init_all
 .text._i2c_irq_priority_fixup
                0x08006f08       0x1c build//Users/marcus/Dropbox/Studienarbeit/Sourcecode/StudienarbeitX/Library/libmaple/libmaple/stm32f1/i2c.o
                0x08006f08                _i2c_irq_priority_fixup
 .text.__irq_i2c2_er
                0x08006f24        0xc build//Users/marcus/Dropbox/Studienarbeit/Sourcecode/StudienarbeitX/Library/libmaple/libmaple/stm32f1/i2c.o
                0x08006f24                __irq_i2c2_er
 .text.__irq_i2c1_er
                0x08006f30        0xc build//Users/marcus/Dropbox/Studienarbeit/Sourcecode/StudienarbeitX/Library/libmaple/libmaple/stm32f1/i2c.o
                0x08006f30                __irq_i2c1_er
 .text.__irq_i2c2_ev
                0x08006f3c        0xc build//Users/marcus/Dropbox/Studienarbeit/Sourcecode/StudienarbeitX/Library/libmaple/libmaple/stm32f1/i2c.o
                0x08006f3c                __irq_i2c2_ev
 .text.__irq_i2c1_ev
                0x08006f48        0xc build//Users/marcus/Dropbox/Studienarbeit/Sourcecode/StudienarbeitX/Library/libmaple/libmaple/stm32f1/i2c.o
                0x08006f48                __irq_i2c1_ev
 .text.rcc_configure_pll
                0x08006f54       0x38 build//Users/marcus/Dropbox/Studienarbeit/Sourcecode/StudienarbeitX/Library/libmaple/libmaple/stm32f1/rcc.o
                0x08006f54                rcc_configure_pll
 .text.rcc_set_prescaler
                0x08006f8c       0x20 build//Users/marcus/Dropbox/Studienarbeit/Sourcecode/StudienarbeitX/Library/libmaple/libmaple/stm32f1/rcc.o
                0x08006f8c                rcc_set_prescaler
 .text.bb_peri_set_bit
                0x08006fac        0xe build//Users/marcus/Dropbox/Studienarbeit/Sourcecode/StudienarbeitX/Library/libmaple/libmaple/stm32f1/rcc.o
 *fill*         0x08006fba        0x2 00
 .text.rcc_clk_enable
                0x08006fbc       0x28 build//Users/marcus/Dropbox/Studienarbeit/Sourcecode/StudienarbeitX/Library/libmaple/libmaple/stm32f1/rcc.o
                0x08006fbc                rcc_clk_enable
 .text.rcc_reset_dev
                0x08006fe4       0x38 build//Users/marcus/Dropbox/Studienarbeit/Sourcecode/StudienarbeitX/Library/libmaple/libmaple/stm32f1/rcc.o
                0x08006fe4                rcc_reset_dev
 .text.spi_config_gpios
                0x0800701c       0x64 build//Users/marcus/Dropbox/Studienarbeit/Sourcecode/StudienarbeitX/Library/libmaple/libmaple/stm32f1/spi.o
                0x0800701c                spi_config_gpios
 .text.__irq_tim1_brk
                0x08007080       0x2c build//Users/marcus/Dropbox/Studienarbeit/Sourcecode/StudienarbeitX/Library/libmaple/libmaple/stm32f1/timer.o
                0x08007080                __irq_tim1_brk
 .text.__irq_tim1_up
                0x080070ac       0x2c build//Users/marcus/Dropbox/Studienarbeit/Sourcecode/StudienarbeitX/Library/libmaple/libmaple/stm32f1/timer.o
                0x080070ac                __irq_tim1_up
 .text.__irq_tim1_trg_com
                0x080070d8       0x40 build//Users/marcus/Dropbox/Studienarbeit/Sourcecode/StudienarbeitX/Library/libmaple/libmaple/stm32f1/timer.o
                0x080070d8                __irq_tim1_trg_com
 .text.__irq_tim1_cc
                0x08007118       0x60 build//Users/marcus/Dropbox/Studienarbeit/Sourcecode/StudienarbeitX/Library/libmaple/libmaple/stm32f1/timer.o
                0x08007118                __irq_tim1_cc
 .text.__irq_tim2
                0x08007178       0x8c build//Users/marcus/Dropbox/Studienarbeit/Sourcecode/StudienarbeitX/Library/libmaple/libmaple/stm32f1/timer.o
                0x08007178                __irq_tim2
 .text.__irq_tim3
                0x08007204       0x8c build//Users/marcus/Dropbox/Studienarbeit/Sourcecode/StudienarbeitX/Library/libmaple/libmaple/stm32f1/timer.o
                0x08007204                __irq_tim3
 .text.__irq_tim4
                0x08007290       0x8c build//Users/marcus/Dropbox/Studienarbeit/Sourcecode/StudienarbeitX/Library/libmaple/libmaple/stm32f1/timer.o
                0x08007290                __irq_tim4
 .text.rb_push_insert
                0x0800731c       0x52 build//Users/marcus/Dropbox/Studienarbeit/Sourcecode/StudienarbeitX/Library/libmaple/libmaple/stm32f1/usart.o
 *fill*         0x0800736e        0x2 00
 .text.usart_foreach
                0x08007370       0x24 build//Users/marcus/Dropbox/Studienarbeit/Sourcecode/StudienarbeitX/Library/libmaple/libmaple/stm32f1/usart.o
                0x08007370                usart_foreach
 .text.__irq_usart1
                0x08007394       0x14 build//Users/marcus/Dropbox/Studienarbeit/Sourcecode/StudienarbeitX/Library/libmaple/libmaple/stm32f1/usart.o
                0x08007394                __irq_usart1
 .text.__irq_usart2
                0x080073a8       0x14 build//Users/marcus/Dropbox/Studienarbeit/Sourcecode/StudienarbeitX/Library/libmaple/libmaple/stm32f1/usart.o
                0x080073a8                __irq_usart2
 .text.__irq_usart3
                0x080073bc       0x14 build//Users/marcus/Dropbox/Studienarbeit/Sourcecode/StudienarbeitX/Library/libmaple/libmaple/stm32f1/usart.o
                0x080073bc                __irq_usart3
 .text.usart_set_baud_rate
                0x080073d0       0x54 build//Users/marcus/Dropbox/Studienarbeit/Sourcecode/StudienarbeitX/Library/libmaple/libmaple/stm32f1/usart.o
                0x080073d0                usart_set_baud_rate
 .text          0x08007424       0x10 build//Users/marcus/Dropbox/Studienarbeit/Sourcecode/StudienarbeitX/Library/libmaple/wirish/start.o
                0x08007424                _start
 .text.start_c  0x08007434       0x64 build//Users/marcus/Dropbox/Studienarbeit/Sourcecode/StudienarbeitX/Library/libmaple/wirish/start_c.o
                0x08007434                start_c
 .text._sbrk    0x08007498       0x44 build//Users/marcus/Dropbox/Studienarbeit/Sourcecode/StudienarbeitX/Library/libmaple/wirish/syscalls.o
                0x08007498                _sbrk
 .text.nvic_irq_enable
                0x080074dc       0x1c build//Users/marcus/Dropbox/Studienarbeit/Sourcecode/StudienarbeitX/Library/libmaple/wirish/stm32f1/util_hooks.o
 .text.__lm_enable_error_usart
                0x080074f8       0x30 build//Users/marcus/Dropbox/Studienarbeit/Sourcecode/StudienarbeitX/Library/libmaple/wirish/stm32f1/util_hooks.o
                0x080074f8                __lm_enable_error_usart
 .text.__lm_error
                0x08007528       0x44 build//Users/marcus/Dropbox/Studienarbeit/Sourcecode/StudienarbeitX/Library/libmaple/wirish/stm32f1/util_hooks.o
                0x08007528                __lm_error
 .text.adc_disable
                0x0800756c       0x12 build//Users/marcus/Dropbox/Studienarbeit/Sourcecode/StudienarbeitX/Library/libmaple/wirish/stm32f1/util_hooks.o
 .text._Z9boardInitv
                0x0800757e        0x2 build//Users/marcus/Dropbox/Studienarbeit/Sourcecode/StudienarbeitX/Library/libmaple/wirish/boards.o
                0x0800757e                _Z9boardInitv
 .text._ZL18adc_default_configPK7adc_dev
                0x08007580       0x1c build//Users/marcus/Dropbox/Studienarbeit/Sourcecode/StudienarbeitX/Library/libmaple/wirish/boards.o
 .text._Z4initv
                0x0800759c       0xc0 build//Users/marcus/Dropbox/Studienarbeit/Sourcecode/StudienarbeitX/Library/libmaple/wirish/boards.o
                0x0800759c                _Z4initv
 .text.T.10     0x0800765c        0x8 build//Users/marcus/Dropbox/Studienarbeit/Sourcecode/StudienarbeitX/Library/libmaple/wirish/boards.o
 .text._ZL20timer_default_configP9timer_dev
                0x08007664       0xa2 build//Users/marcus/Dropbox/Studienarbeit/Sourcecode/StudienarbeitX/Library/libmaple/wirish/boards.o
 .text.__cxa_pure_virtual
                0x08007706        0x2 build//Users/marcus/Dropbox/Studienarbeit/Sourcecode/StudienarbeitX/Library/libmaple/wirish/cxxabi-compat.o
                0x08007706                __cxa_pure_virtual
 .text._ZN5PrintC2Ev
                0x08007708        0xc build//Users/marcus/Dropbox/Studienarbeit/Sourcecode/StudienarbeitX/Library/libmaple/wirish/HardwareSerial.o
                0x08007708                _ZN5PrintC2Ev
 .text._ZN14HardwareSerialC1EP9usart_devhh
                0x08007714       0x20 build//Users/marcus/Dropbox/Studienarbeit/Sourcecode/StudienarbeitX/Library/libmaple/wirish/HardwareSerial.o
                0x08007714                _ZN14HardwareSerialC1EP9usart_devhh
 .text._ZN14HardwareSerial5writeEh
                0x08007734       0x1a build//Users/marcus/Dropbox/Studienarbeit/Sourcecode/StudienarbeitX/Library/libmaple/wirish/HardwareSerial.o
                0x08007734                _ZN14HardwareSerial5writeEh
 *fill*         0x0800774e        0x2 00
 .text._GLOBAL__I_Serial1
                0x08007750       0x48 build//Users/marcus/Dropbox/Studienarbeit/Sourcecode/StudienarbeitX/Library/libmaple/wirish/HardwareSerial.o
 .text._ZL10interruptsv
                0x08007798        0x4 build//Users/marcus/Dropbox/Studienarbeit/Sourcecode/StudienarbeitX/Library/libmaple/wirish/HardwareTimer.o
 .text._ZL12noInterruptsv
                0x0800779c        0x4 build//Users/marcus/Dropbox/Studienarbeit/Sourcecode/StudienarbeitX/Library/libmaple/wirish/HardwareTimer.o
 .text.set_this_dev
                0x080077a0       0x1c build//Users/marcus/Dropbox/Studienarbeit/Sourcecode/StudienarbeitX/Library/libmaple/wirish/HardwareTimer.o
 .text._ZN13HardwareTimerC1Eh
                0x080077bc       0x48 build//Users/marcus/Dropbox/Studienarbeit/Sourcecode/StudienarbeitX/Library/libmaple/wirish/HardwareTimer.o
                0x080077bc                _ZN13HardwareTimerC1Eh
 .text._GLOBAL__I__ZN13HardwareTimerC2Eh
                0x08007804       0x38 build//Users/marcus/Dropbox/Studienarbeit/Sourcecode/StudienarbeitX/Library/libmaple/wirish/HardwareTimer.o
 .text._ZN5Print5writeEPKc
                0x0800783c       0x1c build//Users/marcus/Dropbox/Studienarbeit/Sourcecode/StudienarbeitX/Library/libmaple/wirish/Print.o
                0x0800783c                _ZN5Print5writeEPKc
 .text._ZN5Print5writeEPKvj
                0x08007858       0x20 build//Users/marcus/Dropbox/Studienarbeit/Sourcecode/StudienarbeitX/Library/libmaple/wirish/Print.o
                0x08007858                _ZN5Print5writeEPKvj
 .text._ZN5Print5printEc
                0x08007878        0xa build//Users/marcus/Dropbox/Studienarbeit/Sourcecode/StudienarbeitX/Library/libmaple/wirish/Print.o
                0x08007878                _ZN5Print5printEc
 .text._ZN5Print5printEPKc
                0x08007882        0xa build//Users/marcus/Dropbox/Studienarbeit/Sourcecode/StudienarbeitX/Library/libmaple/wirish/Print.o
                0x08007882                _ZN5Print5printEPKc
 .text._ZN5Print7printlnEv
                0x0800788c       0x16 build//Users/marcus/Dropbox/Studienarbeit/Sourcecode/StudienarbeitX/Library/libmaple/wirish/Print.o
                0x0800788c                _ZN5Print7printlnEv
 .text._ZN5Print7printlnEPKc
                0x080078a2       0x12 build//Users/marcus/Dropbox/Studienarbeit/Sourcecode/StudienarbeitX/Library/libmaple/wirish/Print.o
                0x080078a2                _ZN5Print7printlnEPKc
 .text._ZN5Print11printNumberEyh
                0x080078b4       0x7c build//Users/marcus/Dropbox/Studienarbeit/Sourcecode/StudienarbeitX/Library/libmaple/wirish/Print.o
                0x080078b4                _ZN5Print11printNumberEyh
 .text._ZN5Print5printEyi
                0x08007930       0x1e build//Users/marcus/Dropbox/Studienarbeit/Sourcecode/StudienarbeitX/Library/libmaple/wirish/Print.o
                0x08007930                _ZN5Print5printEyi
 .text._ZN5Print5printEji
                0x0800794e        0xe build//Users/marcus/Dropbox/Studienarbeit/Sourcecode/StudienarbeitX/Library/libmaple/wirish/Print.o
                0x0800794e                _ZN5Print5printEji
 .text._ZN5Print7printlnEji
                0x0800795c       0x12 build//Users/marcus/Dropbox/Studienarbeit/Sourcecode/StudienarbeitX/Library/libmaple/wirish/Print.o
                0x0800795c                _ZN5Print7printlnEji
 .text._ZN5Print5printExi
                0x0800796e       0x40 build//Users/marcus/Dropbox/Studienarbeit/Sourcecode/StudienarbeitX/Library/libmaple/wirish/Print.o
                0x0800796e                _ZN5Print5printExi
 .text._ZN5Print5printEii
                0x080079ae       0x10 build//Users/marcus/Dropbox/Studienarbeit/Sourcecode/StudienarbeitX/Library/libmaple/wirish/Print.o
                0x080079ae                _ZN5Print5printEii
 *fill*         0x080079be        0x2 00
 .text._ZN9USBSerialC1Ev
                0x080079c0       0x14 build//Users/marcus/Dropbox/Studienarbeit/Sourcecode/StudienarbeitX/Library/libmaple/wirish/usb_serial.o
                0x080079c0                _ZN9USBSerialC1Ev
 .text._ZN9USBSerial5writeEh
                0x080079d4       0x14 build//Users/marcus/Dropbox/Studienarbeit/Sourcecode/StudienarbeitX/Library/libmaple/wirish/usb_serial.o
                0x080079d4                _ZN9USBSerial5writeEh
 .text._ZN9USBSerial11isConnectedEv
                0x080079e8       0x18 build//Users/marcus/Dropbox/Studienarbeit/Sourcecode/StudienarbeitX/Library/libmaple/wirish/usb_serial.o
                0x080079e8                _ZN9USBSerial11isConnectedEv
 .text._ZN9USBSerial9availableEv
                0x08007a00        0x4 build//Users/marcus/Dropbox/Studienarbeit/Sourcecode/StudienarbeitX/Library/libmaple/wirish/usb_serial.o
                0x08007a00                _ZN9USBSerial9availableEv
 .text._ZN9USBSerial5writeEPKvj
                0x08007a04       0x50 build//Users/marcus/Dropbox/Studienarbeit/Sourcecode/StudienarbeitX/Library/libmaple/wirish/usb_serial.o
                0x08007a04                _ZN9USBSerial5writeEPKvj
 .text._ZN9USBSerial5writeEPKc
                0x08007a54       0x1a build//Users/marcus/Dropbox/Studienarbeit/Sourcecode/StudienarbeitX/Library/libmaple/wirish/usb_serial.o
                0x08007a54                _ZN9USBSerial5writeEPKc
 *fill*         0x08007a6e        0x2 00
 .text._ZN9USBSerial5beginEv
                0x08007a70       0x10 build//Users/marcus/Dropbox/Studienarbeit/Sourcecode/StudienarbeitX/Library/libmaple/wirish/usb_serial.o
                0x08007a70                _ZN9USBSerial5beginEv
 .text._GLOBAL__I__ZN9USBSerialC2Ev
                0x08007a80        0xc build//Users/marcus/Dropbox/Studienarbeit/Sourcecode/StudienarbeitX/Library/libmaple/wirish/usb_serial.o
 .text.spi_is_rx_nonempty
                0x08007a8c        0xa build//Users/marcus/Dropbox/Studienarbeit/Sourcecode/StudienarbeitX/Library/libmaple/wirish/HardwareSPI.o
 .text._ZN11HardwareSPI4readEPhj
                0x08007a96       0x26 build//Users/marcus/Dropbox/Studienarbeit/Sourcecode/StudienarbeitX/Library/libmaple/wirish/HardwareSPI.o
                0x08007a96                _ZN11HardwareSPI4readEPhj
 .text._ZN11HardwareSPI4readEv
                0x08007abc       0x10 build//Users/marcus/Dropbox/Studienarbeit/Sourcecode/StudienarbeitX/Library/libmaple/wirish/HardwareSPI.o
                0x08007abc                _ZN11HardwareSPI4readEv
 .text._ZL15dev_to_spi_pinsP7spi_dev
                0x08007acc       0x1c build//Users/marcus/Dropbox/Studienarbeit/Sourcecode/StudienarbeitX/Library/libmaple/wirish/HardwareSPI.o
 .text._ZN11HardwareSPI6nssPinEv
                0x08007ae8        0xc build//Users/marcus/Dropbox/Studienarbeit/Sourcecode/StudienarbeitX/Library/libmaple/wirish/HardwareSPI.o
                0x08007ae8                _ZN11HardwareSPI6nssPinEv
 .text._ZN11HardwareSPI5writeEPKvj
                0x08007af4       0x12 build//Users/marcus/Dropbox/Studienarbeit/Sourcecode/StudienarbeitX/Library/libmaple/wirish/HardwareSPI.o
                0x08007af4                _ZN11HardwareSPI5writeEPKvj
 .text._ZN11HardwareSPI8transferEh
                0x08007b06       0x1a build//Users/marcus/Dropbox/Studienarbeit/Sourcecode/StudienarbeitX/Library/libmaple/wirish/HardwareSPI.o
                0x08007b06                _ZN11HardwareSPI8transferEh
 .text._ZN11HardwareSPI5writeEh
                0x08007b20       0x12 build//Users/marcus/Dropbox/Studienarbeit/Sourcecode/StudienarbeitX/Library/libmaple/wirish/HardwareSPI.o
                0x08007b20                _ZN11HardwareSPI5writeEh
 *fill*         0x08007b32        0x2 00
 .text._ZN11HardwareSPIC1Ej
                0x08007b34       0x38 build//Users/marcus/Dropbox/Studienarbeit/Sourcecode/StudienarbeitX/Library/libmaple/wirish/HardwareSPI.o
                0x08007b34                _ZN11HardwareSPIC1Ej
 .text._ZL11disable_pwmPK14stm32_pin_info
                0x08007b6c       0x10 build//Users/marcus/Dropbox/Studienarbeit/Sourcecode/StudienarbeitX/Library/libmaple/wirish/HardwareSPI.o
 .text._ZL13enable_deviceP7spi_devb12SPIFrequency12spi_cfg_flag8spi_mode
                0x08007b7c      0x114 build//Users/marcus/Dropbox/Studienarbeit/Sourcecode/StudienarbeitX/Library/libmaple/wirish/HardwareSPI.o
 .text._ZN11HardwareSPI5beginE12SPIFrequencyjj
                0x08007c90       0x3c build//Users/marcus/Dropbox/Studienarbeit/Sourcecode/StudienarbeitX/Library/libmaple/wirish/HardwareSPI.o
                0x08007c90                _ZN11HardwareSPI5beginE12SPIFrequencyjj
 .text._Z12digitalWritehh
                0x08007ccc       0x30 build//Users/marcus/Dropbox/Studienarbeit/Sourcecode/StudienarbeitX/Library/libmaple/wirish/wirish_digital.o
                0x08007ccc                _Z12digitalWritehh
 .text._Z17delayMicrosecondsj
                0x08007cfc        0xe build//Users/marcus/Dropbox/Studienarbeit/Sourcecode/StudienarbeitX/Library/libmaple/wirish/wirish_time.o
                0x08007cfc                _Z17delayMicrosecondsj
 .text._Z5delaym
                0x08007d0a       0x18 build//Users/marcus/Dropbox/Studienarbeit/Sourcecode/StudienarbeitX/Library/libmaple/wirish/wirish_time.o
                0x08007d0a                _Z5delaym
 .text._ZN6wirish4priv15board_reset_pllEv
                0x08007d22        0x2 build//Users/marcus/Dropbox/Studienarbeit/Sourcecode/StudienarbeitX/Library/libmaple/wirish/stm32f1/boards_setup.o
                0x08007d22                _ZN6wirish4priv15board_reset_pllEv
 .text._ZN6wirish4priv11series_initEv
                0x08007d24        0x4 build//Users/marcus/Dropbox/Studienarbeit/Sourcecode/StudienarbeitX/Library/libmaple/wirish/stm32f1/boards_setup.o
                0x08007d24                _ZN6wirish4priv11series_initEv
 .text._ZN6wirish4priv15board_setup_usbEv
                0x08007d28        0xc build//Users/marcus/Dropbox/Studienarbeit/Sourcecode/StudienarbeitX/Library/libmaple/wirish/stm32f1/boards_setup.o
                0x08007d28                _ZN6wirish4priv15board_setup_usbEv
 .text._ZN6wirish4priv16board_setup_gpioEv
                0x08007d34        0x4 build//Users/marcus/Dropbox/Studienarbeit/Sourcecode/StudienarbeitX/Library/libmaple/wirish/stm32f1/boards_setup.o
                0x08007d34                _ZN6wirish4priv16board_setup_gpioEv
 .text._ZN6wirish4priv28board_setup_clock_prescalersEv
                0x08007d38       0x20 build//Users/marcus/Dropbox/Studienarbeit/Sourcecode/StudienarbeitX/Library/libmaple/wirish/stm32f1/boards_setup.o
                0x08007d38                _ZN6wirish4priv28board_setup_clock_prescalersEv
 .text._Z7pinModeh13WiringPinMode
                0x08007d58       0x88 build//Users/marcus/Dropbox/Studienarbeit/Sourcecode/StudienarbeitX/Library/libmaple/wirish/stm32f1/wirish_digital.o
                0x08007d58                _Z7pinModeh13WiringPinMode
 .text._GLOBAL__I_PIN_MAP
                0x08007de0      0x158 build//Users/marcus/Dropbox/Studienarbeit/Sourcecode/StudienarbeitX/Library/libmaple/wirish/boards/maple/board.o
 .text._ZN17WFSEthernetClientaSERKS_
                0x08007f38        0x6 build//Users/marcus/Dropbox/Studienarbeit/Sourcecode/StudienarbeitX/Library/TinyWebServer/TinyWebServer.o
                0x08007f38                _ZN17WFSEthernetClientaSERKS_
 .text._ZN13TinyWebServer14read_next_charER17WFSEthernetClientPh
                0x08007f3e       0x20 build//Users/marcus/Dropbox/Studienarbeit/Sourcecode/StudienarbeitX/Library/TinyWebServer/TinyWebServer.o
                0x08007f3e                _ZN13TinyWebServer14read_next_charER17WFSEthernetClientPh
 .text._ZN13TinyWebServer8get_lineEPci
                0x08007f5e       0x48 build//Users/marcus/Dropbox/Studienarbeit/Sourcecode/StudienarbeitX/Library/TinyWebServer/TinyWebServer.o
                0x08007f5e                _ZN13TinyWebServer8get_lineEPci
 .text._ZN13TinyWebServer5writeEPKhj
                0x08007fa6        0xa build//Users/marcus/Dropbox/Studienarbeit/Sourcecode/StudienarbeitX/Library/TinyWebServer/TinyWebServer.o
                0x08007fa6                _ZN13TinyWebServer5writeEPKhj
 .text._ZN13TinyWebServer22should_stop_processingEv
                0x08007fb0       0x12 build//Users/marcus/Dropbox/Studienarbeit/Sourcecode/StudienarbeitX/Library/TinyWebServer/TinyWebServer.o
                0x08007fb0                _ZN13TinyWebServer22should_stop_processingEv
 .text._ZN13TinyWebServer11end_headersER17WFSEthernetClient
                0x08007fc2        0x4 build//Users/marcus/Dropbox/Studienarbeit/Sourcecode/StudienarbeitX/Library/TinyWebServer/TinyWebServer.o
                0x08007fc2                _ZN13TinyWebServer11end_headersER17WFSEthernetClient
 .text._ZN13TinyWebServer5writeEPKc
                0x08007fc6        0x6 build//Users/marcus/Dropbox/Studienarbeit/Sourcecode/StudienarbeitX/Library/TinyWebServer/TinyWebServer.o
                0x08007fc6                _ZN13TinyWebServer5writeEPKc
 .text._ZN13TinyWebServer5writeEh
                0x08007fcc        0x6 build//Users/marcus/Dropbox/Studienarbeit/Sourcecode/StudienarbeitX/Library/TinyWebServer/TinyWebServer.o
                0x08007fcc                _ZN13TinyWebServer5writeEh
 .text._ZN13TinyWebServer19is_requested_headerEPPKc
                0x08007fd2       0x28 build//Users/marcus/Dropbox/Studienarbeit/Sourcecode/StudienarbeitX/Library/TinyWebServer/TinyWebServer.o
                0x08007fd2                _ZN13TinyWebServer19is_requested_headerEPPKc
 *fill*         0x08007ffa        0x2 00
 .text._ZN13TinyWebServer15send_error_codeER17WFSEthernetClienti
                0x08007ffc       0x38 build//Users/marcus/Dropbox/Studienarbeit/Sourcecode/StudienarbeitX/Library/TinyWebServer/TinyWebServer.o
                0x08007ffc                _ZN13TinyWebServer15send_error_codeER17WFSEthernetClienti
 .text._ZN13TinyWebServer15send_error_codeEi
                0x08008034        0x6 build//Users/marcus/Dropbox/Studienarbeit/Sourcecode/StudienarbeitX/Library/TinyWebServer/TinyWebServer.o
                0x08008034                _ZN13TinyWebServer15send_error_codeEi
 .text._ZN13TinyWebServer5beginEP11WFSEthernet
                0x0800803a        0x6 build//Users/marcus/Dropbox/Studienarbeit/Sourcecode/StudienarbeitX/Library/TinyWebServer/TinyWebServer.o
                0x0800803a                _ZN13TinyWebServer5beginEP11WFSEthernet
 .text._Z12malloc_checkj
                0x08008040       0x40 build//Users/marcus/Dropbox/Studienarbeit/Sourcecode/StudienarbeitX/Library/TinyWebServer/TinyWebServer.o
                0x08008040                _Z12malloc_checkj
 .text._ZN13TinyWebServer9get_fieldEPKci
                0x08008080       0x9a build//Users/marcus/Dropbox/Studienarbeit/Sourcecode/StudienarbeitX/Library/TinyWebServer/TinyWebServer.o
                0x08008080                _ZN13TinyWebServer9get_fieldEPKci
 .text._ZN13TinyWebServer19assign_header_valueEPKcPc
                0x0800811a       0x46 build//Users/marcus/Dropbox/Studienarbeit/Sourcecode/StudienarbeitX/Library/TinyWebServer/TinyWebServer.o
                0x0800811a                _ZN13TinyWebServer19assign_header_valueEPKcPc
 .text._ZN13TinyWebServer15process_headersEv
                0x08008160      0x154 build//Users/marcus/Dropbox/Studienarbeit/Sourcecode/StudienarbeitX/Library/TinyWebServer/TinyWebServer.o
                0x08008160                _ZN13TinyWebServer15process_headersEv
 .text._ZN13TinyWebServer7processEv
                0x080082b4      0x198 build//Users/marcus/Dropbox/Studienarbeit/Sourcecode/StudienarbeitX/Library/TinyWebServer/TinyWebServer.o
                0x080082b4                _ZN13TinyWebServer7processEv
 .text._ZN13TinyWebServerC1EPNS_11PathHandlerEPPKc
                0x0800844c       0x70 build//Users/marcus/Dropbox/Studienarbeit/Sourcecode/StudienarbeitX/Library/TinyWebServer/TinyWebServer.o
                0x0800844c                _ZN13TinyWebServerC1EPNS_11PathHandlerEPPKc
 .text._ZN13SpiUartDevice6selectEv
                0x080084bc       0x18 build//Users/marcus/Dropbox/Studienarbeit/Sourcecode/StudienarbeitX/Library/WiFlySerial/SpiUart.o
                0x080084bc                _ZN13SpiUartDevice6selectEv
 .text._ZN13SpiUartDevice8deselectEv
                0x080084d4       0x18 build//Users/marcus/Dropbox/Studienarbeit/Sourcecode/StudienarbeitX/Library/WiFlySerial/SpiUart.o
                0x080084d4                _ZN13SpiUartDevice8deselectEv
 .text._ZN13SpiUartDevice12readRegisterEh
                0x080084ec       0x30 build//Users/marcus/Dropbox/Studienarbeit/Sourcecode/StudienarbeitX/Library/WiFlySerial/SpiUart.o
                0x080084ec                _ZN13SpiUartDevice12readRegisterEh
 .text._ZN13SpiUartDevice5writeEPKc
                0x0800851c       0x34 build//Users/marcus/Dropbox/Studienarbeit/Sourcecode/StudienarbeitX/Library/WiFlySerial/SpiUart.o
                0x0800851c                _ZN13SpiUartDevice5writeEPKc
 .text._ZN13SpiUartDevice9availableEv
                0x08008550        0x6 build//Users/marcus/Dropbox/Studienarbeit/Sourcecode/StudienarbeitX/Library/WiFlySerial/SpiUart.o
                0x08008550                _ZN13SpiUartDevice9availableEv
 .text._ZN13SpiUartDevice4readEv
                0x08008556       0x1a build//Users/marcus/Dropbox/Studienarbeit/Sourcecode/StudienarbeitX/Library/WiFlySerial/SpiUart.o
                0x08008556                _ZN13SpiUartDevice4readEv
 .text._ZN13SpiUartDevice5flushEv
                0x08008570       0x18 build//Users/marcus/Dropbox/Studienarbeit/Sourcecode/StudienarbeitX/Library/WiFlySerial/SpiUart.o
                0x08008570                _ZN13SpiUartDevice5flushEv
 .text._ZN13SpiUartDevice13writeRegisterEhh
                0x08008588       0x30 build//Users/marcus/Dropbox/Studienarbeit/Sourcecode/StudienarbeitX/Library/WiFlySerial/SpiUart.o
                0x08008588                _ZN13SpiUartDevice13writeRegisterEhh
 .text._ZN13SpiUartDevice5writeEh
                0x080085b8       0x20 build//Users/marcus/Dropbox/Studienarbeit/Sourcecode/StudienarbeitX/Library/WiFlySerial/SpiUart.o
                0x080085b8                _ZN13SpiUartDevice5writeEh
 .text._ZN13SpiUartDevice13uartConnectedEv
                0x080085d8       0x24 build//Users/marcus/Dropbox/Studienarbeit/Sourcecode/StudienarbeitX/Library/WiFlySerial/SpiUart.o
                0x080085d8                _ZN13SpiUartDevice13uartConnectedEv
 .text._ZN13SpiUartDevice11setBaudRateEm
                0x080085fc       0x30 build//Users/marcus/Dropbox/Studienarbeit/Sourcecode/StudienarbeitX/Library/WiFlySerial/SpiUart.o
                0x080085fc                _ZN13SpiUartDevice11setBaudRateEm
 .text._ZN13SpiUartDevice13configureUartEm
                0x0800862c       0x44 build//Users/marcus/Dropbox/Studienarbeit/Sourcecode/StudienarbeitX/Library/WiFlySerial/SpiUart.o
                0x0800862c                _ZN13SpiUartDevice13configureUartEm
 .text._ZN13SpiUartDevice8initUartEm
                0x08008670       0x12 build//Users/marcus/Dropbox/Studienarbeit/Sourcecode/StudienarbeitX/Library/WiFlySerial/SpiUart.o
                0x08008670                _ZN13SpiUartDevice8initUartEm
 *fill*         0x08008682        0x2 00
 .text._ZN13SpiUartDevice5beginEP11HardwareSPIm
                0x08008684       0x40 build//Users/marcus/Dropbox/Studienarbeit/Sourcecode/StudienarbeitX/Library/WiFlySerial/SpiUart.o
                0x08008684                _ZN13SpiUartDevice5beginEP11HardwareSPIm
 .text._ZN11WiFlySerialC1Ev
                0x080086c4       0x34 build//Users/marcus/Dropbox/Studienarbeit/Sourcecode/StudienarbeitX/Library/WiFlySerial/WiFlySerial.o
                0x080086c4                _ZN11WiFlySerialC1Ev
 .text._ZN11WiFlySerial14openConnectionEv
                0x080086f8        0x6 build//Users/marcus/Dropbox/Studienarbeit/Sourcecode/StudienarbeitX/Library/WiFlySerial/WiFlySerial.o
                0x080086f8                _ZN11WiFlySerial14openConnectionEv
 .text._ZN11WiFlySerial16isConnectionOpenEv
                0x080086fe        0x4 build//Users/marcus/Dropbox/Studienarbeit/Sourcecode/StudienarbeitX/Library/WiFlySerial/WiFlySerial.o
                0x080086fe                _ZN11WiFlySerial16isConnectionOpenEv
 .text._ZN11WiFlySerial5writeEh
                0x08008702        0xc build//Users/marcus/Dropbox/Studienarbeit/Sourcecode/StudienarbeitX/Library/WiFlySerial/WiFlySerial.o
                0x08008702                _ZN11WiFlySerial5writeEh
 .text._ZN11WiFlySerial4peekEv
                0x0800870e        0x4 build//Users/marcus/Dropbox/Studienarbeit/Sourcecode/StudienarbeitX/Library/WiFlySerial/WiFlySerial.o
                0x0800870e                _ZN11WiFlySerial4peekEv
 .text._ZN11WiFlySerial9availableEv
                0x08008712        0xa build//Users/marcus/Dropbox/Studienarbeit/Sourcecode/StudienarbeitX/Library/WiFlySerial/WiFlySerial.o
                0x08008712                _ZN11WiFlySerial9availableEv
 .text._ZN11WiFlySerial4readEv
                0x0800871c        0x6 build//Users/marcus/Dropbox/Studienarbeit/Sourcecode/StudienarbeitX/Library/WiFlySerial/WiFlySerial.o
                0x0800871c                _ZN11WiFlySerial4readEv
 .text._ZN11WiFlySerial5flushEv
                0x08008722        0x6 build//Users/marcus/Dropbox/Studienarbeit/Sourcecode/StudienarbeitX/Library/WiFlySerial/WiFlySerial.o
                0x08008722                _ZN11WiFlySerial5flushEv
 .text._Z7reversePcS_
                0x08008728       0x20 build//Users/marcus/Dropbox/Studienarbeit/Sourcecode/StudienarbeitX/Library/WiFlySerial/WiFlySerial.o
                0x08008728                _Z7reversePcS_
 .text._Z4itoaiPci
                0x08008748       0x48 build//Users/marcus/Dropbox/Studienarbeit/Sourcecode/StudienarbeitX/Library/WiFlySerial/WiFlySerial.o
                0x08008748                _Z4itoaiPci
 .text._ZN11WiFlySerial15closeConnectionEv
                0x08008790       0x28 build//Users/marcus/Dropbox/Studienarbeit/Sourcecode/StudienarbeitX/Library/WiFlySerial/WiFlySerial.o
                0x08008790                _ZN11WiFlySerial15closeConnectionEv
 .text._ZN11WiFlySerial14ScanForPatternEPciPKcbmb
                0x080087b8      0x110 build//Users/marcus/Dropbox/Studienarbeit/Sourcecode/StudienarbeitX/Library/WiFlySerial/WiFlySerial.o
                0x080087b8                _ZN11WiFlySerial14ScanForPatternEPciPKcbmb
 .text._ZN11WiFlySerial15serveConnectionEm
                0x080088c8       0x2c build//Users/marcus/Dropbox/Studienarbeit/Sourcecode/StudienarbeitX/Library/WiFlySerial/WiFlySerial.o
                0x080088c8                _ZN11WiFlySerial15serveConnectionEm
 .text._ZN11WiFlySerial16StartCommandModeEPci
                0x080088f4       0xf8 build//Users/marcus/Dropbox/Studienarbeit/Sourcecode/StudienarbeitX/Library/WiFlySerial/WiFlySerial.o
                0x080088f4                _ZN11WiFlySerial16StartCommandModeEPci
 .text._ZN11WiFlySerial11SendCommandEPKcS1_Pcibmbb
                0x080089ec       0x84 build//Users/marcus/Dropbox/Studienarbeit/Sourcecode/StudienarbeitX/Library/WiFlySerial/WiFlySerial.o
                0x080089ec                _ZN11WiFlySerial11SendCommandEPKcS1_Pcibmbb
 .text._ZN11WiFlySerial12issueSettingEiPKc
                0x08008a70       0x54 build//Users/marcus/Dropbox/Studienarbeit/Sourcecode/StudienarbeitX/Library/WiFlySerial/WiFlySerial.o
                0x08008a70                _ZN11WiFlySerial12issueSettingEiPKc
 .text._ZN11WiFlySerial12setLocalPortEi
                0x08008ac4       0x22 build//Users/marcus/Dropbox/Studienarbeit/Sourcecode/StudienarbeitX/Library/WiFlySerial/WiFlySerial.o
                0x08008ac4                _ZN11WiFlySerial12setLocalPortEi
 *fill*         0x08008ae6        0x2 00
 .text._ZN11WiFlySerial15exitCommandModeEv
                0x08008ae8       0x48 build//Users/marcus/Dropbox/Studienarbeit/Sourcecode/StudienarbeitX/Library/WiFlySerial/WiFlySerial.o
                0x08008ae8                _ZN11WiFlySerial15exitCommandModeEv
 .text._ZN11WiFlySerial13ExtractDetailEPKcPciS1_S1_
                0x08008b30       0x60 build//Users/marcus/Dropbox/Studienarbeit/Sourcecode/StudienarbeitX/Library/WiFlySerial/WiFlySerial.o
                0x08008b30                _ZN11WiFlySerial13ExtractDetailEPKcPciS1_S1_
 .text._ZN11WiFlySerial16ExtractDetailIdxEiPciii
                0x08008b90       0x5c build//Users/marcus/Dropbox/Studienarbeit/Sourcecode/StudienarbeitX/Library/WiFlySerial/WiFlySerial.o
                0x08008b90                _ZN11WiFlySerial16ExtractDetailIdxEiPciii
 .text._ZN11WiFlySerial5getIPEPci
                0x08008bec       0x18 build//Users/marcus/Dropbox/Studienarbeit/Sourcecode/StudienarbeitX/Library/WiFlySerial/WiFlySerial.o
                0x08008bec                _ZN11WiFlySerial5getIPEPci
 .text._ZN11WiFlySerial12GetCmdPromptEv
                0x08008c04       0x80 build//Users/marcus/Dropbox/Studienarbeit/Sourcecode/StudienarbeitX/Library/WiFlySerial/WiFlySerial.o
                0x08008c04                _ZN11WiFlySerial12GetCmdPromptEv
 .text._ZN11WiFlySerial5beginEP13SpiUartDevice
                0x08008c84       0x44 build//Users/marcus/Dropbox/Studienarbeit/Sourcecode/StudienarbeitX/Library/WiFlySerial/WiFlySerial.o
                0x08008c84                _ZN11WiFlySerial5beginEP13SpiUartDevice
 .text._ZN11WFSEthernet5beginEP11WiFlySerial
                0x08008cc8        0x8 build//Users/marcus/Dropbox/Studienarbeit/Sourcecode/StudienarbeitX/Library/WiFlySerial/WFSEthernet.o
                0x08008cc8                _ZN11WFSEthernet5beginEP11WiFlySerial
 .text._ZN11WFSEthernet5flushEv
                0x08008cd0        0xc build//Users/marcus/Dropbox/Studienarbeit/Sourcecode/StudienarbeitX/Library/WiFlySerial/WFSEthernet.o
                0x08008cd0                _ZN11WFSEthernet5flushEv
 .text._ZN11WFSEthernet4readEv
                0x08008cdc        0xc build//Users/marcus/Dropbox/Studienarbeit/Sourcecode/StudienarbeitX/Library/WiFlySerial/WFSEthernet.o
                0x08008cdc                _ZN11WFSEthernet4readEv
 .text._ZN11WFSEthernet5writeEh
                0x08008ce8        0xc build//Users/marcus/Dropbox/Studienarbeit/Sourcecode/StudienarbeitX/Library/WiFlySerial/WFSEthernet.o
                0x08008ce8                _ZN11WFSEthernet5writeEh
 .text._ZN11WFSEthernet9availableEv
                0x08008cf4        0xc build//Users/marcus/Dropbox/Studienarbeit/Sourcecode/StudienarbeitX/Library/WiFlySerial/WFSEthernet.o
                0x08008cf4                _ZN11WFSEthernet9availableEv
 .text._ZN11WFSEthernetC1Ev
                0x08008d00       0x18 build//Users/marcus/Dropbox/Studienarbeit/Sourcecode/StudienarbeitX/Library/WiFlySerial/WFSEthernet.o
                0x08008d00                _ZN11WFSEthernetC1Ev
 .text._ZN11WFSEthernet10disconnectEv
                0x08008d18        0x6 build//Users/marcus/Dropbox/Studienarbeit/Sourcecode/StudienarbeitX/Library/WiFlySerial/WFSEthernet.o
                0x08008d18                _ZN11WFSEthernet10disconnectEv
 .text._ZN11WFSEthernet7connectEv
                0x08008d1e        0x6 build//Users/marcus/Dropbox/Studienarbeit/Sourcecode/StudienarbeitX/Library/WiFlySerial/WFSEthernet.o
                0x08008d1e                _ZN11WFSEthernet7connectEv
 .text._ZN11WFSEthernet16isConnectionOpenEv
                0x08008d24        0x6 build//Users/marcus/Dropbox/Studienarbeit/Sourcecode/StudienarbeitX/Library/WiFlySerial/WFSEthernet.o
                0x08008d24                _ZN11WFSEthernet16isConnectionOpenEv
 .text._ZN11WFSEthernet15serveConnectionEv
                0x08008d2a        0xa build//Users/marcus/Dropbox/Studienarbeit/Sourcecode/StudienarbeitX/Library/WiFlySerial/WFSEthernet.o
                0x08008d2a                _ZN11WFSEthernet15serveConnectionEv
 .text._ZN17WFSEthernetServerC1Etl
                0x08008d34       0x10 build//Users/marcus/Dropbox/Studienarbeit/Sourcecode/StudienarbeitX/Library/WiFlySerial/WFSEthernetServer.o
                0x08008d34                _ZN17WFSEthernetServerC1Etl
 .text._ZN17WFSEthernetServer5writeEh
                0x08008d44        0xc build//Users/marcus/Dropbox/Studienarbeit/Sourcecode/StudienarbeitX/Library/WiFlySerial/WFSEthernetServer.o
                0x08008d44                _ZN17WFSEthernetServer5writeEh
 .text._ZN17WFSEthernetServer6acceptEv
                0x08008d50       0x14 build//Users/marcus/Dropbox/Studienarbeit/Sourcecode/StudienarbeitX/Library/WiFlySerial/WFSEthernetServer.o
                0x08008d50                _ZN17WFSEthernetServer6acceptEv
 .text._ZN17WFSEthernetServer9availableEv
                0x08008d64       0x3c build//Users/marcus/Dropbox/Studienarbeit/Sourcecode/StudienarbeitX/Library/WiFlySerial/WFSEthernetServer.o
                0x08008d64                _ZN17WFSEthernetServer9availableEv
 .text._ZN17WFSEthernetServer5beginEP11WFSEthernet
                0x08008da0        0xe build//Users/marcus/Dropbox/Studienarbeit/Sourcecode/StudienarbeitX/Library/WiFlySerial/WFSEthernetServer.o
                0x08008da0                _ZN17WFSEthernetServer5beginEP11WFSEthernet
 *fill*         0x08008dae        0x2 00
 .text._ZN17WFSEthernetClientC1Ev
                0x08008db0       0x14 build//Users/marcus/Dropbox/Studienarbeit/Sourcecode/StudienarbeitX/Library/WiFlySerial/WFSEthernetClient.o
                0x08008db0                _ZN17WFSEthernetClientC1Ev
 .text._ZN17WFSEthernetClientC1EP11WFSEthernet
                0x08008dc4       0x18 build//Users/marcus/Dropbox/Studienarbeit/Sourcecode/StudienarbeitX/Library/WiFlySerial/WFSEthernetClient.o
                0x08008dc4                _ZN17WFSEthernetClientC1EP11WFSEthernet
 .text._ZN17WFSEthernetClient7connectEPKct
                0x08008ddc        0xa build//Users/marcus/Dropbox/Studienarbeit/Sourcecode/StudienarbeitX/Library/WiFlySerial/WFSEthernetClient.o
                0x08008ddc                _ZN17WFSEthernetClient7connectEPKct
 .text._ZN17WFSEthernetClient7connectE12WFSIPAddresst
                0x08008de6        0xc build//Users/marcus/Dropbox/Studienarbeit/Sourcecode/StudienarbeitX/Library/WiFlySerial/WFSEthernetClient.o
                0x08008de6                _ZN17WFSEthernetClient7connectE12WFSIPAddresst
 .text._ZN17WFSEthernetClient5writeEh
                0x08008df2        0xc build//Users/marcus/Dropbox/Studienarbeit/Sourcecode/StudienarbeitX/Library/WiFlySerial/WFSEthernetClient.o
                0x08008df2                _ZN17WFSEthernetClient5writeEh
 .text._ZN17WFSEthernetClient9availableEv
                0x08008dfe        0xc build//Users/marcus/Dropbox/Studienarbeit/Sourcecode/StudienarbeitX/Library/WiFlySerial/WFSEthernetClient.o
                0x08008dfe                _ZN17WFSEthernetClient9availableEv
 .text._ZN17WFSEthernetClient4readEv
                0x08008e0a        0xc build//Users/marcus/Dropbox/Studienarbeit/Sourcecode/StudienarbeitX/Library/WiFlySerial/WFSEthernetClient.o
                0x08008e0a                _ZN17WFSEthernetClient4readEv
 .text._ZN17WFSEthernetClient4peekEv
                0x08008e16        0x6 build//Users/marcus/Dropbox/Studienarbeit/Sourcecode/StudienarbeitX/Library/WiFlySerial/WFSEthernetClient.o
                0x08008e16                _ZN17WFSEthernetClient4peekEv
 .text._ZN17WFSEthernetClient5flushEv
                0x08008e1c        0xc build//Users/marcus/Dropbox/Studienarbeit/Sourcecode/StudienarbeitX/Library/WiFlySerial/WFSEthernetClient.o
                0x08008e1c                _ZN17WFSEthernetClient5flushEv
 .text._ZN17WFSEthernetClient6statusEv
                0x08008e28        0x6 build//Users/marcus/Dropbox/Studienarbeit/Sourcecode/StudienarbeitX/Library/WiFlySerial/WFSEthernetClient.o
                0x08008e28                _ZN17WFSEthernetClient6statusEv
 .text._ZN17WFSEthernetClientcvbEv
                0x08008e2e        0x4 build//Users/marcus/Dropbox/Studienarbeit/Sourcecode/StudienarbeitX/Library/WiFlySerial/WFSEthernetClient.o
                0x08008e2e                _ZN17WFSEthernetClientcvbEv
 .text._ZN17WFSEthernetClient9connectedEv
                0x08008e32        0x6 build//Users/marcus/Dropbox/Studienarbeit/Sourcecode/StudienarbeitX/Library/WiFlySerial/WFSEthernetClient.o
                0x08008e32                _ZN17WFSEthernetClient9connectedEv
 .text._ZN17WFSEthernetClient4stopEv
                0x08008e38        0x6 build//Users/marcus/Dropbox/Studienarbeit/Sourcecode/StudienarbeitX/Library/WiFlySerial/WFSEthernetClient.o
                0x08008e38                _ZN17WFSEthernetClient4stopEv
 .text._ZN17WFSEthernetClient7connectEv
                0x08008e3e        0x6 build//Users/marcus/Dropbox/Studienarbeit/Sourcecode/StudienarbeitX/Library/WiFlySerial/WFSEthernetClient.o
                0x08008e3e                _ZN17WFSEthernetClient7connectEv
 .text._ZN12WFSIPAddressC1Ev
                0x08008e44       0x10 build//Users/marcus/Dropbox/Studienarbeit/Sourcecode/StudienarbeitX/Library/WiFlySerial/WFSIPAddress.o
                0x08008e44                _ZN12WFSIPAddressC1Ev
 .text._Z13index_handlerR13TinyWebServer
                0x08008e54        0x4 build//Users/marcus/Dropbox/Studienarbeit/Sourcecode/StudienarbeitX/TWS-HelloWorld.o
                0x08008e54                _Z13index_handlerR13TinyWebServer
 .text._Z7premainv
                0x08008e58        0x4 build//Users/marcus/Dropbox/Studienarbeit/Sourcecode/StudienarbeitX/TWS-HelloWorld.o
                0x08008e58                _Z7premainv
 .text._Z4loopv
                0x08008e5c        0xc build//Users/marcus/Dropbox/Studienarbeit/Sourcecode/StudienarbeitX/TWS-HelloWorld.o
                0x08008e5c                _Z4loopv
 .text._Z5setupv
                0x08008e68       0xc8 build//Users/marcus/Dropbox/Studienarbeit/Sourcecode/StudienarbeitX/TWS-HelloWorld.o
                0x08008e68                _Z5setupv
 .text.main     0x08008f30        0xc build//Users/marcus/Dropbox/Studienarbeit/Sourcecode/StudienarbeitX/TWS-HelloWorld.o
                0x08008f30                main
 .text._GLOBAL__I_spi
                0x08008f3c       0x60 build//Users/marcus/Dropbox/Studienarbeit/Sourcecode/StudienarbeitX/TWS-HelloWorld.o
 .text          0x08008f9c       0x2c /usr/local/bin/../lib/gcc/arm-none-eabi/4.4.1/thumb2/libgcc.a(_aeabi_uldivmod.o)
                0x08008f9c                __aeabi_uldivmod
 .text          0x08008fc8       0x58 /usr/local/bin/../lib/gcc/arm-none-eabi/4.4.1/thumb2/libgcc.a(bpabi.o)
                0x08008fc8                __gnu_uldivmod_helper
                0x08008ff4                __gnu_ldivmod_helper
 .text          0x08009020        0x4 /usr/local/bin/../lib/gcc/arm-none-eabi/4.4.1/thumb2/libgcc.a(_dvmd_tls.o)
                0x08009020                __aeabi_ldiv0
                0x08009020                __aeabi_idiv0
 .text          0x08009024      0x364 /usr/local/bin/../lib/gcc/arm-none-eabi/4.4.1/thumb2/libgcc.a(_divdi3.o)
                0x08009024                __divdi3
 .text          0x08009388      0x300 /usr/local/bin/../lib/gcc/arm-none-eabi/4.4.1/thumb2/libgcc.a(_udivdi3.o)
                0x08009388                __udivdi3
 .text          0x08009688      0x278 /usr/local/bin/../lib/gcc/arm-none-eabi/4.4.1/thumb2/libgcc.a(_udivsi3.o)
                0x08009688                __udivsi3
                0x08009688                __aeabi_uidiv
                0x080098e4                __aeabi_uidivmod
 .text.__errno  0x08009900        0xc /usr/local/bin/../lib/gcc/arm-none-eabi/4.4.1/../../../../arm-none-eabi/lib/thumb2/libc.a(lib_a-errno.o)
                0x08009900                __errno
 .text.__libc_init_array
                0x0800990c       0x4c /usr/local/bin/../lib/gcc/arm-none-eabi/4.4.1/../../../../arm-none-eabi/lib/thumb2/libc.a(lib_a-init.o)
                0x0800990c                __libc_init_array
 .text.isalnum  0x08009958       0x14 /usr/local/bin/../lib/gcc/arm-none-eabi/4.4.1/../../../../arm-none-eabi/lib/thumb2/libc.a(lib_a-isalnum.o)
                0x08009958                isalnum
 .text.isspace  0x0800996c       0x14 /usr/local/bin/../lib/gcc/arm-none-eabi/4.4.1/../../../../arm-none-eabi/lib/thumb2/libc.a(lib_a-isspace.o)
                0x0800996c                isspace
 .text.free     0x08009980       0x10 /usr/local/bin/../lib/gcc/arm-none-eabi/4.4.1/../../../../arm-none-eabi/lib/thumb2/libc.a(lib_a-malloc.o)
                0x08009980                free
 .text.malloc   0x08009990       0x10 /usr/local/bin/../lib/gcc/arm-none-eabi/4.4.1/../../../../arm-none-eabi/lib/thumb2/libc.a(lib_a-malloc.o)
                0x08009990                malloc
 .text._malloc_r
                0x080099a0      0x424 /usr/local/bin/../lib/gcc/arm-none-eabi/4.4.1/../../../../arm-none-eabi/lib/thumb2/libc.a(lib_a-mallocr.o)
                0x080099a0                _malloc_r
 .text.memcpy   0x08009dc4       0x1a /usr/local/bin/../lib/gcc/arm-none-eabi/4.4.1/../../../../arm-none-eabi/lib/thumb2/libc.a(lib_a-memcpy.o)
                0x08009dc4                memcpy
 .text.memset   0x08009dde       0x12 /usr/local/bin/../lib/gcc/arm-none-eabi/4.4.1/../../../../arm-none-eabi/lib/thumb2/libc.a(lib_a-memset.o)
                0x08009dde                memset
 .text.__malloc_lock
                0x08009df0        0x2 /usr/local/bin/../lib/gcc/arm-none-eabi/4.4.1/../../../../arm-none-eabi/lib/thumb2/libc.a(lib_a-mlock.o)
                0x08009df0                __malloc_lock
 .text.__malloc_unlock
                0x08009df2        0x2 /usr/local/bin/../lib/gcc/arm-none-eabi/4.4.1/../../../../arm-none-eabi/lib/thumb2/libc.a(lib_a-mlock.o)
                0x08009df2                __malloc_unlock
 .text._sbrk_r  0x08009df4       0x24 /usr/local/bin/../lib/gcc/arm-none-eabi/4.4.1/../../../../arm-none-eabi/lib/thumb2/libc.a(lib_a-sbrkr.o)
                0x08009df4                _sbrk_r
 .text.strchr   0x08009e18       0x18 /usr/local/bin/../lib/gcc/arm-none-eabi/4.4.1/../../../../arm-none-eabi/lib/thumb2/libc.a(lib_a-strchr.o)
                0x08009e18                strchr
 .text.strcmp   0x08009e30       0x16 /usr/local/bin/../lib/gcc/arm-none-eabi/4.4.1/../../../../arm-none-eabi/lib/thumb2/libc.a(lib_a-strcmp.o)
                0x08009e30                strcmp
 .text.strcpy   0x08009e46       0x10 /usr/local/bin/../lib/gcc/arm-none-eabi/4.4.1/../../../../arm-none-eabi/lib/thumb2/libc.a(lib_a-strcpy.o)
                0x08009e46                strcpy
 .text.strlen   0x08009e56       0x10 /usr/local/bin/../lib/gcc/arm-none-eabi/4.4.1/../../../../arm-none-eabi/lib/thumb2/libc.a(lib_a-strlen.o)
                0x08009e56                strlen
 .text.strncat  0x08009e66       0x26 /usr/local/bin/../lib/gcc/arm-none-eabi/4.4.1/../../../../arm-none-eabi/lib/thumb2/libc.a(lib_a-strncat.o)
                0x08009e66                strncat
 .text.strncmp  0x08009e8c       0x2e /usr/local/bin/../lib/gcc/arm-none-eabi/4.4.1/../../../../arm-none-eabi/lib/thumb2/libc.a(lib_a-strncmp.o)
                0x08009e8c                strncmp
 .text.strncpy  0x08009eba       0x30 /usr/local/bin/../lib/gcc/arm-none-eabi/4.4.1/../../../../arm-none-eabi/lib/thumb2/libc.a(lib_a-strncpy.o)
                0x08009eba                strncpy
 .text.strrchr  0x08009eea       0x2c /usr/local/bin/../lib/gcc/arm-none-eabi/4.4.1/../../../../arm-none-eabi/lib/thumb2/libc.a(lib_a-strrchr.o)
                0x08009eea                strrchr
 .text.strstr   0x08009f16       0x28 /usr/local/bin/../lib/gcc/arm-none-eabi/4.4.1/../../../../arm-none-eabi/lib/thumb2/libc.a(lib_a-strstr.o)
                0x08009f16                strstr
 *fill*         0x08009f3e        0x2 00
 .text.strupr   0x08009f40       0x24 /usr/local/bin/../lib/gcc/arm-none-eabi/4.4.1/../../../../arm-none-eabi/lib/thumb2/libc.a(lib_a-strupr.o)
                0x08009f40                strupr
 .text._malloc_trim_r
                0x08009f64       0x98 /usr/local/bin/../lib/gcc/arm-none-eabi/4.4.1/../../../../arm-none-eabi/lib/thumb2/libc.a(lib_a-freer.o)
                0x08009f64                _malloc_trim_r
 .text._free_r  0x08009ffc      0x19c /usr/local/bin/../lib/gcc/arm-none-eabi/4.4.1/../../../../arm-none-eabi/lib/thumb2/libc.a(lib_a-freer.o)
                0x08009ffc                _free_r
 *(.plt)
 *(.gnu.warning)
 *(.glue_7t)
 .glue_7t       0x00000000        0x0 linker stubs
 *(.glue_7)
 .glue_7        0x00000000        0x0 linker stubs
 *(.vfp11_veneer)
 .vfp11_veneer  0x00000000        0x0 linker stubs
 *(.ARM.extab* .gnu.linkonce.armextab.*)
 *(.gcc_except_table)
 *(.eh_frame_hdr)
 *(.eh_frame)
                0x0800a198                . = ALIGN (0x4)
 *(.init)
 .init          0x0800a198        0x4 /usr/local/bin/../lib/gcc/arm-none-eabi/4.4.1/thumb2/crti.o
                0x0800a198                _init
 .init          0x0800a19c        0x8 /usr/local/bin/../lib/gcc/arm-none-eabi/4.4.1/thumb2/crtn.o
                0x0800a1a4                . = ALIGN (0x4)
                0x0800a1a4                __preinit_array_start = .
 *(.preinit_array)
                0x0800a1a4                __preinit_array_end = .
                0x0800a1a4                . = ALIGN (0x4)
                0x0800a1a4                __init_array_start = .
 *(SORT(.init_array.*))
 *(.init_array)
 .init_array    0x0800a1a4        0x4 /usr/local/bin/../lib/gcc/arm-none-eabi/4.4.1/thumb2/crtbegin.o
 .init_array    0x0800a1a8        0x4 build//Users/marcus/Dropbox/Studienarbeit/Sourcecode/StudienarbeitX/Library/libmaple/wirish/HardwareSerial.o
 .init_array    0x0800a1ac        0x4 build//Users/marcus/Dropbox/Studienarbeit/Sourcecode/StudienarbeitX/Library/libmaple/wirish/HardwareTimer.o
 .init_array    0x0800a1b0        0x4 build//Users/marcus/Dropbox/Studienarbeit/Sourcecode/StudienarbeitX/Library/libmaple/wirish/usb_serial.o
 .init_array    0x0800a1b4        0x4 build//Users/marcus/Dropbox/Studienarbeit/Sourcecode/StudienarbeitX/Library/libmaple/wirish/boards/maple/board.o
 .init_array    0x0800a1b8        0x8 build//Users/marcus/Dropbox/Studienarbeit/Sourcecode/StudienarbeitX/TWS-HelloWorld.o
                0x0800a1c0                __init_array_end = .
                0x0800a1c0                . = ALIGN (0x4)
 *crtbegin.o(.ctors)
 *(EXCLUDE_FILE(*crtend.o) .ctors)
 *(SORT(.ctors.*))
 *crtend.o(.ctors)
                0x0800a1c0                . = ALIGN (0x4)
 *(.fini)
 .fini          0x0800a1c0        0x4 /usr/local/bin/../lib/gcc/arm-none-eabi/4.4.1/thumb2/crti.o
                0x0800a1c0                _fini
 .fini          0x0800a1c4        0x8 /usr/local/bin/../lib/gcc/arm-none-eabi/4.4.1/thumb2/crtn.o
                0x0800a1cc                . = ALIGN (0x4)
                0x0800a1cc                __fini_array_start = .
 *(.fini_array)
 .fini_array    0x0800a1cc        0x4 /usr/local/bin/../lib/gcc/arm-none-eabi/4.4.1/thumb2/crtbegin.o
 *(SORT(.fini_array.*))
                0x0800a1d0                __fini_array_end = .
 *crtbegin.o(.dtors)
 *(EXCLUDE_FILE(*crtend.o) .dtors)
 *(SORT(.dtors.*))
 *crtend.o(.dtors)

.v4_bx          0x0800a1d0        0x0
 .v4_bx         0x00000000        0x0 linker stubs

.text.align     0x0800a1d0        0x0
                0x0800a1d0                . = ALIGN (0x8)
                0x0800a1d0                _etext = .
                0x0800a1d0                __exidx_start = .

.ARM.exidx      0x0800a1d0        0x8
 *(.ARM.exidx* .gnu.linkonce.armexidx.*)
 .ARM.exidx     0x0800a1d0        0x8 build//Users/marcus/Dropbox/Studienarbeit/Sourcecode/StudienarbeitX/Library/libmaple/wirish/start.o
 .ARM.exidx     0x0800a1d8        0x0 /usr/local/bin/../lib/gcc/arm-none-eabi/4.4.1/thumb2/libgcc.a(_divdi3.o)
                                  0x8 (size before relaxing)
 .ARM.exidx     0x0800a1d8        0x0 /usr/local/bin/../lib/gcc/arm-none-eabi/4.4.1/thumb2/libgcc.a(_udivdi3.o)
                                  0x8 (size before relaxing)
                0x0800a1d8                __exidx_end = .

.data           0x20000c00      0xcf0 load address 0x0800a1d8
                0x20000c00                . = ALIGN (0x8)
                0x20000c00                _data = .
 *(.got.plt)
 *(.got)
 *(.data .data.* .gnu.linkonce.d.*)
 .data.exti_channels
                0x20000c00       0x80 build//Users/marcus/Dropbox/Studienarbeit/Sourcecode/StudienarbeitX/Library/libmaple/libmaple/exti.o
 .data.timer3   0x20000c80       0x24 build//Users/marcus/Dropbox/Studienarbeit/Sourcecode/StudienarbeitX/Library/libmaple/libmaple/timer.o
 .data.timer4   0x20000ca4       0x24 build//Users/marcus/Dropbox/Studienarbeit/Sourcecode/StudienarbeitX/Library/libmaple/libmaple/timer.o
 .data.TIMER1   0x20000cc8        0x4 build//Users/marcus/Dropbox/Studienarbeit/Sourcecode/StudienarbeitX/Library/libmaple/libmaple/timer.o
                0x20000cc8                TIMER1
 .data.TIMER2   0x20000ccc        0x4 build//Users/marcus/Dropbox/Studienarbeit/Sourcecode/StudienarbeitX/Library/libmaple/libmaple/timer.o
                0x20000ccc                TIMER2
 .data.TIMER3   0x20000cd0        0x4 build//Users/marcus/Dropbox/Studienarbeit/Sourcecode/StudienarbeitX/Library/libmaple/libmaple/timer.o
                0x20000cd0                TIMER3
 .data.TIMER4   0x20000cd4        0x4 build//Users/marcus/Dropbox/Studienarbeit/Sourcecode/StudienarbeitX/Library/libmaple/libmaple/timer.o
                0x20000cd4                TIMER4
 .data.timer1   0x20000cd8       0x28 build//Users/marcus/Dropbox/Studienarbeit/Sourcecode/StudienarbeitX/Library/libmaple/libmaple/timer.o
 .data.timer2   0x20000d00       0x24 build//Users/marcus/Dropbox/Studienarbeit/Sourcecode/StudienarbeitX/Library/libmaple/libmaple/timer.o
 .data.USBLIB   0x20000d24        0x4 build//Users/marcus/Dropbox/Studienarbeit/Sourcecode/StudienarbeitX/Library/libmaple/libmaple/usb/stm32f1/usb.o
                0x20000d24                USBLIB
 .data.usblib   0x20000d28       0x10 build//Users/marcus/Dropbox/Studienarbeit/Sourcecode/StudienarbeitX/Library/libmaple/libmaple/usb/stm32f1/usb.o
 .data.Device_Descriptor
                0x20000d38        0x8 build//Users/marcus/Dropbox/Studienarbeit/Sourcecode/StudienarbeitX/Library/libmaple/libmaple/usb/stm32f1/usb_cdcacm.o
                0x20000d38                Device_Descriptor
 .data.Config_Descriptor
                0x20000d40        0x8 build//Users/marcus/Dropbox/Studienarbeit/Sourcecode/StudienarbeitX/Library/libmaple/libmaple/usb/stm32f1/usb_cdcacm.o
                0x20000d40                Config_Descriptor
 .data.User_Standard_Requests
                0x20000d48       0x24 build//Users/marcus/Dropbox/Studienarbeit/Sourcecode/StudienarbeitX/Library/libmaple/libmaple/usb/stm32f1/usb_cdcacm.o
                0x20000d48                User_Standard_Requests
 .data.ep_int_in
                0x20000d6c       0x1c build//Users/marcus/Dropbox/Studienarbeit/Sourcecode/StudienarbeitX/Library/libmaple/libmaple/usb/stm32f1/usb_cdcacm.o
 .data.ep_int_out
                0x20000d88       0x1c build//Users/marcus/Dropbox/Studienarbeit/Sourcecode/StudienarbeitX/Library/libmaple/libmaple/usb/stm32f1/usb_cdcacm.o
 .data.maxNewBytes
                0x20000da4        0x4 build//Users/marcus/Dropbox/Studienarbeit/Sourcecode/StudienarbeitX/Library/libmaple/libmaple/usb/stm32f1/usb_cdcacm.o
                0x20000da4                maxNewBytes
 .data.line_coding
                0x20000da8        0x8 build//Users/marcus/Dropbox/Studienarbeit/Sourcecode/StudienarbeitX/Library/libmaple/libmaple/usb/stm32f1/usb_cdcacm.o
                0x20000da8                line_coding
 .data.String_Descriptor
                0x20000db0       0x18 build//Users/marcus/Dropbox/Studienarbeit/Sourcecode/StudienarbeitX/Library/libmaple/libmaple/usb/stm32f1/usb_cdcacm.o
                0x20000db0                String_Descriptor
 .data.Device_Property
                0x20000dc8       0x30 build//Users/marcus/Dropbox/Studienarbeit/Sourcecode/StudienarbeitX/Library/libmaple/libmaple/usb/stm32f1/usb_cdcacm.o
                0x20000dc8                Device_Property
 .data.Device_Table
                0x20000df8        0x4 build//Users/marcus/Dropbox/Studienarbeit/Sourcecode/StudienarbeitX/Library/libmaple/libmaple/usb/stm32f1/usb_cdcacm.o
                0x20000df8                Device_Table
 .data.adc1     0x20000dfc        0x8 build//Users/marcus/Dropbox/Studienarbeit/Sourcecode/StudienarbeitX/Library/libmaple/libmaple/stm32f1/adc.o
 .data.adc2     0x20000e04        0x8 build//Users/marcus/Dropbox/Studienarbeit/Sourcecode/StudienarbeitX/Library/libmaple/libmaple/stm32f1/adc.o
 .data.ADC1     0x20000e0c        0x4 build//Users/marcus/Dropbox/Studienarbeit/Sourcecode/StudienarbeitX/Library/libmaple/libmaple/stm32f1/adc.o
                0x20000e0c                ADC1
 .data.ADC2     0x20000e10        0x4 build//Users/marcus/Dropbox/Studienarbeit/Sourcecode/StudienarbeitX/Library/libmaple/libmaple/stm32f1/adc.o
                0x20000e10                ADC2
 .data.DMA1     0x20000e14        0x4 build//Users/marcus/Dropbox/Studienarbeit/Sourcecode/StudienarbeitX/Library/libmaple/libmaple/stm32f1/dma.o
                0x20000e14                DMA1
 .data.dma1     0x20000e18       0x40 build//Users/marcus/Dropbox/Studienarbeit/Sourcecode/StudienarbeitX/Library/libmaple/libmaple/stm32f1/dma.o
 .data.gpioa    0x20000e58        0x8 build//Users/marcus/Dropbox/Studienarbeit/Sourcecode/StudienarbeitX/Library/libmaple/libmaple/stm32f1/gpio.o
                0x20000e58                gpioa
 .data.gpiob    0x20000e60        0x8 build//Users/marcus/Dropbox/Studienarbeit/Sourcecode/StudienarbeitX/Library/libmaple/libmaple/stm32f1/gpio.o
                0x20000e60                gpiob
 .data.gpioc    0x20000e68        0x8 build//Users/marcus/Dropbox/Studienarbeit/Sourcecode/StudienarbeitX/Library/libmaple/libmaple/stm32f1/gpio.o
                0x20000e68                gpioc
 .data.gpiod    0x20000e70        0x8 build//Users/marcus/Dropbox/Studienarbeit/Sourcecode/StudienarbeitX/Library/libmaple/libmaple/stm32f1/gpio.o
                0x20000e70                gpiod
 .data.i2c1     0x20000e78       0x24 build//Users/marcus/Dropbox/Studienarbeit/Sourcecode/StudienarbeitX/Library/libmaple/libmaple/stm32f1/i2c.o
 .data.i2c2     0x20000e9c       0x24 build//Users/marcus/Dropbox/Studienarbeit/Sourcecode/StudienarbeitX/Library/libmaple/libmaple/stm32f1/i2c.o
 .data.enable_regs.1593
                0x20000ec0        0xc build//Users/marcus/Dropbox/Studienarbeit/Sourcecode/StudienarbeitX/Library/libmaple/libmaple/stm32f1/rcc.o
 .data.reset_regs.1597
                0x20000ecc        0x8 build//Users/marcus/Dropbox/Studienarbeit/Sourcecode/StudienarbeitX/Library/libmaple/libmaple/stm32f1/rcc.o
 .data.spi1     0x20000ed4        0x8 build//Users/marcus/Dropbox/Studienarbeit/Sourcecode/StudienarbeitX/Library/libmaple/libmaple/stm32f1/spi.o
 .data.spi2     0x20000edc        0x8 build//Users/marcus/Dropbox/Studienarbeit/Sourcecode/StudienarbeitX/Library/libmaple/libmaple/stm32f1/spi.o
 .data.SPI1     0x20000ee4        0x4 build//Users/marcus/Dropbox/Studienarbeit/Sourcecode/StudienarbeitX/Library/libmaple/libmaple/stm32f1/spi.o
                0x20000ee4                SPI1
 .data.SPI2     0x20000ee8        0x4 build//Users/marcus/Dropbox/Studienarbeit/Sourcecode/StudienarbeitX/Library/libmaple/libmaple/stm32f1/spi.o
                0x20000ee8                SPI2
 .data.USART1   0x20000eec        0x4 build//Users/marcus/Dropbox/Studienarbeit/Sourcecode/StudienarbeitX/Library/libmaple/libmaple/stm32f1/usart.o
                0x20000eec                USART1
 .data.USART2   0x20000ef0        0x4 build//Users/marcus/Dropbox/Studienarbeit/Sourcecode/StudienarbeitX/Library/libmaple/libmaple/stm32f1/usart.o
                0x20000ef0                USART2
 .data.USART3   0x20000ef4        0x4 build//Users/marcus/Dropbox/Studienarbeit/Sourcecode/StudienarbeitX/Library/libmaple/libmaple/stm32f1/usart.o
                0x20000ef4                USART3
 .data.usart1   0x20000ef8       0x50 build//Users/marcus/Dropbox/Studienarbeit/Sourcecode/StudienarbeitX/Library/libmaple/libmaple/stm32f1/usart.o
 .data.usart2   0x20000f48       0x50 build//Users/marcus/Dropbox/Studienarbeit/Sourcecode/StudienarbeitX/Library/libmaple/libmaple/stm32f1/usart.o
 .data.usart3   0x20000f98       0x50 build//Users/marcus/Dropbox/Studienarbeit/Sourcecode/StudienarbeitX/Library/libmaple/libmaple/stm32f1/usart.o
 .data._ZN6wirish4privL8pll_dataE
                0x20000fe8        0x4 build//Users/marcus/Dropbox/Studienarbeit/Sourcecode/StudienarbeitX/Library/libmaple/wirish/stm32f1/boards_setup.o
 .data._ZN6wirish4priv9w_adc_smpE
                0x20000fec        0x1 build//Users/marcus/Dropbox/Studienarbeit/Sourcecode/StudienarbeitX/Library/libmaple/wirish/stm32f1/boards_setup.o
                0x20000fec                _ZN6wirish4priv9w_adc_smpE
 *fill*         0x20000fed        0x1 00
 .data._ZN6wirish4priv9w_adc_preE